Archive member included to satisfy reference by file (symbol)

obj_cooja/mtype56.a(sixtop.o)
                              benchmark_app.co (sixtop_add_sf)
obj_cooja/mtype56.a(sfsb.o)   benchmark_app.co (sfsb_bl_send)
obj_cooja/mtype56.a(blacklist.o)
                              obj_cooja/mtype56.a(sfsb.o) (sfsb_bl_init)
obj_cooja/mtype56.a(neighbors.o)
                              obj_cooja/mtype56.a(sfsb.o) (sfsb_nbr_init)
obj_cooja/mtype56.a(simEnvChange.o)
                              obj_cooja/mtype56.o (simDontFallAsleep)
obj_cooja/mtype56.a(cooja_mt.o)
                              obj_cooja/mtype56.o (cooja_mt_start)
obj_cooja/mtype56.a(cooja_mtarch.o)
                              obj_cooja/mtype56.a(cooja_mt.o) (cooja_mtarch_init)
obj_cooja/mtype56.a(rtimer-arch.o)
                              obj_cooja/mtype56.o (rtimer_arch_check)
obj_cooja/mtype56.a(watchdog.o)
                              obj_cooja/contikimac.o (watchdog_periodic)
obj_cooja/mtype56.a(beep.o)   obj_cooja/mtype56.o (beep_interface)
obj_cooja/mtype56.a(button-sensor.o)
                              obj_cooja/mtype56.o (button_interface)
obj_cooja/mtype56.a(leds-arch.o)
                              obj_cooja/mtype56.o (leds_interface)
obj_cooja/mtype56.a(moteid.o)
                              obj_cooja/mtype56.o (moteid_interface)
obj_cooja/mtype56.a(pir-sensor.o)
                              obj_cooja/mtype56.o (pir_interface)
obj_cooja/mtype56.a(rs232.o)  obj_cooja/mtype56.o (rs232_interface)
obj_cooja/mtype56.a(vib-sensor.o)
                              obj_cooja/mtype56.o (vib_interface)
obj_cooja/mtype56.a(clock.o)  obj_cooja/mtype56.o (clock_interface)
obj_cooja/mtype56.a(log.o)    obj_cooja/mtype56.o (simlog_interface)
obj_cooja/mtype56.a(cfs-cooja.o)
                              obj_cooja/mtype56.o (cfs_interface)
obj_cooja/mtype56.a(cooja-radio.o)
                              obj_cooja/mtype56.o (radio_interface)
obj_cooja/mtype56.a(eeprom.o)
                              obj_cooja/mtype56.o (eeprom_interface)
obj_cooja/mtype56.a(random.o)
                              benchmark_app.co (random_init)
obj_cooja/mtype56.a(sensors.o)
                              obj_cooja/mtype56.o (sensors_process)
obj_cooja/mtype56.a(tsch-queue.o)
                              obj_cooja/mtype56.a(neighbors.o) (tsch_queue_get_nbr)
obj_cooja/mtype56.a(tsch-schedule.o)
                              obj_cooja/mtype56.a(sfsb.o) (tsch_schedule_get_slotframe_by_handle)
obj_cooja/mtype56.a(tsch-slot-opera)
                              obj_cooja/mtype56.a(tsch-schedule.o) (current_link)
obj_cooja/mtype56.a(tsch.o)   benchmark_app.co (tsch_hopping_sequence)
obj_cooja/mtype56.a(autostart.o)
                              obj_cooja/mtype56.o (autostart_start)
obj_cooja/mtype56.a(ctimer.o)
                              obj_cooja/mtype56.o (ctimer_init)
obj_cooja/mtype56.a(etimer.o)
                              obj_cooja/mtype56.o (etimer_process)
obj_cooja/mtype56.a(process.o)
                              obj_cooja/mtype56.a(ctimer.o) (process_current)
obj_cooja/mtype56.a(rtimer.o)
                              obj_cooja/contikimac.o (rtimer_set)
obj_cooja/mtype56.a(timer.o)  obj_cooja/mtype56.a(button-sensor.o) (timer_set)
obj_cooja/mtype56.a(serial-line.o)
                              obj_cooja/mtype56.a(rs232.o) (serial_line_input_byte)
obj_cooja/mtype56.a(assert.o)
                              obj_cooja/mtype56.a(sixtop.o) (_xassert)
obj_cooja/mtype56.a(crc16.o)  benchmark_app.co (crc16_data)
obj_cooja/mtype56.a(list.o)   obj_cooja/mtype56.a(blacklist.o) (list_init)
obj_cooja/mtype56.a(memb.o)   obj_cooja/mtype56.a(tsch-queue.o) (memb_init)
obj_cooja/mtype56.a(ringbuf.o)
                              obj_cooja/mtype56.a(serial-line.o) (ringbuf_init)
obj_cooja/mtype56.a(ringbufindex.o)
                              obj_cooja/mtype56.a(tsch-queue.o) (ringbufindex_init)
obj_cooja/mtype56.a(sicslowpan.o)
                              obj_cooja/mtype56.o (sicslowpan_driver)
obj_cooja/mtype56.a(uip-ds6-nbr.o)
                              benchmark_app.co (ds6_neighbors)
obj_cooja/mtype56.a(uip-ds6.o)
                              benchmark_app.co (uip_ds6_if)
obj_cooja/mtype56.a(uip6.o)   benchmark_app.co (uip_lladdr)
obj_cooja/mtype56.a(tcpip.o)  benchmark_app.co (tcpip_event)
obj_cooja/mtype56.a(uip-debug.o)
                              benchmark_app.co (uip_debug_ipaddr_print)
obj_cooja/mtype56.a(uip-packetqueue)
                              obj_cooja/mtype56.a(uip-ds6-nbr.o) (uip_packetqueue_new)
obj_cooja/mtype56.a(uip-udp-packet.)
                              benchmark_app.co (uip_udp_packet_sendto)
obj_cooja/mtype56.a(rpl-dag.o)
                              benchmark_app.co (rpl_set_root)
obj_cooja/mtype56.a(rpl-ext-header.)
                              obj_cooja/mtype56.a(uip6.o) (rpl_verify_hbh_header)
obj_cooja/mtype56.a(rpl-icmp6.o)
                              obj_cooja/mtype56.a(rpl-dag.o) (rpl_icmp6_update_nbr_table)
[...]
Memory Configuration

Name             Origin             Length             Attributes
*default*        0x0000000000000000 0xffffffffffffffff

Linker script and memory map

LOAD /usr/lib/gcc/i686-linux-gnu/4.8/../../../i386-linux-gnu/crti.o
LOAD /usr/lib/gcc/i686-linux-gnu/4.8/crtbeginS.o
LOAD benchmark_app.co
LOAD obj_cooja/mtype56.o
LOAD obj_cooja/idip.o
LOAD obj_cooja/statistics.o
LOAD obj_cooja/neighbor-quality.o
LOAD obj_cooja/contikimac.o
LOAD obj_cooja/contikimac-framer.o
LOAD obj_cooja/chacha.o
LOAD obj_cooja/simplesec.o
LOAD obj_cooja/mtype56.a
LOAD /usr/lib/gcc/i686-linux-gnu/4.8/libgcc.a
LOAD /usr/lib/gcc/i686-linux-gnu/4.8/libgcc_s.so
LOAD /usr/lib/gcc/i686-linux-gnu/4.8/../../../i386-linux-gnu/libc.so
START GROUP
LOAD /lib/i386-linux-gnu/libc.so.6
LOAD /usr/lib/i386-linux-gnu/libc_nonshared.a
LOAD /lib/i386-linux-gnu/ld-linux.so.2
END GROUP
LOAD /usr/lib/gcc/i686-linux-gnu/4.8/libgcc.a
LOAD /usr/lib/gcc/i686-linux-gnu/4.8/libgcc_s.so
LOAD /usr/lib/gcc/i686-linux-gnu/4.8/crtendS.o
LOAD /usr/lib/gcc/i686-linux-gnu/4.8/../../../i386-linux-gnu/crtn.o
                0x0000000000000114                . = (0x0 + SIZEOF_HEADERS)

.note.gnu.build-id
                0x0000000000000114       0x24
 *(.note.gnu.build-id)
 .note.gnu.build-id
                0x0000000000000114       0x24 /usr/lib/gcc/i686-linux-gnu/4.8/../../../i386-linux-gnu/crti.o

.hash
 *(.hash)

.gnu.hash       0x0000000000000138     0x1600
 *(.gnu.hash)
 .gnu.hash      0x0000000000000138     0x1600 /usr/lib/gcc/i686-linux-gnu/4.8/../../../i386-linux-gnu/crti.o

.dynsym         0x0000000000001738     0x3040
 *(.dynsym)
 .dynsym        0x0000000000001738     0x3040 /usr/lib/gcc/i686-linux-gnu/4.8/../../../i386-linux-gnu/crti.o

.dynstr         0x0000000000004778     0x3692
 *(.dynstr)
 .dynstr        0x0000000000004778     0x3692 /usr/lib/gcc/i686-linux-gnu/4.8/../../../i386-linux-gnu/crti.o

.gnu.version    0x0000000000007e0a      0x608
 *(.gnu.version)
 .gnu.version   0x0000000000007e0a      0x608 /usr/lib/gcc/i686-linux-gnu/4.8/../../../i386-linux-gnu/crti.o

.gnu.version_d  0x0000000000008414        0x0
 *(.gnu.version_d)
 .gnu.version_d
                0x0000000000000000        0x0 /usr/lib/gcc/i686-linux-gnu/4.8/../../../i386-linux-gnu/crti.o

.gnu.version_r  0x0000000000008414       0x40
 *(.gnu.version_r)
 .gnu.version_r
                0x0000000000008414       0x40 /usr/lib/gcc/i686-linux-gnu/4.8/../../../i386-linux-gnu/crti.o

.rel.dyn        0x0000000000008454     0xd068
 *(.rel.init)
 .rel.init      0x0000000000000000        0x0 /usr/lib/gcc/i686-linux-gnu/4.8/../../../i386-linux-gnu/crti.o
 *(.rel.text .rel.text.* .rel.gnu.linkonce.t.*)
 .rel.text      0x0000000000008454     0xc6a8 /usr/lib/gcc/i686-linux-gnu/4.8/../../../i386-linux-gnu/crti.o
 *(.rel.fini)
 .rel.fini      0x0000000000000000        0x0 /usr/lib/gcc/i686-linux-gnu/4.8/../../../i386-linux-gnu/crti.o
 *(.rel.rodata .rel.rodata.* .rel.gnu.linkonce.r.*)
 .rel.rodata    0x0000000000014afc      0x5c0 /usr/lib/gcc/i686-linux-gnu/4.8/../../../i386-linux-gnu/crti.o
 *(.rel.data.rel.ro .rel.data.rel.ro.* .rel.gnu.linkonce.d.rel.ro.*)
 *(.rel.data .rel.data.* .rel.gnu.linkonce.d.*)
 .rel.data.rel  0x00000000000150bc        0x8 /usr/lib/gcc/i686-linux-gnu/4.8/../../../i386-linux-gnu/crti.o
 .rel.data      0x00000000000150c4      0x3c0 /usr/lib/gcc/i686-linux-gnu/4.8/../../../i386-linux-gnu/crti.o
 *(.rel.tdata .rel.tdata.* .rel.gnu.linkonce.td.*)
 *(.rel.tbss .rel.tbss.* .rel.gnu.linkonce.tb.*)
 *(.rel.ctors)
 *(.rel.dtors)
 *(.rel.got)
 .rel.got       0x0000000000015484       0x28 /usr/lib/gcc/i686-linux-gnu/4.8/../../../i386-linux-gnu/crti.o
 *(.rel.bss .rel.bss.* .rel.gnu.linkonce.b.*)
 *(.rel.ifunc)
 .rel.ifunc     0x0000000000000000        0x0 /usr/lib/gcc/i686-linux-gnu/4.8/../../../i386-linux-gnu/crti.o
 .rel.fini_array
                0x00000000000154ac        0x8 /usr/lib/gcc/i686-linux-gnu/4.8/../../../i386-linux-gnu/crti.o
 .rel.init_array
                0x00000000000154b4        0x8 /usr/lib/gcc/i686-linux-gnu/4.8/../../../i386-linux-gnu/crti.o

.rel.plt        0x00000000000154bc       0x10
 *(.rel.plt)
 .rel.plt       0x00000000000154bc       0x10 /usr/lib/gcc/i686-linux-gnu/4.8/../../../i386-linux-gnu/crti.o
 *(.rel.iplt)

.init           0x00000000000154cc       0x23
 *(SORT(.init))
 .init          0x00000000000154cc       0x1e /usr/lib/gcc/i686-linux-gnu/4.8/../../../i386-linux-gnu/crti.o
                0x00000000000154cc                _init
 .init          0x00000000000154ea        0x5 /usr/lib/gcc/i686-linux-gnu/4.8/../../../i386-linux-gnu/crtn.o

.plt            0x00000000000154f0       0x30
 *(.plt)
 .plt           0x00000000000154f0       0x30 /usr/lib/gcc/i686-linux-gnu/4.8/../../../i386-linux-gnu/crti.o
 *(.iplt)

.text           0x0000000000015520    0x23164
 *(.text.unlikely .text.*_unlikely .text.unlikely.*)
 *(.text.exit .text.exit.*)
 *(.text.startup .text.startup.*)
 *(.text.hot .text.hot.*)
 *(.text .stub .text.* .gnu.linkonce.t.*)
 .text          0x0000000000015520        0x0 /usr/lib/gcc/i686-linux-gnu/4.8/../../../i386-linux-gnu/crti.o
 .gnu.linkonce.t.__x86.get_pc_thunk.bx
                0x0000000000015520        0x4 /usr/lib/gcc/i686-linux-gnu/4.8/../../../i386-linux-gnu/crti.o
                0x0000000000015520                __x86.get_pc_thunk.bx
 *fill*         0x0000000000015524        0xc 
 .text          0x0000000000015530      0x11b /usr/lib/gcc/i686-linux-gnu/4.8/crtbeginS.o
 .text          0x000000000001564b      0xe77 benchmark_app.co
                0x0000000000015665                print_neighbor_table
 .text          0x00000000000164c2      0x68d obj_cooja/mtype56.o
                0x00000000000165f8                contiki_init
                0x00000000000169e7                Java_org_contikios_cooja_corecomm_Lib1_init
                0x0000000000016a27                Java_org_contikios_cooja_corecomm_Lib1_getMemory
                0x0000000000016a67                Java_org_contikios_cooja_corecomm_Lib1_setMemory
                0x0000000000016ade                Java_org_contikios_cooja_corecomm_Lib1_tick
                0x0000000000016b3d                Java_org_contikios_cooja_corecomm_Lib1_setReferenceAddress
 .text          0x0000000000016b4f      0x3c8 obj_cooja/idip.o
                0x0000000000016b4f                initIdIp
                0x0000000000016ba4                addIpAddress
                0x0000000000016c9c                getIpAddress
                0x0000000000016d86                getId
                0x0000000000016e0d                removeByAddress
                0x0000000000016e9a                removeById
 .text          0x0000000000016f17       0xcb obj_cooja/statistics.o
                0x0000000000016f17                statistics_reset
                0x0000000000016f40                statistics_add
                0x0000000000016f5c                statistics_set
                0x0000000000016f6e                statistics_get
                0x0000000000016f86                statistics_print
 .text          0x0000000000016fe2      0x1dd obj_cooja/neighbor-quality.o
                0x00000000000170a5                neighbor_quality_save
                0x00000000000170f1                custom_ipv6_neighbor_callback
                0x0000000000017188                neighbor_quality_get
 .text          0x00000000000171bf      0xe6e obj_cooja/contikimac.o
                0x0000000000018023                contikimac_debug_print
 .text          0x000000000001802d      0x151 obj_cooja/contikimac-framer.o
 .text          0x000000000001817e      0x6ac obj_cooja/chacha.o
                0x0000000000018548                ECRYPT_init
                0x000000000001854e                ECRYPT_keysetup
                0x00000000000185ff                ECRYPT_ivsetup
                0x000000000001862f                ECRYPT_encrypt_bytes
                0x0000000000018734                ECRYPT_encrypt_byte
                0x00000000000187ba                ECRYPT_decrypt_bytes
                0x00000000000187e2                ECRYPT_keystream_bytes
 .text          0x000000000001882a      0x394 obj_cooja/simplesec.o
                0x0000000000018871                set_mic
                0x0000000000018882                set_key
 .text          0x0000000000018bbe      0x63d obj_cooja/mtype56.a(sixtop.o)
                0x0000000000018c37                strip_payload_termination_ie
                0x0000000000018c6a                sixtop_add_sf
                0x0000000000018d5d                sixtop_find_sf
                0x0000000000018daf                sixtop_output
                0x0000000000018fe6                sixtop_input
                0x000000000001917f                sixtop_init
                0x00000000000191b2                sixtop_init_sf
 .text          0x00000000000191fb     0x14de obj_cooja/mtype56.a(sfsb.o)
                0x00000000000191fb                sfsb_new_nbr
                0x0000000000019d05                sfsb_bl_send
                0x000000000001a191                sfsb_add_links
                0x000000000001a4a0                sfsb_remove_links
 .text          0x000000000001a6d9      0x8f5 obj_cooja/mtype56.a(blacklist.o)
                0x000000000001a6d9                sfsb_bl_init
                0x000000000001a70e                sfsb_bl_check
                0x000000000001a7f7                sfsb_bl_add_update
                0x000000000001a82b                sfsb_bl_generic_add_update
                0x000000000001a924                sfsb_bl_get
                0x000000000001a948                sfsb_bl_generic_get
                0x000000000001a990                sfsb_bl_update
                0x000000000001aa11                sfsb_bl_remove
                0x000000000001aa35                sfsb_bl_generic_remove
                0x000000000001aa89                sfsb_bl_callback_delete
                0x000000000001aab6                sfsb_bl_pack
                0x000000000001ab83                sfsb_bl_unpack
                0x000000000001acdc                sfsb_bl_updated
                0x000000000001ad98                sfsb_bl_notify_process
                0x000000000001aeaa                sfsb_bl_set_lifetime
                0x000000000001aedc                sfsb_bl_print
 .text          0x000000000001afce      0x1c2 obj_cooja/mtype56.a(neighbors.o)
                0x000000000001afce                sfsb_nbr_init
                0x000000000001afef                sfsb_nbr_add
                0x000000000001b067                sfsb_nbr_remove
                0x000000000001b0a9                sfsb_nbr_get
                0x000000000001b0fa                sfsb_nbr_num_dedi_links
                0x000000000001b127                sfsb_nbr_num_links
                0x000000000001b154                sfsb_nbr_do_per_nbr
 .text          0x000000000001b190       0x63 obj_cooja/mtype56.a(simEnvChange.o)
                0x000000000001b190                doActionsBeforeTick
                0x000000000001b1c1                doActionsAfterTick
 .text          0x000000000001b1f3       0xbc obj_cooja/mtype56.a(cooja_mt.o)
                0x000000000001b1f3                cooja_mt_init
                0x000000000001b200                cooja_mt_remove
                0x000000000001b20d                cooja_mt_start
                0x000000000001b23a                cooja_mt_exec
                0x000000000001b26b                cooja_mt_exit
                0x000000000001b28d                cooja_mt_yield
 .text          0x000000000001b2af      0x115 obj_cooja/mtype56.a(cooja_mtarch.o)
                0x000000000001b2af                cooja_mtarch_init
                0x000000000001b2b4                cooja_mtarch_start
                0x000000000001b32f                cooja_sw
                0x000000000001b351                cooja_mtarch_exec
                0x000000000001b36d                cooja_mtarch_remove
                0x000000000001b372                cooja_mtarch_yield
                0x000000000001b37c                cooja_mtarch_pstop
                0x000000000001b381                cooja_mtarch_pstart
                0x000000000001b386                cooja_mtarch_stack_usage
 .text          0x000000000001b3c4       0xc3 obj_cooja/mtype56.a(rtimer-arch.o)
                0x000000000001b3c4                rtimer_arch_init
                0x000000000001b3e7                rtimer_arch_schedule
                0x000000000001b416                rtimer_arch_next
                0x000000000001b426                rtimer_arch_pending
                0x000000000001b430                rtimer_arch_check
                0x000000000001b477                rtimer_arch_now
 .text          0x000000000001b487       0x19 obj_cooja/mtype56.a(watchdog.o)
                0x000000000001b487                watchdog_init
                0x000000000001b48c                watchdog_start
                0x000000000001b491                watchdog_periodic
                0x000000000001b496                watchdog_stop
                0x000000000001b49b                watchdog_reboot
 .text          0x000000000001b4a0       0x76 obj_cooja/mtype56.a(beep.o)
                0x000000000001b4a0                beep_alarm
                0x000000000001b4ac                beep_beep
                0x000000000001b4b8                beep
                0x000000000001b4c4                beep_down
                0x000000000001b4d0                beep_on
                0x000000000001b4dc                beep_off
                0x000000000001b4e8                beep_spinup
                0x000000000001b4f4                beep_quick
                0x000000000001b500                beep_long
 .text          0x000000000001b516      0x103 obj_cooja/mtype56.a(button-sensor.o)
 .text          0x000000000001b619       0x45 obj_cooja/mtype56.a(leds-arch.o)
                0x000000000001b619                leds_arch_init
                0x000000000001b625                leds_arch_get
                0x000000000001b631                leds_arch_set
 .text          0x000000000001b65e       0x2f obj_cooja/mtype56.a(moteid.o)
 .text          0x000000000001b68d       0xb1 obj_cooja/mtype56.a(pir-sensor.o)
 .text          0x000000000001b73e      0x131 obj_cooja/mtype56.a(rs232.o)
                0x000000000001b73e                rs232_init
                0x000000000001b743                rs232_set_speed
                0x000000000001b751                rs232_set_input
                0x000000000001b75e                rs232_send
                0x000000000001b780                rs232_print
                0x000000000001b79b                slip_arch_writeb
 .text          0x000000000001b86f       0xb1 obj_cooja/mtype56.a(vib-sensor.o)
 .text          0x000000000001b920       0x34 obj_cooja/mtype56.a(clock.o)
                0x000000000001b920                clock_init
                0x000000000001b925                clock_time
                0x000000000001b92f                clock_seconds
                0x000000000001b945                clock_delay
 .text          0x000000000001b954      0x1ed obj_cooja/mtype56.a(log.o)
                0x000000000001b954                simlog_char
                0x000000000001b996                simlog
                0x000000000001ba03                log_message
                0x000000000001ba2b                log_set_putchar_with_slip
                0x000000000001ba38                log_putchar
                0x000000000001babc                log_puts
                0x000000000001bae0                log_printf
 .text          0x000000000001bb41      0x2c4 obj_cooja/mtype56.a(cfs-cooja.o)
                0x000000000001bb41                cfs_open
                0x000000000001bbaa                cfs_close
                0x000000000001bbb6                cfs_read
                0x000000000001bc54                cfs_write
                0x000000000001bd31                cfs_seek
                0x000000000001bdb9                cfs_remove
                0x000000000001bde2                cfs_opendir
                0x000000000001bdec                cfs_readdir
                0x000000000001bdf6                cfs_closedir
 .text          0x000000000001be05      0x614 obj_cooja/mtype56.a(cooja-radio.o)
                0x000000000001be6d                radio_set_channel
                0x000000000001be7a                radio_set_txpower
                0x000000000001be91                radio_signal_strength_last
                0x000000000001be9b                radio_signal_strength_current
                0x000000000001bea5                radio_LQI
 .text          0x000000000001c419       0xef obj_cooja/mtype56.a(eeprom.o)
                0x000000000001c419                eeprom_init
                0x000000000001c41e                eeprom_read
                0x000000000001c48e                eeprom_write
 .text          0x000000000001c508       0x28 obj_cooja/mtype56.a(random.o)
                0x000000000001c508                random_init
                0x000000000001c523                random_rand
 .text          0x000000000001c530      0x2a1 obj_cooja/mtype56.a(sensors.o)
                0x000000000001c56b                sensors_first
                0x000000000001c575                sensors_next
                0x000000000001c592                sensors_changed
                0x000000000001c5c1                sensors_find
 .text          0x000000000001c7d1      0xaf8 obj_cooja/mtype56.a(tsch-queue.o)
                0x000000000001c7d1                tsch_queue_add_nbr
                0x000000000001c8f3                tsch_queue_get_nbr
                0x000000000001c94d                tsch_queue_get_time_source
                0x000000000001c999                tsch_queue_update_time_source
                0x000000000001cae7                tsch_queue_get_nbr_head
                0x000000000001cc66                tsch_queue_add_packet
                0x000000000001ce12                tsch_queue_packet_count
                0x000000000001ce53                tsch_queue_remove_packet_from_queue
                0x000000000001cee1                tsch_queue_free_packet
                0x000000000001cf0f                tsch_queue_reset
                0x000000000001cf62                tsch_queue_free_unused_neighbors
                0x000000000001cfda                tsch_queue_is_empty
                0x000000000001d00f                tsch_queue_get_packet_for_nbr
                0x000000000001d08f                tsch_queue_get_packet_for_dest_addr
                0x000000000001d0c1                tsch_queue_get_unicast_packet_for_any
                0x000000000001d148                tsch_queue_backoff_expired
                0x000000000001d15c                tsch_queue_backoff_reset
                0x000000000001d16f                tsch_queue_backoff_inc
                0x000000000001d1d9                tsch_queue_update_all_backoff_windows
                0x000000000001d27a                tsch_queue_init
 .text          0x000000000001d2c9      0xaf5 obj_cooja/mtype56.a(tsch-schedule.o)
                0x000000000001d2c9                tsch_schedule_add_slotframe
                0x000000000001d3d0                tsch_schedule_remove_all_slotframes
                0x000000000001d40b                tsch_schedule_remove_slotframe
                0x000000000001d4b1                tsch_schedule_get_slotframe_by_handle
                0x000000000001d506                tsch_schedule_get_link_by_handle
                0x000000000001d582                tsch_schedule_add_link
                0x000000000001d752                tsch_schedule_remove_link
                0x000000000001d8e8                tsch_schedule_remove_link_by_timeslot
                0x000000000001d92f                tsch_schedule_get_link_by_timeslot
                0x000000000001d990                tsch_schedule_get_next_active_link
                0x000000000001dba6                tsch_schedule_init
                0x000000000001dbed                tsch_schedule_create_minimal
                0x000000000001dcaa                tsch_schedule_print
 .text          0x000000000001ddbe     0x1cfb obj_cooja/mtype56.a(tsch-slot-opera)
                0x000000000001ddbe                printRxSlotTimings
                0x000000000001ddc3                printTxSlotTimings
                0x000000000001ddc8                tsch_is_locked
                0x000000000001ddd2                tsch_get_lock
                0x000000000001deeb                tsch_release_lock
                0x000000000001defa                tsch_calculate_channel
                0x000000000001f94c                tsch_slot_operation_start
                0x000000000001fa61                tsch_slot_operation_sync
 .text          0x000000000001fab9     0x193a obj_cooja/mtype56.a(tsch.o)
                0x000000000001fb4c                tsch_set_coordinator
                0x000000000001fb68                tsch_set_pan_secured
                0x000000000001fb77                tsch_set_join_priority
                0x000000000001fb8e                tsch_set_ka_timeout
                0x000000000001fb9b                tsch_set_eb_period
                0x000000000001fbb5                tsch_set_minimal_schedule_length
                0x000000000001fd42                tsch_schedule_keepalive
                0x00000000000201de                tsch_disassociate
                0x000000000002079e                tsch_scan
 .text          0x00000000000213f3       0x8e obj_cooja/mtype56.a(autostart.o)
                0x00000000000213f3                autostart_start
                0x000000000002143e                autostart_exit
 .text          0x0000000000021481      0x334 obj_cooja/mtype56.a(ctimer.o)
                0x0000000000021598                ctimer_init
                0x00000000000215c8                ctimer_set
                0x00000000000215f9                ctimer_set_with_process
                0x0000000000021675                ctimer_reset
                0x00000000000216c4                ctimer_restart
                0x0000000000021713                ctimer_stop
                0x000000000002175e                ctimer_expired
 .text          0x00000000000217b5      0x40b obj_cooja/mtype56.a(etimer.o)
                0x00000000000219c8                etimer_request_poll
                0x0000000000021a4c                etimer_set
                0x0000000000021a71                etimer_reset_with_new_interval
                0x0000000000021a98                etimer_reset
                0x0000000000021ab6                etimer_restart
                0x0000000000021ad4                etimer_adjust
                0x0000000000021af0                etimer_expired
                0x0000000000021b03                etimer_expiration_time
                0x0000000000021b15                etimer_start_time
                0x0000000000021b1f                etimer_pending
                0x0000000000021b31                etimer_next_expiration_time
                0x0000000000021b4b                etimer_stop
 .text          0x0000000000021bc0      0x51a obj_cooja/mtype56.a(process.o)
                0x0000000000021bc0                process_alloc_event
                0x0000000000021bd5                process_start
                0x0000000000021dbe                process_exit
                0x0000000000021dda                process_init
                0x0000000000021f7c                process_run
                0x0000000000021faf                process_nevents
                0x0000000000021fca                process_post
                0x000000000002205f                process_post_synch
                0x0000000000022097                process_poll
                0x00000000000220c6                process_is_running
 .text          0x00000000000220da       0xe6 obj_cooja/mtype56.a(rtimer.o)
                0x00000000000220da                rtimer_init
                0x00000000000220e7                rtimer_set
                0x0000000000022163                rtimer_run_next
 .text          0x00000000000221c0       0x91 obj_cooja/mtype56.a(timer.o)
                0x00000000000221c0                timer_set
                0x00000000000221db                timer_reset
                0x00000000000221f2                timer_restart
                0x0000000000022204                timer_expired
                0x000000000002222d                timer_remaining
 .text          0x0000000000022251      0x1fb obj_cooja/mtype56.a(serial-line.o)
                0x0000000000022251                serial_line_input_byte
                0x0000000000022414                serial_line_init
 .text          0x000000000002244c       0x22 obj_cooja/mtype56.a(assert.o)
                0x000000000002244c                _xassert
 .text          0x000000000002246e       0xbd obj_cooja/mtype56.a(crc16.o)
                0x000000000002246e                crc16_add
                0x00000000000224e2                crc16_data
 .text          0x000000000002252b      0x244 obj_cooja/mtype56.a(list.o)
                0x000000000002252b                list_init
                0x0000000000022539                list_head
                0x0000000000022543                list_copy
                0x0000000000022552                list_tail
                0x0000000000022588                list_add
                0x00000000000225d1                list_push
                0x00000000000225fd                list_chop
                0x0000000000022667                list_pop
                0x000000000002268f                list_remove
                0x00000000000226f6                list_length
                0x0000000000022724                list_insert
                0x0000000000022758                list_item_next
 .text          0x000000000002276f      0x1c1 obj_cooja/mtype56.a(memb.o)
                0x000000000002276f                memb_init
                0x00000000000227cd                memb_alloc
                0x0000000000022832                memb_free
                0x00000000000228ad                memb_inmemb
                0x00000000000228ec                memb_numfree
 .text          0x0000000000022930      0x155 obj_cooja/mtype56.a(ringbuf.o)
                0x0000000000022930                ringbuf_init
                0x0000000000022961                ringbuf_put
                0x00000000000229df                ringbuf_get
                0x0000000000022a4c                ringbuf_size
                0x0000000000022a5e                ringbuf_elements
 .text          0x0000000000022a85      0x1eb obj_cooja/mtype56.a(ringbufindex.o)
                0x0000000000022a85                ringbufindex_init
                0x0000000000022aad                ringbufindex_put
                0x0000000000022b08                ringbufindex_peek_put
                0x0000000000022b4c                ringbufindex_get
                0x0000000000022bac                ringbufindex_peek_get
                0x0000000000022be7                ringbufindex_size
                0x0000000000022bf8                ringbufindex_elements
                0x0000000000022c1e                ringbufindex_full
                0x0000000000022c55                ringbufindex_empty
 .text          0x0000000000022c70     0x259f obj_cooja/mtype56.a(sicslowpan.o)
                0x00000000000231fa                rime_sniffer_add
                0x0000000000023207                rime_sniffer_remove
                0x00000000000251ae                sicslowpan_init
                0x0000000000025205                sicslowpan_get_last_rssi
 .text          0x000000000002520f      0x2b6 obj_cooja/mtype56.a(uip-ds6-nbr.o)
                0x000000000002522c                uip_ds6_neighbors_init
                0x000000000002524e                uip_ds6_nbr_add
                0x00000000000252d6                uip_ds6_nbr_rm
                0x0000000000025318                uip_ds6_nbr_get_ipaddr
                0x000000000002532d                uip_ds6_nbr_get_ll
                0x0000000000025349                uip_ds6_nbr_num
                0x000000000002538e                uip_ds6_nbr_lookup
                0x00000000000253f3                uip_ds6_nbr_ll_lookup
                0x000000000002540f                uip_ds6_nbr_ipaddr_from_lladdr
                0x0000000000025435                uip_ds6_nbr_lladdr_from_ipaddr
                0x0000000000025463                uip_ds6_link_neighbor_callback
 .text          0x00000000000254c5      0xb97 obj_cooja/mtype56.a(uip-ds6.o)
                0x00000000000254c5                uip_ds6_init
                0x0000000000025698                uip_ds6_periodic
                0x0000000000025711                uip_ds6_list_loop
                0x00000000000257b8                uip_ds6_prefix_add
                0x0000000000025876                uip_ds6_prefix_rm
                0x0000000000025888                uip_ds6_prefix_lookup
                0x00000000000258d9                uip_ds6_is_addr_onlink
                0x000000000002594d                uip_ds6_addr_add
                0x0000000000025a7b                uip_ds6_addr_rm
                0x0000000000025b1b                uip_ds6_addr_lookup
                0x0000000000025b66                uip_ds6_get_link_local
                0x0000000000025be5                uip_ds6_get_global
                0x0000000000025c64                uip_ds6_maddr_add
                0x0000000000025cd6                uip_ds6_maddr_rm
                0x0000000000025ce8                uip_ds6_maddr_lookup
                0x0000000000025d33                uip_ds6_aaddr_add
                0x0000000000025da5                uip_ds6_aaddr_rm
                0x0000000000025db7                uip_ds6_aaddr_lookup
                0x0000000000025e02                uip_ds6_select_src
                0x0000000000025f47                uip_ds6_set_addr_iid
                0x0000000000025f7e                get_match_length
                0x0000000000026010                uip_ds6_compute_reachable_time
 .text          0x000000000002605c     0x2746 obj_cooja/mtype56.a(uip6.o)
                0x000000000002605c                uip_add32
                0x00000000000261f5                uip_chksum
                0x00000000000262e3                uip_icmp6chksum
                0x00000000000262f7                uip_tcpchksum
                0x000000000002630b                uip_udpchksum
                0x000000000002631f                uip_init
                0x00000000000263aa                uip_connect
                0x000000000002652b                remove_ext_hdr
                0x0000000000026600                uip_udp_new
                0x0000000000026727                uip_unlisten
                0x0000000000026769                uip_listen
                0x0000000000026a0d                uip_process
                0x0000000000028696                uip_htons
                0x00000000000286b8                uip_htonl
                0x00000000000286f8                uip_send
 .text          0x00000000000287a2      0x9af obj_cooja/mtype56.a(tcpip.o)
                0x00000000000287a2                tcpip_output
                0x00000000000287d0                tcpip_set_outputfunc
                0x0000000000028864                tcp_connect
                0x00000000000288b9                tcp_unlisten
                0x0000000000028914                tcp_listen
                0x000000000002896d                tcp_attach
                0x0000000000028992                udp_attach
                0x00000000000289b7                udp_new
                0x0000000000028a09                udp_broadcast_new
                0x0000000000028c7d                tcpip_input
                0x0000000000028cb1                tcpip_ipv6_output
                0x0000000000028f97                tcpip_poll_udp
                0x0000000000028fba                tcpip_poll_tcp
                0x0000000000028fdd                tcpip_uipcall
 .text          0x0000000000029151      0x162 obj_cooja/mtype56.a(uip-debug.o)
                0x0000000000029151                uip_debug_ipaddr_print
 .text          0x00000000000292b3      0x141 obj_cooja/mtype56.a(uip-packetqueue)
                0x00000000000292df                uip_packetqueue_new
                0x00000000000292ed                uip_packetqueue_alloc
                0x000000000002934d                uip_packetqueue_free
                0x000000000002938e                uip_packetqueue_buf
                0x00000000000293ab                uip_packetqueue_buflen
                0x00000000000293cc                uip_packetqueue_set_buflen
 .text          0x00000000000293f4      0x12d obj_cooja/mtype56.a(uip-udp-packet.)
                0x00000000000293f4                uip_udp_packet_send
                0x0000000000029450                uip_udp_packet_sendto
 .text          0x0000000000029521     0x279e obj_cooja/mtype56.a(rpl-dag.o)
                0x0000000000029521                rpl_print_neighbor_list
                0x0000000000029707                rpl_get_nbr
                0x0000000000029751                rpl_dag_init
                0x000000000002976e                rpl_get_parent
                0x0000000000029790                rpl_get_parent_rank
                0x00000000000297c3                rpl_get_parent_link_metric
                0x000000000002981a                rpl_rank_via_parent
                0x0000000000029871                rpl_get_parent_lladdr
                0x000000000002988d                rpl_get_parent_ipaddr
                0x00000000000298ae                rpl_get_parent_link_stats
                0x00000000000298cf                rpl_parent_is_fresh
                0x00000000000298f0                rpl_parent_is_reachable
                0x0000000000029c4c                rpl_set_root
                0x0000000000029ea3                rpl_repair_root
                0x000000000002a0df                rpl_set_prefix
                0x000000000002a1de                rpl_set_default_route
                0x000000000002a24c                rpl_alloc_instance
                0x000000000002a2df                rpl_alloc_dag
                0x000000000002a390                rpl_set_default_instance
                0x000000000002a39d                rpl_get_default_instance
                0x000000000002a3a7                rpl_free_instance
                0x000000000002a456                rpl_free_dag
                0x000000000002a4d7                rpl_add_parent
                0x000000000002a584                rpl_find_parent
                0x000000000002a5dc                rpl_find_parent_any_dag
                0x000000000002a618                rpl_select_dag
                0x000000000002aa0f                rpl_select_parent
                0x000000000002aae9                rpl_remove_parent
                0x000000000002ab10                rpl_nullify_parent
                0x000000000002abd1                rpl_move_parent
                0x000000000002ac89                rpl_has_downward_route
                0x000000000002acdc                rpl_get_dag
                0x000000000002adc8                rpl_get_any_dag
                0x000000000002ae2a                rpl_get_instance
                0x000000000002ae8d                rpl_find_of
                0x000000000002aeca                rpl_join_instance
                0x000000000002b18a                rpl_add_dag
                0x000000000002b55a                rpl_local_repair
                0x000000000002b632                rpl_recalculate_ranks
                0x000000000002b6b8                rpl_process_parent_event
                0x000000000002b7e5                rpl_process_dio
 .text          0x000000000002bcbf      0x9cf obj_cooja/mtype56.a(rpl-ext-header.)
                0x000000000002bcdc                rpl_verify_hbh_header
                0x000000000002c45f                rpl_remove_header
                0x000000000002c5c2                rpl_update_header
 .text          0x000000000002c68e     0x1b37 obj_cooja/mtype56.a(rpl-icmp6.o)
                0x000000000002c8ed                rpl_icmp6_update_nbr_table
                0x000000000002c9dd                dis_output
                0x000000000002d016                dio_output
                0x000000000002dd74                dao_output
                0x000000000002de2f                dao_output_target
                0x000000000002e179                dao_ack_output
                0x000000000002e18d                rpl_icmp6_register_handlers
 .text          0x000000000002e1c5      0x2e9 obj_cooja/mtype56.a(rpl-mrhof.o)
 .text          0x000000000002e4ae      0x884 obj_cooja/mtype56.a(rpl-timers.o)
                0x000000000002e73e                rpl_reset_periodic_timer
                0x000000000002e793                rpl_reset_dio_timer
                0x000000000002e9ba                rpl_schedule_dao
                0x000000000002e9d5                rpl_schedule_dao_immediately
                0x000000000002e9f0                rpl_cancel_dao
                0x000000000002ea52                rpl_schedule_unicast_dio_immediately
                0x000000000002ea82                get_probing_delay
                0x000000000002eb01                get_probing_target
                0x000000000002ecf8                rpl_schedule_probing
 .text          0x000000000002ed32      0x56a obj_cooja/mtype56.a(rpl.o)
                0x000000000002ed32                rpl_get_mode
                0x000000000002ed3c                rpl_set_mode
                0x000000000002edca                rpl_purge_routes
                0x000000000002eecf                rpl_remove_routes
                0x000000000002ef15                rpl_remove_routes_by_nexthop
                0x000000000002ef76                rpl_add_route
                0x000000000002f009                rpl_link_neighbor_callback
                0x000000000002f0d3                rpl_ipv6_neighbor_callback
                0x000000000002f142                rpl_purge_dags
                0x000000000002f224                rpl_init
 .text          0x000000000002f29c      0x33d obj_cooja/mtype56.a(link-stats.o)
                0x000000000002f2b6                link_stats_from_lladdr
                0x000000000002f2d2                link_stats_is_fresh
                0x000000000002f30b                guess_etx_from_rssi
                0x000000000002f387                link_stats_packet_sent
                0x000000000002f495                link_stats_input_callback
                0x000000000002f598                link_stats_init
 .text          0x000000000002f5d9       0x67 obj_cooja/mtype56.a(linkaddr.o)
                0x000000000002f5d9                linkaddr_copy
                0x000000000002f5fb                linkaddr_cmp
                0x000000000002f625                linkaddr_set_node_addr
 .text          0x000000000002f640      0x837 obj_cooja/mtype56.a(nbr-table.o)
                0x000000000002faaf                nbr_table_register
                0x000000000002faf7                nbr_table_is_register
                0x000000000002fb1f                nbr_table_head
                0x000000000002fb7b                nbr_table_next
                0x000000000002fbe2                nbr_table_add_lladdr
                0x000000000002fcbe                nbr_table_get_from_lladdr
                0x000000000002fd0b                nbr_table_remove
                0x000000000002fd5d                nbr_table_lock
                0x000000000002fd87                nbr_table_unlock
                0x000000000002fdb1                nbr_table_get_lladdr
                0x000000000002fde1                nbr_table_update_lladdr
 .text          0x000000000002fe77       0x5f obj_cooja/mtype56.a(net-debug.o)
                0x000000000002fe77                net_debug_lladdr_print
 .text          0x000000000002fed6       0x2b obj_cooja/mtype56.a(netstack.o)
                0x000000000002fed6                netstack_init
 .text          0x000000000002ff01      0x3e0 obj_cooja/mtype56.a(packetbuf.o)
                0x000000000002ff01                packetbuf_clear
                0x000000000002ff2b                packetbuf_copyfrom
                0x000000000002ff7d                packetbuf_compact
                0x000000000002fffa                packetbuf_copyto
                0x0000000000030091                packetbuf_hdralloc
                0x000000000003010e                packetbuf_hdrreduce
                0x0000000000030156                packetbuf_set_datalen
                0x000000000003016f                packetbuf_dataptr
                0x000000000003018c                packetbuf_hdrptr
                0x0000000000030196                packetbuf_datalen
                0x00000000000301a2                packetbuf_hdrlen
                0x00000000000301b9                packetbuf_totlen
                0x00000000000301cf                packetbuf_remaininglen
                0x00000000000301e2                packetbuf_attr_clear
                0x0000000000030234                packetbuf_attr_copyto
                0x000000000003027d                packetbuf_attr_copyfrom
                0x00000000000302c5                packetbuf_holds_broadcast
 .text          0x00000000000302e1      0x2b7 obj_cooja/mtype56.a(queuebuf.o)
                0x00000000000302eb                queuebuf_init
                0x000000000003030b                queuebuf_numfree
                0x000000000003031f                queuebuf_new_from_packetbuf
                0x00000000000303af                queuebuf_update_attr_from_packetbuf
                0x00000000000303e2                queuebuf_update_from_packetbuf
                0x000000000003042c                queuebuf_free
                0x0000000000030473                queuebuf_to_packetbuf
                0x00000000000304d9                queuebuf_dataptr
                0x0000000000030510                queuebuf_datalen
                0x0000000000030533                queuebuf_addr
                0x0000000000030568                queuebuf_attr
                0x0000000000030593                queuebuf_debug_print
 .text          0x0000000000030598      0xa8d obj_cooja/mtype56.a(frame802154.o)
                0x00000000000305c9                frame802154_get_pan_id
                0x00000000000305d5                frame802154_set_pan_id
                0x00000000000305ee                frame802154_has_panid
                0x000000000003079b                frame802154_check_dest_panid
                0x000000000003080a                frame802154_is_broadcast_addr
                0x0000000000030857                frame802154_extract_linkaddr
                0x0000000000030a97                frame802154_hdrlen
                0x0000000000030ae8                frame802154_create_fcf
                0x0000000000030b9f                frame802154_create
                0x0000000000030cec                frame802154_parse_fcf
                0x0000000000030da5                frame802154_parse
 .text          0x0000000000031025      0xf40 obj_cooja/mtype56.a(frame802154e-ie)
                0x000000000003112e                frame80215e_create_ie_header_ack_nack_time_correction
                0x00000000000311b8                frame80215e_create_ie_header_list_termination_1
                0x0000000000031200                frame80215e_create_ie_header_list_termination_2
                0x0000000000031248                frame80215e_create_ie_payload_list_termination
                0x0000000000031290                frame80215e_create_ie_ietf
                0x00000000000312d9                frame80215e_create_ie_mlme
                0x0000000000031327                frame80215e_create_ie_tsch_synchronization
                0x00000000000313d5                frame80215e_create_ie_tsch_slotframe_and_link
                0x00000000000315b6                frame80215e_create_ie_tsch_timeslot
                0x0000000000031689                frame80215e_create_ie_tsch_channel_hopping_sequence
                0x0000000000031c11                frame802154e_parse_information_elements
 .text          0x0000000000031f65      0x408 obj_cooja/mtype56.a(framer-802154.o)
 .text          0x000000000003236d      0x19f obj_cooja/mtype56.a(mac-sequence.o)
                0x00000000000323a4                mac_sequence_is_duplicate
                0x0000000000032442                mac_sequence_register_seqno
 .text          0x000000000003250c       0x70 obj_cooja/mtype56.a(mac.o)
                0x000000000003250c                mac_call_sent_callback
 .text          0x000000000003257c       0x32 obj_cooja/mtype56.a(nordc.o)
 .text          0x00000000000325ae       0x6e obj_cooja/mtype56.a(nullsec.o)
 .text          0x000000000003261c      0x30b obj_cooja/mtype56.a(sixp-nbr.o)
                0x000000000003261c                sixp_nbr_find
                0x000000000003265f                sixp_nbr_alloc
                0x0000000000032735                sixp_nbr_free
                0x0000000000032771                sixp_nbr_get_next_seqno
                0x00000000000327b6                sixp_nbr_set_next_seqno
                0x0000000000032809                sixp_nbr_reset_next_seqno
                0x0000000000032850                sixp_nbr_increment_next_seqno
                0x00000000000328b2                sixp_nbr_init
 .text          0x0000000000032927     0x18c5 obj_cooja/mtype56.a(sixp-pkt.o)
                0x0000000000032acb                sixp_pkt_set_metadata
                0x0000000000032b77                sixp_pkt_get_metadata
                0x0000000000032c3f                sixp_pkt_set_cell_options
                0x0000000000032ce9                sixp_pkt_get_cell_options
                0x0000000000032da7                sixp_pkt_set_num_cells
                0x0000000000032e34                sixp_pkt_get_num_cells
                0x0000000000032ef6                sixp_pkt_set_reserved
                0x0000000000032fa7                sixp_pkt_get_reserved
                0x0000000000033045                sixp_pkt_set_offset
                0x0000000000033110                sixp_pkt_get_offset
                0x00000000000331de                sixp_pkt_set_max_num_cells
                0x00000000000332a9                sixp_pkt_get_max_num_cells
                0x0000000000033377                sixp_pkt_set_cell_list
                0x0000000000033470                sixp_pkt_get_cell_list
                0x0000000000033551                sixp_pkt_set_rel_cell_list
                0x00000000000336c2                sixp_pkt_get_rel_cell_list
                0x00000000000337fc                sixp_pkt_set_cand_cell_list
                0x0000000000033948                sixp_pkt_get_cand_cell_list
                0x0000000000033a81                sixp_pkt_set_total_num_cells
                0x0000000000033b24                sixp_pkt_get_total_num_cells
                0x0000000000033bf3                sixp_pkt_set_payload
                0x0000000000033cb5                sixp_pkt_get_payload
                0x0000000000033d93                sixp_pkt_parse
                0x0000000000034064                sixp_pkt_create
 .text          0x00000000000341ec      0x8fc obj_cooja/mtype56.a(sixp-trans.o)
                0x00000000000344e3                sixp_trans_transit_state
                0x00000000000346e1                sixp_trans_get_cmd
                0x0000000000034716                sixp_trans_get_state
                0x000000000003474b                sixp_trans_get_seqno
                0x0000000000034790                sixp_trans_get_mode
                0x00000000000347d1                sixp_trans_invoke_callback
                0x000000000003483c                sixp_trans_set_callback
                0x000000000003488a                sixp_trans_alloc
                0x0000000000034a09                sixp_trans_find
                0x0000000000034a83                sixp_trans_init
 .text          0x0000000000034ae8      0xaa5 obj_cooja/mtype56.a(sixp.o)
                0x0000000000034cb5                sixp_input
                0x00000000000351dd                sixp_output
                0x000000000003557b                sixp_init
 .text          0x000000000003558d        0x0 obj_cooja/mtype56.a(rimestats.o)
 .text          0x000000000003558d      0x3a7 obj_cooja/mtype56.a(tsch-adaptive-t)
                0x0000000000035715                tsch_timesync_update
                0x00000000000358c7                tsch_timesync_adaptive_compensate
 .text          0x0000000000035934      0x3e8 obj_cooja/mtype56.a(tsch-log.o)
                0x0000000000035934                tsch_log_process_pending
                0x0000000000035c77                tsch_log_prepare_add
                0x0000000000035ce0                tsch_log_commit
                0x0000000000035d00                tsch_log_init
 .text          0x0000000000035d1c      0x93c obj_cooja/mtype56.a(tsch-packet.o)
                0x0000000000035d1c                tsch_packet_create_eack
                0x0000000000035ea5                tsch_packet_parse_eack
                0x0000000000036062                tsch_packet_create_eb
                0x00000000000363f7                tsch_packet_update_eb
                0x0000000000036479                tsch_packet_parse_eb
 .text          0x0000000000036658      0x118 obj_cooja/mtype56.a(tsch-rpl.o)
                0x0000000000036658                tsch_rpl_callback_joining_network
                0x000000000003665d                tsch_rpl_callback_leaving_network
                0x0000000000036681                tsch_rpl_callback_new_dio_interval
                0x0000000000036743                tsch_rpl_callback_parent_switch
 .text          0x0000000000036770       0xa3 obj_cooja/mtype56.a(stimer.o)
                0x0000000000036770                stimer_set
                0x000000000003678b                stimer_reset
                0x00000000000367a2                stimer_restart
                0x00000000000367b4                stimer_expired
                0x00000000000367db                stimer_remaining
                0x00000000000367ff                stimer_elapsed
 .text          0x0000000000036813      0x92d obj_cooja/mtype56.a(uip-ds6-route.o)
                0x000000000003688a                uip_ds6_notification_add
                0x00000000000368bb                uip_ds6_notification_rm
                0x00000000000368d7                uip_ds6_route_init
                0x000000000003695f                uip_ds6_route_nexthop
                0x0000000000036987                uip_ds6_route_head
                0x000000000003699c                uip_ds6_route_next
                0x00000000000369c2                uip_ds6_route_is_nexthop
                0x0000000000036a01                uip_ds6_route_num_routes
                0x0000000000036a0b                uip_ds6_route_lookup
                0x0000000000036acd                uip_ds6_route_add
                0x0000000000036d03                uip_ds6_route_rm
                0x0000000000036e97                uip_ds6_route_rm_by_nexthop
                0x0000000000036ecf                uip_ds6_defrt_head
                0x0000000000036ee4                uip_ds6_defrt_add
                0x0000000000036f95                uip_ds6_defrt_rm
                0x0000000000037014                uip_ds6_defrt_lookup
                0x000000000003706d                uip_ds6_defrt_choose
                0x00000000000370d8                uip_ds6_defrt_periodic
 .text          0x0000000000037140      0x8c8 obj_cooja/mtype56.a(uip-icmp6.o)
                0x00000000000371ae                uip_icmp6_input
                0x0000000000037204                uip_icmp6_register_input_handler
                0x00000000000373e7                uip_icmp6_error_output
                0x0000000000037727                uip_icmp6_send
                0x000000000003799b                uip_icmp6_echo_reply_callback_add
                0x00000000000379cc                uip_icmp6_echo_reply_callback_rm
                0x00000000000379e8                uip_icmp6_init
 .text          0x0000000000037a08      0x6ac obj_cooja/mtype56.a(uip-nd6.o)
                0x00000000000380a0                uip_nd6_init
 .text          0x00000000000380b4      0x31d obj_cooja/mtype56.a(rpl-nbr-policy.)
                0x0000000000038284                find_removable_dis
                0x00000000000382a9                find_removable_dio
                0x000000000003832a                find_removable_dao
                0x000000000003837a                rpl_nbr_policy_find_removable
 *fill*         0x00000000000383d1        0xf 
 .text          0x00000000000383e0      0x172 /usr/lib/gcc/i686-linux-gnu/4.8/libgcc.a(_divdi3.o)
                0x00000000000383e0                __divdi3
 *fill*         0x0000000000038552        0xe 
 .text          0x0000000000038560      0x124 /usr/lib/gcc/i686-linux-gnu/4.8/libgcc.a(_udivdi3.o)
                0x0000000000038560                __udivdi3
 .text          0x0000000000038684        0x0 /usr/lib/gcc/i686-linux-gnu/4.8/crtendS.o
 .text          0x0000000000038684        0x0 /usr/lib/gcc/i686-linux-gnu/4.8/../../../i386-linux-gnu/crtn.o
 *(.gnu.warning)

.fini           0x0000000000038684       0x14
 *(SORT(.fini))
 .fini          0x0000000000038684        0xf /usr/lib/gcc/i686-linux-gnu/4.8/../../../i386-linux-gnu/crti.o
                0x0000000000038684                _fini
 .fini          0x0000000000038693        0x5 /usr/lib/gcc/i686-linux-gnu/4.8/../../../i386-linux-gnu/crtn.o
                0x0000000000038698                PROVIDE (__etext, .)
                0x0000000000038698                PROVIDE (_etext, .)
                0x0000000000038698                PROVIDE (etext, .)

.rodata         0x00000000000386a0     0x3f66
 *(.rodata .rodata.* .gnu.linkonce.r.*)
 .rodata        0x00000000000386a0      0x42b benchmark_app.co
                0x00000000000386a0                DEFAULT_SERVER_ADDRESS
                0x00000000000386c0                autostart_processes
 *fill*         0x0000000000038acb        0x1 
 .rodata        0x0000000000038acc      0x133 obj_cooja/mtype56.o
 *fill*         0x0000000000038bff        0x1 
 .rodata        0x0000000000038c00       0x53 obj_cooja/idip.o
 .rodata        0x0000000000038c53      0x11b obj_cooja/statistics.o
 *fill*         0x0000000000038d6e        0x2 
 .rodata        0x0000000000038d70       0x31 obj_cooja/neighbor-quality.o
 *fill*         0x0000000000038da1       0x1f 
 .rodata        0x0000000000038dc0       0x40 obj_cooja/contikimac.o
                0x0000000000038de0                contikimac_driver
 .rodata        0x0000000000038e00        0xc obj_cooja/contikimac-framer.o
                0x0000000000038e00                contikimac_framer
 .rodata        0x0000000000038e0c       0x20 obj_cooja/chacha.o
 .rodata        0x0000000000038e2c       0x6c obj_cooja/simplesec.o
                0x0000000000038e7c                simplesec_driver
                0x0000000000038e8c                simplesec_framer
 .rodata        0x0000000000038e98      0x23b obj_cooja/mtype56.a(sixtop.o)
 *fill*         0x00000000000390d3        0x1 
 .rodata        0x00000000000390d4      0x4b8 obj_cooja/mtype56.a(sfsb.o)
                0x0000000000039578                sfsb_driver
 .rodata        0x000000000003958c      0x1eb obj_cooja/mtype56.a(blacklist.o)
 .rodata        0x0000000000039777       0x15 obj_cooja/mtype56.a(neighbors.o)
 .rodata        0x000000000003978c        0x8 obj_cooja/mtype56.a(beep.o)
                0x000000000003978c                beep_interface
 .rodata        0x0000000000039794       0x20 obj_cooja/mtype56.a(button-sensor.o)
                0x0000000000039794                button_interface
                0x00000000000397a4                button_sensor
 .rodata        0x00000000000397b4        0x8 obj_cooja/mtype56.a(leds-arch.o)
                0x00000000000397b4                leds_interface
 .rodata        0x00000000000397bc        0x8 obj_cooja/mtype56.a(moteid.o)
                0x00000000000397bc                moteid_interface
 .rodata        0x00000000000397c4       0x1c obj_cooja/mtype56.a(pir-sensor.o)
                0x00000000000397c4                pir_interface
                0x00000000000397d0                pir_sensor
 .rodata        0x00000000000397e0        0xe obj_cooja/mtype56.a(rs232.o)
                0x00000000000397e0                rs232_interface
 *fill*         0x00000000000397ee        0x2 
 .rodata        0x00000000000397f0       0x24 obj_cooja/mtype56.a(vib-sensor.o)
                0x00000000000397f0                vib_interface
                0x0000000000039804                vib_sensor
 .rodata        0x0000000000039814        0x8 obj_cooja/mtype56.a(clock.o)
                0x0000000000039814                clock_interface
 .rodata        0x000000000003981c        0x8 obj_cooja/mtype56.a(log.o)
                0x000000000003981c                simlog_interface
 .rodata        0x0000000000039824       0x2f obj_cooja/mtype56.a(cfs-cooja.o)
                0x0000000000039824                cfs_interface
 *fill*         0x0000000000039853        0xd 
 .rodata        0x0000000000039860       0x58 obj_cooja/mtype56.a(cooja-radio.o)
                0x0000000000039860                radio_interface
                0x0000000000039880                cooja_radio_driver
 .rodata        0x00000000000398b8        0x8 obj_cooja/mtype56.a(eeprom.o)
                0x00000000000398b8                eeprom_interface
 .rodata        0x00000000000398c0        0x8 obj_cooja/mtype56.a(sensors.o)
 .rodata        0x00000000000398c8       0xe5 obj_cooja/mtype56.a(tsch-queue.o)
 *fill*         0x00000000000399ad        0x3 
 .rodata        0x00000000000399b0      0x1fd obj_cooja/mtype56.a(tsch-schedule.o)
 *fill*         0x0000000000039bad        0x3 
 .rodata        0x0000000000039bb0      0x101 obj_cooja/mtype56.a(tsch-slot-opera)
 *fill*         0x0000000000039cb1        0x3 
 .rodata        0x0000000000039cb4      0x760 obj_cooja/mtype56.a(tsch.o)
                0x0000000000039ccc                tsch_broadcast_address
                0x0000000000039cd4                tsch_eb_address
                0x000000000003a3f8                tschmac_driver
 .rodata        0x000000000003a414        0xf obj_cooja/mtype56.a(ctimer.o)
 .rodata        0x000000000003a423        0xc obj_cooja/mtype56.a(etimer.o)
 .rodata        0x000000000003a42f        0xe obj_cooja/mtype56.a(serial-line.o)
 *fill*         0x000000000003a43d        0x3 
 .rodata        0x000000000003a440       0x25 obj_cooja/mtype56.a(assert.o)
 *fill*         0x000000000003a465        0x3 
 .rodata        0x000000000003a468       0x2c obj_cooja/mtype56.a(sicslowpan.o)
                0x000000000003a468                unc_llconf
                0x000000000003a46c                unc_ctxconf
                0x000000000003a470                unc_mxconf
                0x000000000003a474                llprefix
                0x000000000003a488                sicslowpan_driver
 .rodata        0x000000000003a494      0x13c obj_cooja/mtype56.a(uip6.o)
 .rodata        0x000000000003a5d0       0x29 obj_cooja/mtype56.a(tcpip.o)
 .rodata        0x000000000003a5f9       0x2a obj_cooja/mtype56.a(uip-debug.o)
 *fill*         0x000000000003a623        0x1 
 .rodata        0x000000000003a624       0x89 obj_cooja/mtype56.a(rpl-dag.o)
 .rodata        0x000000000003a6ad        0x8 obj_cooja/mtype56.a(linkaddr.o)
                0x000000000003a6ad                linkaddr_null
 .rodata        0x000000000003a6b5       0x16 obj_cooja/mtype56.a(net-debug.o)
 *fill*         0x000000000003a6cb        0x1 
 .rodata        0x000000000003a6cc        0xc obj_cooja/mtype56.a(framer-802154.o)
                0x000000000003a6cc                framer_802154
 *fill*         0x000000000003a6d8        0x8 
 .rodata        0x000000000003a6e0       0x40 obj_cooja/mtype56.a(nordc.o)
                0x000000000003a700                nordc_driver
 .rodata        0x000000000003a720       0x18 obj_cooja/mtype56.a(nullsec.o)
                0x000000000003a728                nullsec_driver
 .rodata        0x000000000003a738      0x214 obj_cooja/mtype56.a(sixp-nbr.o)
 .rodata        0x000000000003a94c     0x1084 obj_cooja/mtype56.a(sixp-pkt.o)
 .rodata        0x000000000003b9d0      0x30a obj_cooja/mtype56.a(sixp-trans.o)
 *fill*         0x000000000003bcda        0x2 
 .rodata        0x000000000003bcdc      0x75f obj_cooja/mtype56.a(sixp.o)
 *fill*         0x000000000003c43b        0x1 
 .rodata        0x000000000003c43c       0x30 obj_cooja/mtype56.a(tsch-adaptive-t)
 .rodata        0x000000000003c46c       0xb5 obj_cooja/mtype56.a(tsch-log.o)
 *fill*         0x000000000003c521        0x3 
 .rodata        0x000000000003c524       0xe2 obj_cooja/mtype56.a(tsch-packet.o)

.rodata1
 *(.rodata1)

.eh_frame_hdr   0x000000000003c608     0x1cac
 *(.eh_frame_hdr)
 .eh_frame_hdr  0x000000000003c608     0x1cac benchmark_app.co

.eh_frame       0x000000000003e2b4     0x75d4
 *(.eh_frame)
 .eh_frame      0x000000000003e2b4       0x3c /usr/lib/gcc/i686-linux-gnu/4.8/../../../i386-linux-gnu/crti.o
                                         0x40 (size before relaxing)
 .eh_frame      0x000000000003e2f0       0xf4 benchmark_app.co
                                        0x10c (size before relaxing)
 .eh_frame      0x000000000003e3e4      0x148 obj_cooja/mtype56.o
                                        0x160 (size before relaxing)
 .eh_frame      0x000000000003e52c       0xc4 obj_cooja/idip.o
                                         0xdc (size before relaxing)
 .eh_frame      0x000000000003e5f0       0xa0 obj_cooja/statistics.o
                                         0xb8 (size before relaxing)
 .eh_frame      0x000000000003e690       0xe4 obj_cooja/neighbor-quality.o
                                         0xfc (size before relaxing)
 .eh_frame      0x000000000003e774      0x320 obj_cooja/contikimac.o
                                        0x338 (size before relaxing)
 .eh_frame      0x000000000003ea94       0x84 obj_cooja/contikimac-framer.o
                                         0x9c (size before relaxing)
 .eh_frame      0x000000000003eb18      0x104 obj_cooja/chacha.o
                                        0x11c (size before relaxing)
 .eh_frame      0x000000000003ec1c      0x160 obj_cooja/simplesec.o
                                        0x178 (size before relaxing)
 .eh_frame      0x000000000003ed7c      0x140 obj_cooja/mtype56.a(sixtop.o)
                                        0x158 (size before relaxing)
 .eh_frame      0x000000000003eebc      0x268 obj_cooja/mtype56.a(sfsb.o)
                                        0x280 (size before relaxing)
 .eh_frame      0x000000000003f124      0x260 obj_cooja/mtype56.a(blacklist.o)
                                        0x278 (size before relaxing)
 .eh_frame      0x000000000003f384       0xe0 obj_cooja/mtype56.a(neighbors.o)
                                         0xf8 (size before relaxing)
 .eh_frame      0x000000000003f464       0x40 obj_cooja/mtype56.a(simEnvChange.o)
                                         0x58 (size before relaxing)
 .eh_frame      0x000000000003f4a4       0xc0 obj_cooja/mtype56.a(cooja_mt.o)
                                         0xd8 (size before relaxing)
 .eh_frame      0x000000000003f564      0x120 obj_cooja/mtype56.a(cooja_mtarch.o)
                                        0x138 (size before relaxing)
 .eh_frame      0x000000000003f684       0xc8 obj_cooja/mtype56.a(rtimer-arch.o)
                                         0xe0 (size before relaxing)
 .eh_frame      0x000000000003f74c       0xa0 obj_cooja/mtype56.a(watchdog.o)
                                         0xb8 (size before relaxing)
 .eh_frame      0x000000000003f7ec      0x160 obj_cooja/mtype56.a(beep.o)
                                        0x178 (size before relaxing)
 .eh_frame      0x000000000003f94c       0xa0 obj_cooja/mtype56.a(button-sensor.o)
                                         0xb8 (size before relaxing)
 .eh_frame      0x000000000003f9ec       0xa0 obj_cooja/mtype56.a(leds-arch.o)
                                         0xb8 (size before relaxing)
 .eh_frame      0x000000000003fa8c       0x40 obj_cooja/mtype56.a(moteid.o)
                                         0x58 (size before relaxing)
 .eh_frame      0x000000000003facc       0xa0 obj_cooja/mtype56.a(pir-sensor.o)
                                         0xb8 (size before relaxing)
 .eh_frame      0x000000000003fb6c      0x100 obj_cooja/mtype56.a(rs232.o)
                                        0x118 (size before relaxing)
 .eh_frame      0x000000000003fc6c       0xa0 obj_cooja/mtype56.a(vib-sensor.o)
                                         0xb8 (size before relaxing)
 .eh_frame      0x000000000003fd0c       0xc0 obj_cooja/mtype56.a(clock.o)
                                         0xd8 (size before relaxing)
 .eh_frame      0x000000000003fdcc      0x120 obj_cooja/mtype56.a(log.o)
                                        0x138 (size before relaxing)
 .eh_frame      0x000000000003feec      0x160 obj_cooja/mtype56.a(cfs-cooja.o)
                                        0x178 (size before relaxing)
 .eh_frame      0x000000000004004c      0x360 obj_cooja/mtype56.a(cooja-radio.o)
                                        0x378 (size before relaxing)
 .eh_frame      0x00000000000403ac       0xa0 obj_cooja/mtype56.a(eeprom.o)
                                         0xb8 (size before relaxing)
 .eh_frame      0x000000000004044c       0x40 obj_cooja/mtype56.a(random.o)
                                         0x58 (size before relaxing)
 .eh_frame      0x000000000004048c       0xc0 obj_cooja/mtype56.a(sensors.o)
                                         0xd8 (size before relaxing)
 .eh_frame      0x000000000004054c      0x2d8 obj_cooja/mtype56.a(tsch-queue.o)
                                        0x2f0 (size before relaxing)
 .eh_frame      0x0000000000040824      0x1cc obj_cooja/mtype56.a(tsch-schedule.o)
                                        0x1e4 (size before relaxing)
 .eh_frame      0x00000000000409f0      0x268 obj_cooja/mtype56.a(tsch-slot-opera)
                                        0x280 (size before relaxing)
 .eh_frame      0x0000000000040c58      0x408 obj_cooja/mtype56.a(tsch.o)
                                        0x420 (size before relaxing)
 .eh_frame      0x0000000000041060       0x40 obj_cooja/mtype56.a(autostart.o)
                                         0x58 (size before relaxing)
 .eh_frame      0x00000000000410a0      0x100 obj_cooja/mtype56.a(ctimer.o)
                                        0x118 (size before relaxing)
 .eh_frame      0x00000000000411a0      0x1e0 obj_cooja/mtype56.a(etimer.o)
                                        0x1f8 (size before relaxing)
 .eh_frame      0x0000000000041380      0x1c8 obj_cooja/mtype56.a(process.o)
                                        0x1e0 (size before relaxing)
 .eh_frame      0x0000000000041548       0x60 obj_cooja/mtype56.a(rtimer.o)
                                         0x78 (size before relaxing)
 .eh_frame      0x00000000000415a8       0xa4 obj_cooja/mtype56.a(timer.o)
                                         0xbc (size before relaxing)
 .eh_frame      0x000000000004164c       0x60 obj_cooja/mtype56.a(serial-line.o)
                                         0x78 (size before relaxing)
 .eh_frame      0x00000000000416ac       0x20 obj_cooja/mtype56.a(assert.o)
                                         0x38 (size before relaxing)
 .eh_frame      0x00000000000416cc       0x40 obj_cooja/mtype56.a(crc16.o)
                                         0x58 (size before relaxing)
 .eh_frame      0x000000000004170c      0x180 obj_cooja/mtype56.a(list.o)
                                        0x198 (size before relaxing)
 .eh_frame      0x000000000004188c       0xa0 obj_cooja/mtype56.a(memb.o)
                                         0xb8 (size before relaxing)
 .eh_frame      0x000000000004192c       0xa0 obj_cooja/mtype56.a(ringbuf.o)
                                         0xb8 (size before relaxing)
 .eh_frame      0x00000000000419cc      0x120 obj_cooja/mtype56.a(ringbufindex.o)
                                        0x138 (size before relaxing)
 .eh_frame      0x0000000000041aec      0x350 obj_cooja/mtype56.a(sicslowpan.o)
                                        0x368 (size before relaxing)
 .eh_frame      0x0000000000041e3c      0x180 obj_cooja/mtype56.a(uip-ds6-nbr.o)
                                        0x198 (size before relaxing)
 .eh_frame      0x0000000000041fbc      0x2c8 obj_cooja/mtype56.a(uip-ds6.o)
                                        0x2e0 (size before relaxing)
 .eh_frame      0x0000000000042284      0x27c obj_cooja/mtype56.a(uip6.o)
                                        0x294 (size before relaxing)
 .eh_frame      0x0000000000042500      0x270 obj_cooja/mtype56.a(tcpip.o)
                                        0x288 (size before relaxing)
 .eh_frame      0x0000000000042770       0x28 obj_cooja/mtype56.a(uip-debug.o)
                                         0x40 (size before relaxing)
 .eh_frame      0x0000000000042798       0xe0 obj_cooja/mtype56.a(uip-packetqueue)
                                         0xf8 (size before relaxing)
 .eh_frame      0x0000000000042878       0x40 obj_cooja/mtype56.a(uip-udp-packet.)
                                         0x58 (size before relaxing)
 .eh_frame      0x00000000000428b8      0x720 obj_cooja/mtype56.a(rpl-dag.o)
                                        0x738 (size before relaxing)
 .eh_frame      0x0000000000042fd8       0xc0 obj_cooja/mtype56.a(rpl-ext-header.)
                                         0xd8 (size before relaxing)
 .eh_frame      0x0000000000043098      0x2b8 obj_cooja/mtype56.a(rpl-icmp6.o)
                                        0x2d0 (size before relaxing)
 .eh_frame      0x0000000000043350      0x124 obj_cooja/mtype56.a(rpl-mrhof.o)
                                        0x13c (size before relaxing)
 .eh_frame      0x0000000000043474      0x22c obj_cooja/mtype56.a(rpl-timers.o)
                                        0x244 (size before relaxing)
 .eh_frame      0x00000000000436a0      0x140 obj_cooja/mtype56.a(rpl.o)
                                        0x158 (size before relaxing)
 .eh_frame      0x00000000000437e0      0x100 obj_cooja/mtype56.a(link-stats.o)
                                        0x118 (size before relaxing)
 .eh_frame      0x00000000000438e0       0x60 obj_cooja/mtype56.a(linkaddr.o)
                                         0x78 (size before relaxing)
 .eh_frame      0x0000000000043940      0x2cc obj_cooja/mtype56.a(nbr-table.o)
                                        0x2e4 (size before relaxing)
 .eh_frame      0x0000000000043c0c       0x20 obj_cooja/mtype56.a(net-debug.o)
                                         0x38 (size before relaxing)
 .eh_frame      0x0000000000043c2c       0x20 obj_cooja/mtype56.a(netstack.o)
                                         0x38 (size before relaxing)
 .eh_frame      0x0000000000043c4c      0x234 obj_cooja/mtype56.a(packetbuf.o)
                                        0x24c (size before relaxing)
 .eh_frame      0x0000000000043e80      0x1a0 obj_cooja/mtype56.a(queuebuf.o)
                                        0x1b8 (size before relaxing)
 .eh_frame      0x0000000000044020      0x1a4 obj_cooja/mtype56.a(frame802154.o)
                                        0x1bc (size before relaxing)
 .eh_frame      0x00000000000441c4      0x250 obj_cooja/mtype56.a(frame802154e-ie)
                                        0x268 (size before relaxing)
 .eh_frame      0x0000000000044414      0x108 obj_cooja/mtype56.a(framer-802154.o)
                                        0x120 (size before relaxing)
 .eh_frame      0x000000000004451c       0x88 obj_cooja/mtype56.a(mac-sequence.o)
                                         0xa0 (size before relaxing)
 .eh_frame      0x00000000000445a4       0x20 obj_cooja/mtype56.a(mac.o)
                                         0x38 (size before relaxing)
 .eh_frame      0x00000000000445c4       0xe0 obj_cooja/mtype56.a(nordc.o)
                                         0xf8 (size before relaxing)
 .eh_frame      0x00000000000446a4       0x80 obj_cooja/mtype56.a(nullsec.o)
                                         0x98 (size before relaxing)
 .eh_frame      0x0000000000044724      0x100 obj_cooja/mtype56.a(sixp-nbr.o)
                                        0x118 (size before relaxing)
 .eh_frame      0x0000000000044824      0x448 obj_cooja/mtype56.a(sixp-pkt.o)
                                        0x460 (size before relaxing)
 .eh_frame      0x0000000000044c6c      0x20c obj_cooja/mtype56.a(sixp-trans.o)
                                        0x224 (size before relaxing)
 .eh_frame      0x0000000000044e78       0xb4 obj_cooja/mtype56.a(sixp.o)
                                         0xcc (size before relaxing)
 .eh_frame      0x0000000000044f2c       0xb4 obj_cooja/mtype56.a(tsch-adaptive-t)
                                         0xcc (size before relaxing)
 .eh_frame      0x0000000000044fe0       0x90 obj_cooja/mtype56.a(tsch-log.o)
                                         0xa8 (size before relaxing)
 .eh_frame      0x0000000000045070       0xc4 obj_cooja/mtype56.a(tsch-packet.o)
                                         0xdc (size before relaxing)
 .eh_frame      0x0000000000045134       0x84 obj_cooja/mtype56.a(tsch-rpl.o)
                                         0x9c (size before relaxing)
 .eh_frame      0x00000000000451b8       0xc4 obj_cooja/mtype56.a(stimer.o)
                                         0xdc (size before relaxing)
 .eh_frame      0x000000000004527c      0x2c0 obj_cooja/mtype56.a(uip-ds6-route.o)
                                        0x2d8 (size before relaxing)
 .eh_frame      0x000000000004553c      0x15c obj_cooja/mtype56.a(uip-icmp6.o)
                                        0x174 (size before relaxing)
 .eh_frame      0x0000000000045698       0x88 obj_cooja/mtype56.a(uip-nd6.o)
                                         0xa0 (size before relaxing)
 .eh_frame      0x0000000000045720       0xc0 obj_cooja/mtype56.a(rpl-nbr-policy.)
                                         0xd8 (size before relaxing)
 .eh_frame      0x00000000000457e0       0x38 /usr/lib/gcc/i686-linux-gnu/4.8/libgcc.a(_divdi3.o)
                                         0x50 (size before relaxing)
 .eh_frame      0x0000000000045818       0x6c /usr/lib/gcc/i686-linux-gnu/4.8/libgcc.a(_udivdi3.o)
                                         0x84 (size before relaxing)
 .eh_frame      0x0000000000045884        0x4 /usr/lib/gcc/i686-linux-gnu/4.8/crtendS.o

.gcc_except_table
 *(.gcc_except_table .gcc_except_table.*)

.exception_ranges
 *(.exception_ranges .exception_ranges*)
                0x0000000000045888                . = (ALIGN (0x1000) - ((0x1000 - .) & 0xfff))
                0x0000000000046ef8                . = DATA_SEGMENT_ALIGN (0x1000, 0x1000)

.eh_frame
 *(.eh_frame)

.gcc_except_table
 *(.gcc_except_table .gcc_except_table.*)

.exception_ranges
 *(.exception_ranges .exception_ranges*)

.tdata
 *(.tdata .tdata.* .gnu.linkonce.td.*)

.tbss
 *(.tbss .tbss.* .gnu.linkonce.tb.*)
 *(.tcommon)

.preinit_array
 *(.preinit_array)

.init_array     0x0000000000046ef8        0x4
 *(SORT(.init_array.*) SORT(.ctors.*))
 *(.init_array EXCLUDE_FILE(*crtend?.o *crtend.o *crtbegin?.o *crtbegin.o) .ctors)
 .init_array    0x0000000000046ef8        0x4 /usr/lib/gcc/i686-linux-gnu/4.8/crtbeginS.o

.fini_array     0x0000000000046efc        0x4
 *(SORT(.fini_array.*) SORT(.dtors.*))
 *(.fini_array EXCLUDE_FILE(*crtend?.o *crtend.o *crtbegin?.o *crtbegin.o) .dtors)
 .fini_array    0x0000000000046efc        0x4 /usr/lib/gcc/i686-linux-gnu/4.8/crtbeginS.o

.ctors
 *crtbegin.o(.ctors)
 *crtbegin?.o(.ctors)
 *(EXCLUDE_FILE(*crtend?.o *crtend.o) .ctors)
 *(SORT(.ctors.*))
 *(.ctors)

.dtors
 *crtbegin.o(.dtors)
 *crtbegin?.o(.dtors)
 *(EXCLUDE_FILE(*crtend?.o *crtend.o) .dtors)
 *(SORT(.dtors.*))
 *(.dtors)

.jcr            0x0000000000046f00        0x4
 *(.jcr)
 .jcr           0x0000000000046f00        0x0 /usr/lib/gcc/i686-linux-gnu/4.8/crtbeginS.o
 .jcr           0x0000000000046f00        0x4 /usr/lib/gcc/i686-linux-gnu/4.8/crtendS.o

.data.rel.ro
 *(.data.rel.ro.local* .gnu.linkonce.d.rel.ro.local.*)
 *(.data.rel.ro .data.rel.ro.* .gnu.linkonce.d.rel.ro.*)

.dynamic        0x0000000000046f04       0xe8
 *(.dynamic)
 .dynamic       0x0000000000046f04       0xe8 /usr/lib/gcc/i686-linux-gnu/4.8/../../../i386-linux-gnu/crti.o
                0x0000000000046f04                _DYNAMIC

.got            0x0000000000046fec       0x14
 *(.got)
 .got           0x0000000000046fec       0x14 /usr/lib/gcc/i686-linux-gnu/4.8/../../../i386-linux-gnu/crti.o
 *(.igot)
                0x0000000000047ff4                . = DATA_SEGMENT_RELRO_END (., (SIZEOF (.got.plt) >= 0xc)?0xc:0x0)

.got.plt        0x0000000000047000       0x14
 *(.got.plt)
 .got.plt       0x0000000000047000       0x14 /usr/lib/gcc/i686-linux-gnu/4.8/../../../i386-linux-gnu/crti.o
                0x0000000000047000                _GLOBAL_OFFSET_TABLE_
 *(.igot.plt)

.data           0x0000000000047020      0x39c
 *(.data .data.* .gnu.linkonce.d.*)
 .data          0x0000000000047020        0x0 /usr/lib/gcc/i686-linux-gnu/4.8/../../../i386-linux-gnu/crti.o
 .data          0x0000000000047020        0x0 /usr/lib/gcc/i686-linux-gnu/4.8/crtbeginS.o
 .data.rel      0x0000000000047020        0x4 /usr/lib/gcc/i686-linux-gnu/4.8/crtbeginS.o
                0x0000000000047020                __dso_handle
 .data          0x0000000000047024       0x24 benchmark_app.co
                0x0000000000047024                dag_id
                0x0000000000047038                benchmark_app
 *fill*         0x0000000000047048       0x18 
 .data          0x0000000000047060       0x44 obj_cooja/mtype56.o
                0x0000000000047060                simInterfaces
                0x0000000000047094                sensors
 .data          0x00000000000470a4        0x0 obj_cooja/idip.o
 *fill*         0x00000000000470a4       0x1c 
 .data          0x00000000000470c0       0x3c obj_cooja/statistics.o
                0x00000000000470c0                eventStrings
 .data          0x00000000000470fc        0x0 obj_cooja/neighbor-quality.o
 .data          0x00000000000470fc        0x0 obj_cooja/contikimac.o
 .data          0x00000000000470fc        0x0 obj_cooja/contikimac-framer.o
 .data          0x00000000000470fc        0x0 obj_cooja/chacha.o
 *fill*         0x00000000000470fc        0x4 
 .data          0x0000000000047100       0x22 obj_cooja/simplesec.o
 .data          0x0000000000047122        0x0 obj_cooja/mtype56.a(sixtop.o)
 .data          0x0000000000047122        0x0 obj_cooja/mtype56.a(sfsb.o)
 *fill*         0x0000000000047122        0x2 
 .data          0x0000000000047124       0x30 obj_cooja/mtype56.a(blacklist.o)
                0x0000000000047144                p_sfsb_bl_distribution
 .data          0x0000000000047154       0x10 obj_cooja/mtype56.a(neighbors.o)
 .data          0x0000000000047164        0x0 obj_cooja/mtype56.a(simEnvChange.o)
 .data          0x0000000000047164        0x0 obj_cooja/mtype56.a(cooja_mt.o)
 .data          0x0000000000047164        0x0 obj_cooja/mtype56.a(cooja_mtarch.o)
 .data          0x0000000000047164        0x0 obj_cooja/mtype56.a(rtimer-arch.o)
 .data          0x0000000000047164        0x0 obj_cooja/mtype56.a(watchdog.o)
 .data          0x0000000000047164        0x0 obj_cooja/mtype56.a(beep.o)
 .data          0x0000000000047164        0x0 obj_cooja/mtype56.a(button-sensor.o)
 .data          0x0000000000047164        0x0 obj_cooja/mtype56.a(leds-arch.o)
 .data          0x0000000000047164        0x0 obj_cooja/mtype56.a(moteid.o)
 .data          0x0000000000047164        0x0 obj_cooja/mtype56.a(pir-sensor.o)
 .data          0x0000000000047164        0x0 obj_cooja/mtype56.a(rs232.o)
 .data          0x0000000000047164        0x0 obj_cooja/mtype56.a(vib-sensor.o)
 .data          0x0000000000047164        0x0 obj_cooja/mtype56.a(clock.o)
 .data          0x0000000000047164        0x0 obj_cooja/mtype56.a(log.o)
 .data          0x0000000000047164        0x0 obj_cooja/mtype56.a(cfs-cooja.o)
 .data          0x0000000000047164       0x2c obj_cooja/mtype56.a(cooja-radio.o)
                0x0000000000047164                simRadioHWOn
                0x0000000000047168                simSignalStrength
                0x000000000004716c                simLastSignalStrength
                0x0000000000047170                simPower
                0x0000000000047174                simRadioChannel
                0x0000000000047178                simLQI
                0x0000000000047180                cooja_radio_process
 .data          0x0000000000047190        0x0 obj_cooja/mtype56.a(eeprom.o)
 .data          0x0000000000047190        0x0 obj_cooja/mtype56.a(random.o)
 .data          0x0000000000047190       0x10 obj_cooja/mtype56.a(sensors.o)
                0x0000000000047190                sensors_process
 .data          0x00000000000471a0       0x1c obj_cooja/mtype56.a(tsch-queue.o)
 .data          0x00000000000471bc       0x1c obj_cooja/mtype56.a(tsch-schedule.o)
 .data          0x00000000000471d8        0x4 obj_cooja/mtype56.a(tsch-slot-opera)
 .data          0x00000000000471dc       0x34 obj_cooja/mtype56.a(tsch.o)
                0x00000000000471dc                tsch_process
                0x00000000000471ec                tsch_send_eb_process
                0x00000000000471fc                tsch_pending_events_process
                0x000000000004720c                tsch_minimal_schedule_length
 .data          0x0000000000047210        0x0 obj_cooja/mtype56.a(autostart.o)
 .data          0x0000000000047210       0x14 obj_cooja/mtype56.a(ctimer.o)
                0x0000000000047214                ctimer_process
 .data          0x0000000000047224       0x10 obj_cooja/mtype56.a(etimer.o)
                0x0000000000047224                etimer_process
 .data          0x0000000000047234        0x0 obj_cooja/mtype56.a(process.o)
 .data          0x0000000000047234        0x0 obj_cooja/mtype56.a(rtimer.o)
 .data          0x0000000000047234        0x0 obj_cooja/mtype56.a(timer.o)
 .data          0x0000000000047234       0x10 obj_cooja/mtype56.a(serial-line.o)
                0x0000000000047234                serial_line_process
 .data          0x0000000000047244        0x0 obj_cooja/mtype56.a(assert.o)
 .data          0x0000000000047244        0x0 obj_cooja/mtype56.a(crc16.o)
 .data          0x0000000000047244        0x0 obj_cooja/mtype56.a(list.o)
 .data          0x0000000000047244        0x0 obj_cooja/mtype56.a(memb.o)
 .data          0x0000000000047244        0x0 obj_cooja/mtype56.a(ringbuf.o)
 .data          0x0000000000047244        0x0 obj_cooja/mtype56.a(ringbufindex.o)
 .data          0x0000000000047244        0x0 obj_cooja/mtype56.a(sicslowpan.o)
 .data          0x0000000000047244       0x14 obj_cooja/mtype56.a(uip-ds6-nbr.o)
                0x0000000000047254                ds6_neighbors
 .data          0x0000000000047258        0x0 obj_cooja/mtype56.a(uip-ds6.o)
 .data          0x0000000000047258        0x0 obj_cooja/mtype56.a(uip6.o)
 .data          0x0000000000047258       0x10 obj_cooja/mtype56.a(tcpip.o)
                0x0000000000047258                tcpip_process
 .data          0x0000000000047268        0x0 obj_cooja/mtype56.a(uip-debug.o)
 .data          0x0000000000047268        0xc obj_cooja/mtype56.a(uip-packetqueue)
 .data          0x0000000000047274        0x0 obj_cooja/mtype56.a(uip-udp-packet.)
 .data          0x0000000000047274       0x14 obj_cooja/mtype56.a(rpl-dag.o)
                0x0000000000047284                rpl_parents
 .data          0x0000000000047288        0x0 obj_cooja/mtype56.a(rpl-ext-header.)
 .data          0x0000000000047288       0x34 obj_cooja/mtype56.a(rpl-icmp6.o)
 *fill*         0x00000000000472bc        0x4 
 .data          0x00000000000472c0       0x24 obj_cooja/mtype56.a(rpl-mrhof.o)
                0x00000000000472c0                rpl_mrhof
 .data          0x00000000000472e4        0x0 obj_cooja/mtype56.a(rpl-timers.o)
 .data          0x00000000000472e4        0x0 obj_cooja/mtype56.a(rpl.o)
 .data          0x00000000000472e4       0x14 obj_cooja/mtype56.a(link-stats.o)
 .data          0x00000000000472f8        0x0 obj_cooja/mtype56.a(linkaddr.o)
 .data          0x00000000000472f8       0x10 obj_cooja/mtype56.a(nbr-table.o)
 .data          0x0000000000047308        0x0 obj_cooja/mtype56.a(net-debug.o)
 .data          0x0000000000047308        0x0 obj_cooja/mtype56.a(netstack.o)
 .data          0x0000000000047308        0x4 obj_cooja/mtype56.a(packetbuf.o)
 .data          0x000000000004730c       0x18 obj_cooja/mtype56.a(queuebuf.o)
 .data          0x0000000000047324        0x2 obj_cooja/mtype56.a(frame802154.o)
 .data          0x0000000000047326        0x0 obj_cooja/mtype56.a(frame802154e-ie)
 .data          0x0000000000047326        0x0 obj_cooja/mtype56.a(framer-802154.o)
 .data          0x0000000000047326        0x0 obj_cooja/mtype56.a(mac-sequence.o)
 .data          0x0000000000047326        0x0 obj_cooja/mtype56.a(mac.o)
 .data          0x0000000000047326        0x0 obj_cooja/mtype56.a(nordc.o)
 .data          0x0000000000047326        0x0 obj_cooja/mtype56.a(nullsec.o)
 *fill*         0x0000000000047326        0x2 
 .data          0x0000000000047328       0x14 obj_cooja/mtype56.a(sixp-nbr.o)
 .data          0x000000000004733c        0x0 obj_cooja/mtype56.a(sixp-pkt.o)
 .data          0x000000000004733c       0x10 obj_cooja/mtype56.a(sixp-trans.o)
 .data          0x000000000004734c        0x0 obj_cooja/mtype56.a(sixp.o)
 .data          0x000000000004734c        0x0 obj_cooja/mtype56.a(rimestats.o)
 .data          0x000000000004734c        0x0 obj_cooja/mtype56.a(tsch-adaptive-t)
 .data          0x000000000004734c        0x0 obj_cooja/mtype56.a(tsch-log.o)
 .data          0x000000000004734c        0x0 obj_cooja/mtype56.a(tsch-packet.o)
 .data          0x000000000004734c        0x0 obj_cooja/mtype56.a(tsch-rpl.o)
 .data          0x000000000004734c        0x0 obj_cooja/mtype56.a(stimer.o)
 .data          0x000000000004734c       0x44 obj_cooja/mtype56.a(uip-ds6-route.o)
                0x000000000004735c                nbr_routes
 .data          0x0000000000047390       0x20 obj_cooja/mtype56.a(uip-icmp6.o)
 .data          0x00000000000473b0        0xc obj_cooja/mtype56.a(uip-nd6.o)
 .data          0x00000000000473bc        0x0 obj_cooja/mtype56.a(rpl-nbr-policy.)
 .data          0x00000000000473bc        0x0 /usr/lib/gcc/i686-linux-gnu/4.8/libgcc.a(_divdi3.o)
 .data          0x00000000000473bc        0x0 /usr/lib/gcc/i686-linux-gnu/4.8/libgcc.a(_udivdi3.o)
 .data          0x00000000000473bc        0x0 /usr/lib/gcc/i686-linux-gnu/4.8/crtendS.o
 .data          0x00000000000473bc        0x0 /usr/lib/gcc/i686-linux-gnu/4.8/../../../i386-linux-gnu/crtn.o

.tm_clone_table
                0x00000000000473bc        0x0
 .tm_clone_table
                0x00000000000473bc        0x0 /usr/lib/gcc/i686-linux-gnu/4.8/crtbeginS.o
 .tm_clone_table
                0x00000000000473bc        0x0 /usr/lib/gcc/i686-linux-gnu/4.8/crtendS.o

.data1
 *(.data1)
                0x00000000000473bc                _edata = .
                0x00000000000473bc                PROVIDE (edata, .)
                0x00000000000473bc                . = .
                0x00000000000473bc                __bss_start = .

.bss            0x00000000000473c0    0x1b9e8
 *(.dynbss)
 .dynbss        0x0000000000000000        0x0 /usr/lib/gcc/i686-linux-gnu/4.8/../../../i386-linux-gnu/crti.o
 *(.bss .bss.* .gnu.linkonce.b.*)
 .bss           0x00000000000473c0        0x0 /usr/lib/gcc/i686-linux-gnu/4.8/../../../i386-linux-gnu/crti.o
 .bss           0x00000000000473c0        0x1 /usr/lib/gcc/i686-linux-gnu/4.8/crtbeginS.o
 *fill*         0x00000000000473c1       0x1f 
 .bss           0x00000000000473e0      0x178 benchmark_app.co
                0x00000000000473e0                sfsb_channels
 *fill*         0x0000000000047558        0x8 
 .bss           0x0000000000047560     0x2030 obj_cooja/mtype56.o
 *fill*         0x0000000000049590       0x10 
 .bss           0x00000000000495a0      0x190 obj_cooja/idip.o
 *fill*         0x0000000000049730       0x10 
 .bss           0x0000000000049740       0x38 obj_cooja/statistics.o
 .bss           0x0000000000049778       0x10 obj_cooja/neighbor-quality.o
 *fill*         0x0000000000049788       0x18 
 .bss           0x00000000000497a0       0x80 obj_cooja/contikimac.o
 .bss           0x0000000000049820        0x0 obj_cooja/contikimac-framer.o
 .bss           0x0000000000049820        0x0 obj_cooja/chacha.o
 .bss           0x0000000000049820      0x1c0 obj_cooja/simplesec.o
 .bss           0x00000000000499e0        0x0 obj_cooja/mtype56.a(sixtop.o)
 .bss           0x00000000000499e0       0x31 obj_cooja/mtype56.a(sfsb.o)
                0x00000000000499e0                already_init
 *fill*         0x0000000000049a11        0xf 
 .bss           0x0000000000049a20      0xac4 obj_cooja/mtype56.a(blacklist.o)
 *fill*         0x000000000004a4e4       0x1c 
 .bss           0x000000000004a500      0x254 obj_cooja/mtype56.a(neighbors.o)
 .bss           0x000000000004a754        0x1 obj_cooja/mtype56.a(simEnvChange.o)
                0x000000000004a754                simDontFallAsleep
 *fill*         0x000000000004a755        0x3 
 .bss           0x000000000004a758        0x4 obj_cooja/mtype56.a(cooja_mt.o)
 .bss           0x000000000004a75c        0x4 obj_cooja/mtype56.a(cooja_mtarch.o)
 .bss           0x000000000004a760        0x0 obj_cooja/mtype56.a(rtimer-arch.o)
 .bss           0x000000000004a760        0x0 obj_cooja/mtype56.a(watchdog.o)
 .bss           0x000000000004a760        0x0 obj_cooja/mtype56.a(beep.o)
 .bss           0x000000000004a760        0x8 obj_cooja/mtype56.a(button-sensor.o)
 .bss           0x000000000004a768        0x0 obj_cooja/mtype56.a(leds-arch.o)
 .bss           0x000000000004a768        0x0 obj_cooja/mtype56.a(moteid.o)
 .bss           0x000000000004a768        0x1 obj_cooja/mtype56.a(pir-sensor.o)
                0x000000000004a768                simPirValue
 *fill*         0x000000000004a769        0x3 
 .bss           0x000000000004a76c        0x4 obj_cooja/mtype56.a(rs232.o)
 .bss           0x000000000004a770        0x1 obj_cooja/mtype56.a(vib-sensor.o)
                0x000000000004a770                simVibValue
 .bss           0x000000000004a771        0x0 obj_cooja/mtype56.a(clock.o)
 *fill*         0x000000000004a771        0xf 
 .bss           0x000000000004a780      0x420 obj_cooja/mtype56.a(log.o)
 .bss           0x000000000004aba0      0xfc0 obj_cooja/mtype56.a(cfs-cooja.o)
                0x000000000004aba0                simCFSData
                0x000000000004bb40                simCFSSize
                0x000000000004bb44                simCFSChanged
                0x000000000004bb48                simCFSRead
                0x000000000004bb4c                simCFSWritten
 .bss           0x000000000004bb60       0x24 obj_cooja/mtype56.a(cooja-radio.o)
                0x000000000004bb60                simReceiving
                0x000000000004bb64                simInSize
                0x000000000004bb68                simLastPacketTimestamp
                0x000000000004bb70                simOutSize
 .bss           0x000000000004bb84        0xc obj_cooja/mtype56.a(eeprom.o)
                0x000000000004bb84                simEEPROMChanged
                0x000000000004bb88                simEEPROMRead
                0x000000000004bb8c                simEEPROMWritten
 .bss           0x000000000004bb90        0x0 obj_cooja/mtype56.a(random.o)
 .bss           0x000000000004bb90        0xc obj_cooja/mtype56.a(sensors.o)
 *fill*         0x000000000004bb9c        0x4 
 .bss           0x000000000004bba0     0x6a34 obj_cooja/mtype56.a(tsch-queue.o)
 *fill*         0x00000000000525d4        0xc 
 .bss           0x00000000000525e0      0x498 obj_cooja/mtype56.a(tsch-schedule.o)
 *fill*         0x0000000000052a78        0x8 
 .bss           0x0000000000052a80      0x198 obj_cooja/mtype56.a(tsch-slot-opera)
                0x0000000000052a80                last_timesource_neighbor
                0x0000000000052a84                current_link
 *fill*         0x0000000000052c18        0x8 
 .bss           0x0000000000052c20      0x108 obj_cooja/mtype56.a(tsch.o)
                0x0000000000052c20                tsch_is_started
                0x0000000000052c24                tsch_is_initialized
                0x0000000000052c28                tsch_is_coordinator
                0x0000000000052c2c                tsch_is_associated
                0x0000000000052c30                tsch_is_pan_secured
 .bss           0x0000000000052d28        0x0 obj_cooja/mtype56.a(autostart.o)
 .bss           0x0000000000052d28        0x5 obj_cooja/mtype56.a(ctimer.o)
 *fill*         0x0000000000052d2d        0x3 
 .bss           0x0000000000052d30        0x8 obj_cooja/mtype56.a(etimer.o)
 *fill*         0x0000000000052d38        0x8 
 .bss           0x0000000000052d40      0x1a1 obj_cooja/mtype56.a(process.o)
                0x0000000000052d40                process_list
                0x0000000000052d44                process_current
 *fill*         0x0000000000052ee1        0x3 
 .bss           0x0000000000052ee4        0x4 obj_cooja/mtype56.a(rtimer.o)
 .bss           0x0000000000052ee8        0x0 obj_cooja/mtype56.a(timer.o)
 *fill*         0x0000000000052ee8       0x18 
 .bss           0x0000000000052f00      0x140 obj_cooja/mtype56.a(serial-line.o)
 .bss           0x0000000000053040        0x0 obj_cooja/mtype56.a(assert.o)
 .bss           0x0000000000053040        0x0 obj_cooja/mtype56.a(crc16.o)
 .bss           0x0000000000053040        0x0 obj_cooja/mtype56.a(list.o)
 .bss           0x0000000000053040        0x0 obj_cooja/mtype56.a(memb.o)
 .bss           0x0000000000053040        0x0 obj_cooja/mtype56.a(ringbuf.o)
 .bss           0x0000000000053040        0x0 obj_cooja/mtype56.a(ringbufindex.o)