Archive member included to satisfy reference by file (symbol)

obj_cooja/mtype786.a(sixtop.o)
                              benchmark_app.co (sixtop_add_sf)
obj_cooja/mtype786.a(sfsb.o)  benchmark_app.co (sfsb_bl_send)
obj_cooja/mtype786.a(blacklist.o)
                              obj_cooja/mtype786.a(sfsb.o) (sfsb_bl_init)
obj_cooja/mtype786.a(neighbors.o)
                              obj_cooja/mtype786.a(sfsb.o) (sfsb_nbr_init)
obj_cooja/mtype786.a(simEnvChange.o)
                              obj_cooja/mtype786.o (simDontFallAsleep)
obj_cooja/mtype786.a(cooja_mt.o)
                              obj_cooja/mtype786.o (cooja_mt_start)
obj_cooja/mtype786.a(cooja_mtarch.o)
                              obj_cooja/mtype786.a(cooja_mt.o) (cooja_mtarch_init)
obj_cooja/mtype786.a(rtimer-arch.o)
                              obj_cooja/mtype786.o (rtimer_arch_check)
obj_cooja/mtype786.a(watchdog.o)
                              obj_cooja/contikimac.o (watchdog_periodic)
obj_cooja/mtype786.a(beep.o)  obj_cooja/mtype786.o (beep_interface)
obj_cooja/mtype786.a(button-sensor.o)
                              obj_cooja/mtype786.o (button_interface)
obj_cooja/mtype786.a(leds-arch.o)
                              obj_cooja/mtype786.o (leds_interface)
obj_cooja/mtype786.a(moteid.o)
                              obj_cooja/mtype786.o (moteid_interface)
obj_cooja/mtype786.a(pir-sensor.o)
                              obj_cooja/mtype786.o (pir_interface)
obj_cooja/mtype786.a(rs232.o)
                              obj_cooja/mtype786.o (rs232_interface)
obj_cooja/mtype786.a(vib-sensor.o)
                              obj_cooja/mtype786.o (vib_interface)
obj_cooja/mtype786.a(clock.o)
                              obj_cooja/mtype786.o (clock_interface)
obj_cooja/mtype786.a(log.o)   obj_cooja/mtype786.o (simlog_interface)
obj_cooja/mtype786.a(cfs-cooja.o)
                              obj_cooja/mtype786.o (cfs_interface)
obj_cooja/mtype786.a(cooja-radio.o)
                              obj_cooja/mtype786.o (radio_interface)
obj_cooja/mtype786.a(eeprom.o)
                              obj_cooja/mtype786.o (eeprom_interface)
obj_cooja/mtype786.a(random.o)
                              benchmark_app.co (random_init)
obj_cooja/mtype786.a(sensors.o)
                              obj_cooja/mtype786.o (sensors_process)
obj_cooja/mtype786.a(tsch-queue.o)
                              obj_cooja/mtype786.a(neighbors.o) (tsch_queue_get_nbr)
obj_cooja/mtype786.a(tsch-schedule.o)
                              obj_cooja/mtype786.a(sfsb.o) (tsch_schedule_get_slotframe_by_handle)
obj_cooja/mtype786.a(tsch-slot-opera)
                              obj_cooja/mtype786.a(tsch-schedule.o) (current_link)
obj_cooja/mtype786.a(tsch.o)  benchmark_app.co (tsch_hopping_sequence)
obj_cooja/mtype786.a(autostart.o)
                              obj_cooja/mtype786.o (autostart_start)
obj_cooja/mtype786.a(ctimer.o)
                              obj_cooja/mtype786.o (ctimer_init)
obj_cooja/mtype786.a(etimer.o)
                              obj_cooja/mtype786.o (etimer_process)
obj_cooja/mtype786.a(process.o)
                              obj_cooja/mtype786.a(ctimer.o) (process_current)
obj_cooja/mtype786.a(rtimer.o)
                              obj_cooja/contikimac.o (rtimer_set)
obj_cooja/mtype786.a(timer.o)
                              obj_cooja/mtype786.a(button-sensor.o) (timer_set)
obj_cooja/mtype786.a(serial-line.o)
                              obj_cooja/mtype786.a(rs232.o) (serial_line_input_byte)
obj_cooja/mtype786.a(assert.o)
                              obj_cooja/mtype786.a(sixtop.o) (_xassert)
obj_cooja/mtype786.a(crc16.o)
                              benchmark_app.co (crc16_data)
obj_cooja/mtype786.a(list.o)  obj_cooja/mtype786.a(blacklist.o) (list_init)
obj_cooja/mtype786.a(memb.o)  obj_cooja/mtype786.a(tsch-queue.o) (memb_init)
obj_cooja/mtype786.a(ringbuf.o)
                              obj_cooja/mtype786.a(serial-line.o) (ringbuf_init)
obj_cooja/mtype786.a(ringbufindex.o)
                              obj_cooja/mtype786.a(tsch-queue.o) (ringbufindex_init)
obj_cooja/mtype786.a(uip-ds6-nbr.o)
                              benchmark_app.co (ds6_neighbors)
obj_cooja/mtype786.a(uip-ds6.o)
                              benchmark_app.co (uip_ds6_if)
obj_cooja/mtype786.a(uip6.o)  benchmark_app.co (uip_lladdr)
obj_cooja/mtype786.a(tcpip.o)
                              benchmark_app.co (tcpip_event)
obj_cooja/mtype786.a(uip-debug.o)
                              benchmark_app.co (uip_debug_ipaddr_print)
obj_cooja/mtype786.a(uip-packetqueue)
                              obj_cooja/mtype786.a(uip-ds6-nbr.o) (uip_packetqueue_new)
obj_cooja/mtype786.a(uip-udp-packet.)
                              benchmark_app.co (uip_udp_packet_sendto)
obj_cooja/mtype786.a(rpl-dag.o)
                              benchmark_app.co (rpl_set_root)
obj_cooja/mtype786.a(rpl-ext-header.)
                              obj_cooja/mtype786.a(uip6.o) (rpl_verify_hbh_header)
[...]
Memory Configuration

Name             Origin             Length             Attributes
*default*        0x0000000000000000 0xffffffffffffffff

Linker script and memory map

LOAD /usr/lib/gcc/i686-linux-gnu/4.8/../../../i386-linux-gnu/crti.o
LOAD /usr/lib/gcc/i686-linux-gnu/4.8/crtbeginS.o
LOAD benchmark_app.co
LOAD obj_cooja/mtype786.o
LOAD obj_cooja/idip.o
LOAD obj_cooja/statistics.o
LOAD obj_cooja/neighbor-quality.o
LOAD obj_cooja/contikimac.o
LOAD obj_cooja/contikimac-framer.o
LOAD obj_cooja/chacha.o
LOAD obj_cooja/simplesec.o
LOAD obj_cooja/mtype786.a
LOAD /usr/lib/gcc/i686-linux-gnu/4.8/libgcc.a
LOAD /usr/lib/gcc/i686-linux-gnu/4.8/libgcc_s.so
LOAD /usr/lib/gcc/i686-linux-gnu/4.8/../../../i386-linux-gnu/libc.so
START GROUP
LOAD /lib/i386-linux-gnu/libc.so.6
LOAD /usr/lib/i386-linux-gnu/libc_nonshared.a
LOAD /lib/i386-linux-gnu/ld-linux.so.2
END GROUP
LOAD /usr/lib/gcc/i686-linux-gnu/4.8/libgcc.a
LOAD /usr/lib/gcc/i686-linux-gnu/4.8/libgcc_s.so
LOAD /usr/lib/gcc/i686-linux-gnu/4.8/crtendS.o
LOAD /usr/lib/gcc/i686-linux-gnu/4.8/../../../i386-linux-gnu/crtn.o
                0x0000000000000114                . = (0x0 + SIZEOF_HEADERS)

.note.gnu.build-id
                0x0000000000000114       0x24
 *(.note.gnu.build-id)
 .note.gnu.build-id
                0x0000000000000114       0x24 /usr/lib/gcc/i686-linux-gnu/4.8/../../../i386-linux-gnu/crti.o

.hash
 *(.hash)

.gnu.hash       0x0000000000000138     0x15dc
 *(.gnu.hash)
 .gnu.hash      0x0000000000000138     0x15dc /usr/lib/gcc/i686-linux-gnu/4.8/../../../i386-linux-gnu/crti.o

.dynsym         0x0000000000001714     0x2fc0
 *(.dynsym)
 .dynsym        0x0000000000001714     0x2fc0 /usr/lib/gcc/i686-linux-gnu/4.8/../../../i386-linux-gnu/crti.o

.dynstr         0x00000000000046d4     0x3619
 *(.dynstr)
 .dynstr        0x00000000000046d4     0x3619 /usr/lib/gcc/i686-linux-gnu/4.8/../../../i386-linux-gnu/crti.o

.gnu.version    0x0000000000007cee      0x5f8
 *(.gnu.version)
 .gnu.version   0x0000000000007cee      0x5f8 /usr/lib/gcc/i686-linux-gnu/4.8/../../../i386-linux-gnu/crti.o

.gnu.version_d  0x00000000000082e8        0x0
 *(.gnu.version_d)
 .gnu.version_d
                0x0000000000000000        0x0 /usr/lib/gcc/i686-linux-gnu/4.8/../../../i386-linux-gnu/crti.o

.gnu.version_r  0x00000000000082e8       0x40
 *(.gnu.version_r)
 .gnu.version_r
                0x00000000000082e8       0x40 /usr/lib/gcc/i686-linux-gnu/4.8/../../../i386-linux-gnu/crti.o

.rel.dyn        0x0000000000008328     0xbf10
 *(.rel.init)
 .rel.init      0x0000000000000000        0x0 /usr/lib/gcc/i686-linux-gnu/4.8/../../../i386-linux-gnu/crti.o
 *(.rel.text .rel.text.* .rel.gnu.linkonce.t.*)
 .rel.text      0x0000000000008328     0xb568 /usr/lib/gcc/i686-linux-gnu/4.8/../../../i386-linux-gnu/crti.o
 *(.rel.fini)
 .rel.fini      0x0000000000000000        0x0 /usr/lib/gcc/i686-linux-gnu/4.8/../../../i386-linux-gnu/crti.o
 *(.rel.rodata .rel.rodata.* .rel.gnu.linkonce.r.*)
 .rel.rodata    0x0000000000013890      0x5a8 /usr/lib/gcc/i686-linux-gnu/4.8/../../../i386-linux-gnu/crti.o
 *(.rel.data.rel.ro .rel.data.rel.ro.* .rel.gnu.linkonce.d.rel.ro.*)
 *(.rel.data .rel.data.* .rel.gnu.linkonce.d.*)
 .rel.data.rel  0x0000000000013e38        0x8 /usr/lib/gcc/i686-linux-gnu/4.8/../../../i386-linux-gnu/crti.o
 .rel.data      0x0000000000013e40      0x3c0 /usr/lib/gcc/i686-linux-gnu/4.8/../../../i386-linux-gnu/crti.o
 *(.rel.tdata .rel.tdata.* .rel.gnu.linkonce.td.*)
 *(.rel.tbss .rel.tbss.* .rel.gnu.linkonce.tb.*)
 *(.rel.ctors)
 *(.rel.dtors)
 *(.rel.got)
 .rel.got       0x0000000000014200       0x28 /usr/lib/gcc/i686-linux-gnu/4.8/../../../i386-linux-gnu/crti.o
 *(.rel.bss .rel.bss.* .rel.gnu.linkonce.b.*)
 *(.rel.ifunc)
 .rel.ifunc     0x0000000000000000        0x0 /usr/lib/gcc/i686-linux-gnu/4.8/../../../i386-linux-gnu/crti.o
 .rel.fini_array
                0x0000000000014228        0x8 /usr/lib/gcc/i686-linux-gnu/4.8/../../../i386-linux-gnu/crti.o
 .rel.init_array
                0x0000000000014230        0x8 /usr/lib/gcc/i686-linux-gnu/4.8/../../../i386-linux-gnu/crti.o

.rel.plt        0x0000000000014238       0x10
 *(.rel.plt)
 .rel.plt       0x0000000000014238       0x10 /usr/lib/gcc/i686-linux-gnu/4.8/../../../i386-linux-gnu/crti.o
 *(.rel.iplt)

.init           0x0000000000014248       0x23
 *(SORT(.init))
 .init          0x0000000000014248       0x1e /usr/lib/gcc/i686-linux-gnu/4.8/../../../i386-linux-gnu/crti.o
                0x0000000000014248                _init
 .init          0x0000000000014266        0x5 /usr/lib/gcc/i686-linux-gnu/4.8/../../../i386-linux-gnu/crtn.o

.plt            0x0000000000014270       0x30
 *(.plt)
 .plt           0x0000000000014270       0x30 /usr/lib/gcc/i686-linux-gnu/4.8/../../../i386-linux-gnu/crti.o
 *(.iplt)

.text           0x00000000000142a0    0x20bb4
 *(.text.unlikely .text.*_unlikely .text.unlikely.*)
 *(.text.exit .text.exit.*)
 *(.text.startup .text.startup.*)
 *(.text.hot .text.hot.*)
 *(.text .stub .text.* .gnu.linkonce.t.*)
 .text          0x00000000000142a0        0x0 /usr/lib/gcc/i686-linux-gnu/4.8/../../../i386-linux-gnu/crti.o
 .gnu.linkonce.t.__x86.get_pc_thunk.bx
                0x00000000000142a0        0x4 /usr/lib/gcc/i686-linux-gnu/4.8/../../../i386-linux-gnu/crti.o
                0x00000000000142a0                __x86.get_pc_thunk.bx
 *fill*         0x00000000000142a4        0xc 
 .text          0x00000000000142b0      0x11b /usr/lib/gcc/i686-linux-gnu/4.8/crtbeginS.o
 .text          0x00000000000143cb      0xe69 benchmark_app.co
                0x00000000000143e5                print_neighbor_table
 .text          0x0000000000015234      0x68d obj_cooja/mtype786.o
                0x000000000001536a                contiki_init
                0x0000000000015759                Java_org_contikios_cooja_corecomm_Lib3_init
                0x0000000000015799                Java_org_contikios_cooja_corecomm_Lib3_getMemory
                0x00000000000157d9                Java_org_contikios_cooja_corecomm_Lib3_setMemory
                0x0000000000015850                Java_org_contikios_cooja_corecomm_Lib3_tick
                0x00000000000158af                Java_org_contikios_cooja_corecomm_Lib3_setReferenceAddress
 .text          0x00000000000158c1      0x3c8 obj_cooja/idip.o
                0x00000000000158c1                initIdIp
                0x0000000000015916                addIpAddress
                0x0000000000015a0e                getIpAddress
                0x0000000000015af8                getId
                0x0000000000015b7f                removeByAddress
                0x0000000000015c0c                removeById
 .text          0x0000000000015c89       0xcb obj_cooja/statistics.o
                0x0000000000015c89                statistics_reset
                0x0000000000015cb2                statistics_add
                0x0000000000015cce                statistics_set
                0x0000000000015ce0                statistics_get
                0x0000000000015cf8                statistics_print
 .text          0x0000000000015d54      0x1dd obj_cooja/neighbor-quality.o
                0x0000000000015e17                neighbor_quality_save
                0x0000000000015e63                custom_ipv6_neighbor_callback
                0x0000000000015efa                neighbor_quality_get
 .text          0x0000000000015f31      0xe6e obj_cooja/contikimac.o
                0x0000000000016d95                contikimac_debug_print
 .text          0x0000000000016d9f      0x151 obj_cooja/contikimac-framer.o
 .text          0x0000000000016ef0      0x6ac obj_cooja/chacha.o
                0x00000000000172ba                ECRYPT_init
                0x00000000000172c0                ECRYPT_keysetup
                0x0000000000017371                ECRYPT_ivsetup
                0x00000000000173a1                ECRYPT_encrypt_bytes
                0x00000000000174a6                ECRYPT_encrypt_byte
                0x000000000001752c                ECRYPT_decrypt_bytes
                0x0000000000017554                ECRYPT_keystream_bytes
 .text          0x000000000001759c      0x394 obj_cooja/simplesec.o
                0x00000000000175e3                set_mic
                0x00000000000175f4                set_key
 .text          0x0000000000017930      0x63d obj_cooja/mtype786.a(sixtop.o)
                0x00000000000179a9                strip_payload_termination_ie
                0x00000000000179dc                sixtop_add_sf
                0x0000000000017acf                sixtop_find_sf
                0x0000000000017b21                sixtop_output
                0x0000000000017d58                sixtop_input
                0x0000000000017ef1                sixtop_init
                0x0000000000017f24                sixtop_init_sf
 .text          0x0000000000017f6d     0x14de obj_cooja/mtype786.a(sfsb.o)
                0x0000000000017f6d                sfsb_new_nbr
                0x0000000000018a77                sfsb_bl_send
                0x0000000000018f03                sfsb_add_links
                0x0000000000019212                sfsb_remove_links
 .text          0x000000000001944b      0x8f5 obj_cooja/mtype786.a(blacklist.o)
                0x000000000001944b                sfsb_bl_init
                0x0000000000019480                sfsb_bl_check
                0x0000000000019569                sfsb_bl_add_update
                0x000000000001959d                sfsb_bl_generic_add_update
                0x0000000000019696                sfsb_bl_get
                0x00000000000196ba                sfsb_bl_generic_get
                0x0000000000019702                sfsb_bl_update
                0x0000000000019783                sfsb_bl_remove
                0x00000000000197a7                sfsb_bl_generic_remove
                0x00000000000197fb                sfsb_bl_callback_delete
                0x0000000000019828                sfsb_bl_pack
                0x00000000000198f5                sfsb_bl_unpack
                0x0000000000019a4e                sfsb_bl_updated
                0x0000000000019b0a                sfsb_bl_notify_process
                0x0000000000019c1c                sfsb_bl_set_lifetime
                0x0000000000019c4e                sfsb_bl_print
 .text          0x0000000000019d40      0x1c2 obj_cooja/mtype786.a(neighbors.o)
                0x0000000000019d40                sfsb_nbr_init
                0x0000000000019d61                sfsb_nbr_add
                0x0000000000019dd9                sfsb_nbr_remove
                0x0000000000019e1b                sfsb_nbr_get
                0x0000000000019e6c                sfsb_nbr_num_dedi_links
                0x0000000000019e99                sfsb_nbr_num_links
                0x0000000000019ec6                sfsb_nbr_do_per_nbr
 .text          0x0000000000019f02       0x63 obj_cooja/mtype786.a(simEnvChange.o)
                0x0000000000019f02                doActionsBeforeTick
                0x0000000000019f33                doActionsAfterTick
 .text          0x0000000000019f65       0xbc obj_cooja/mtype786.a(cooja_mt.o)
                0x0000000000019f65                cooja_mt_init
                0x0000000000019f72                cooja_mt_remove
                0x0000000000019f7f                cooja_mt_start
                0x0000000000019fac                cooja_mt_exec
                0x0000000000019fdd                cooja_mt_exit
                0x0000000000019fff                cooja_mt_yield
 .text          0x000000000001a021      0x115 obj_cooja/mtype786.a(cooja_mtarch.o)
                0x000000000001a021                cooja_mtarch_init
                0x000000000001a026                cooja_mtarch_start
                0x000000000001a0a1                cooja_sw
                0x000000000001a0c3                cooja_mtarch_exec
                0x000000000001a0df                cooja_mtarch_remove
                0x000000000001a0e4                cooja_mtarch_yield
                0x000000000001a0ee                cooja_mtarch_pstop
                0x000000000001a0f3                cooja_mtarch_pstart
                0x000000000001a0f8                cooja_mtarch_stack_usage
 .text          0x000000000001a136       0xc3 obj_cooja/mtype786.a(rtimer-arch.o)
                0x000000000001a136                rtimer_arch_init
                0x000000000001a159                rtimer_arch_schedule
                0x000000000001a188                rtimer_arch_next
                0x000000000001a198                rtimer_arch_pending
                0x000000000001a1a2                rtimer_arch_check
                0x000000000001a1e9                rtimer_arch_now
 .text          0x000000000001a1f9       0x19 obj_cooja/mtype786.a(watchdog.o)
                0x000000000001a1f9                watchdog_init
                0x000000000001a1fe                watchdog_start
                0x000000000001a203                watchdog_periodic
                0x000000000001a208                watchdog_stop
                0x000000000001a20d                watchdog_reboot
 .text          0x000000000001a212       0x76 obj_cooja/mtype786.a(beep.o)
                0x000000000001a212                beep_alarm
                0x000000000001a21e                beep_beep
                0x000000000001a22a                beep
                0x000000000001a236                beep_down
                0x000000000001a242                beep_on
                0x000000000001a24e                beep_off
                0x000000000001a25a                beep_spinup
                0x000000000001a266                beep_quick
                0x000000000001a272                beep_long
 .text          0x000000000001a288      0x103 obj_cooja/mtype786.a(button-sensor.o)
 .text          0x000000000001a38b       0x45 obj_cooja/mtype786.a(leds-arch.o)
                0x000000000001a38b                leds_arch_init
                0x000000000001a397                leds_arch_get
                0x000000000001a3a3                leds_arch_set
 .text          0x000000000001a3d0       0x2f obj_cooja/mtype786.a(moteid.o)
 .text          0x000000000001a3ff       0xb1 obj_cooja/mtype786.a(pir-sensor.o)
 .text          0x000000000001a4b0      0x131 obj_cooja/mtype786.a(rs232.o)
                0x000000000001a4b0                rs232_init
                0x000000000001a4b5                rs232_set_speed
                0x000000000001a4c3                rs232_set_input
                0x000000000001a4d0                rs232_send
                0x000000000001a4f2                rs232_print
                0x000000000001a50d                slip_arch_writeb
 .text          0x000000000001a5e1       0xb1 obj_cooja/mtype786.a(vib-sensor.o)
 .text          0x000000000001a692       0x34 obj_cooja/mtype786.a(clock.o)
                0x000000000001a692                clock_init
                0x000000000001a697                clock_time
                0x000000000001a6a1                clock_seconds
                0x000000000001a6b7                clock_delay
 .text          0x000000000001a6c6      0x1ed obj_cooja/mtype786.a(log.o)
                0x000000000001a6c6                simlog_char
                0x000000000001a708                simlog
                0x000000000001a775                log_message
                0x000000000001a79d                log_set_putchar_with_slip
                0x000000000001a7aa                log_putchar
                0x000000000001a82e                log_puts
                0x000000000001a852                log_printf
 .text          0x000000000001a8b3      0x2c4 obj_cooja/mtype786.a(cfs-cooja.o)
                0x000000000001a8b3                cfs_open
                0x000000000001a91c                cfs_close
                0x000000000001a928                cfs_read
                0x000000000001a9c6                cfs_write
                0x000000000001aaa3                cfs_seek
                0x000000000001ab2b                cfs_remove
                0x000000000001ab54                cfs_opendir
                0x000000000001ab5e                cfs_readdir
                0x000000000001ab68                cfs_closedir
 .text          0x000000000001ab77      0x614 obj_cooja/mtype786.a(cooja-radio.o)
                0x000000000001abdf                radio_set_channel
                0x000000000001abec                radio_set_txpower
                0x000000000001ac03                radio_signal_strength_last
                0x000000000001ac0d                radio_signal_strength_current
                0x000000000001ac17                radio_LQI
 .text          0x000000000001b18b       0xef obj_cooja/mtype786.a(eeprom.o)
                0x000000000001b18b                eeprom_init
                0x000000000001b190                eeprom_read
                0x000000000001b200                eeprom_write
 .text          0x000000000001b27a       0x28 obj_cooja/mtype786.a(random.o)
                0x000000000001b27a                random_init
                0x000000000001b295                random_rand
 .text          0x000000000001b2a2      0x2a1 obj_cooja/mtype786.a(sensors.o)
                0x000000000001b2dd                sensors_first
                0x000000000001b2e7                sensors_next
                0x000000000001b304                sensors_changed
                0x000000000001b333                sensors_find
 .text          0x000000000001b543      0xaf8 obj_cooja/mtype786.a(tsch-queue.o)
                0x000000000001b543                tsch_queue_add_nbr
                0x000000000001b665                tsch_queue_get_nbr
                0x000000000001b6bf                tsch_queue_get_time_source
                0x000000000001b70b                tsch_queue_update_time_source
                0x000000000001b859                tsch_queue_get_nbr_head
                0x000000000001b9d8                tsch_queue_add_packet
                0x000000000001bb84                tsch_queue_packet_count
                0x000000000001bbc5                tsch_queue_remove_packet_from_queue
                0x000000000001bc53                tsch_queue_free_packet
                0x000000000001bc81                tsch_queue_reset
                0x000000000001bcd4                tsch_queue_free_unused_neighbors
                0x000000000001bd4c                tsch_queue_is_empty
                0x000000000001bd81                tsch_queue_get_packet_for_nbr
                0x000000000001be01                tsch_queue_get_packet_for_dest_addr
                0x000000000001be33                tsch_queue_get_unicast_packet_for_any
                0x000000000001beba                tsch_queue_backoff_expired
                0x000000000001bece                tsch_queue_backoff_reset
                0x000000000001bee1                tsch_queue_backoff_inc
                0x000000000001bf4b                tsch_queue_update_all_backoff_windows
                0x000000000001bfec                tsch_queue_init
 .text          0x000000000001c03b      0xaf5 obj_cooja/mtype786.a(tsch-schedule.o)
                0x000000000001c03b                tsch_schedule_add_slotframe
                0x000000000001c142                tsch_schedule_remove_all_slotframes
                0x000000000001c17d                tsch_schedule_remove_slotframe
                0x000000000001c223                tsch_schedule_get_slotframe_by_handle
                0x000000000001c278                tsch_schedule_get_link_by_handle
                0x000000000001c2f4                tsch_schedule_add_link
                0x000000000001c4c4                tsch_schedule_remove_link
                0x000000000001c65a                tsch_schedule_remove_link_by_timeslot
                0x000000000001c6a1                tsch_schedule_get_link_by_timeslot
                0x000000000001c702                tsch_schedule_get_next_active_link
                0x000000000001c918                tsch_schedule_init
                0x000000000001c95f                tsch_schedule_create_minimal
                0x000000000001ca1c                tsch_schedule_print
 .text          0x000000000001cb30     0x1cfb obj_cooja/mtype786.a(tsch-slot-opera)
                0x000000000001cb30                printRxSlotTimings
                0x000000000001cb35                printTxSlotTimings
                0x000000000001cb3a                tsch_is_locked
                0x000000000001cb44                tsch_get_lock
                0x000000000001cc5d                tsch_release_lock
                0x000000000001cc6c                tsch_calculate_channel
                0x000000000001e6be                tsch_slot_operation_start
                0x000000000001e7d3                tsch_slot_operation_sync
 .text          0x000000000001e82b     0x193a obj_cooja/mtype786.a(tsch.o)
                0x000000000001e8be                tsch_set_coordinator
                0x000000000001e8da                tsch_set_pan_secured
                0x000000000001e8e9                tsch_set_join_priority
                0x000000000001e900                tsch_set_ka_timeout
                0x000000000001e90d                tsch_set_eb_period
                0x000000000001e927                tsch_set_minimal_schedule_length
                0x000000000001eab4                tsch_schedule_keepalive
                0x000000000001ef50                tsch_disassociate
                0x000000000001f510                tsch_scan
 .text          0x0000000000020165       0x8e obj_cooja/mtype786.a(autostart.o)
                0x0000000000020165                autostart_start
                0x00000000000201b0                autostart_exit
 .text          0x00000000000201f3      0x334 obj_cooja/mtype786.a(ctimer.o)
                0x000000000002030a                ctimer_init
                0x000000000002033a                ctimer_set
                0x000000000002036b                ctimer_set_with_process
                0x00000000000203e7                ctimer_reset
                0x0000000000020436                ctimer_restart
                0x0000000000020485                ctimer_stop
                0x00000000000204d0                ctimer_expired
 .text          0x0000000000020527      0x40b obj_cooja/mtype786.a(etimer.o)
                0x000000000002073a                etimer_request_poll
                0x00000000000207be                etimer_set
                0x00000000000207e3                etimer_reset_with_new_interval
                0x000000000002080a                etimer_reset
                0x0000000000020828                etimer_restart
                0x0000000000020846                etimer_adjust
                0x0000000000020862                etimer_expired
                0x0000000000020875                etimer_expiration_time
                0x0000000000020887                etimer_start_time
                0x0000000000020891                etimer_pending
                0x00000000000208a3                etimer_next_expiration_time
                0x00000000000208bd                etimer_stop
 .text          0x0000000000020932      0x51a obj_cooja/mtype786.a(process.o)
                0x0000000000020932                process_alloc_event
                0x0000000000020947                process_start
                0x0000000000020b30                process_exit
                0x0000000000020b4c                process_init
                0x0000000000020cee                process_run
                0x0000000000020d21                process_nevents
                0x0000000000020d3c                process_post
                0x0000000000020dd1                process_post_synch
                0x0000000000020e09                process_poll
                0x0000000000020e38                process_is_running
 .text          0x0000000000020e4c       0xe6 obj_cooja/mtype786.a(rtimer.o)
                0x0000000000020e4c                rtimer_init
                0x0000000000020e59                rtimer_set
                0x0000000000020ed5                rtimer_run_next
 .text          0x0000000000020f32       0x91 obj_cooja/mtype786.a(timer.o)
                0x0000000000020f32                timer_set
                0x0000000000020f4d                timer_reset
                0x0000000000020f64                timer_restart
                0x0000000000020f76                timer_expired
                0x0000000000020f9f                timer_remaining
 .text          0x0000000000020fc3      0x1fb obj_cooja/mtype786.a(serial-line.o)
                0x0000000000020fc3                serial_line_input_byte
                0x0000000000021186                serial_line_init
 .text          0x00000000000211be       0x22 obj_cooja/mtype786.a(assert.o)
                0x00000000000211be                _xassert
 .text          0x00000000000211e0       0xbd obj_cooja/mtype786.a(crc16.o)
                0x00000000000211e0                crc16_add
                0x0000000000021254                crc16_data
 .text          0x000000000002129d      0x244 obj_cooja/mtype786.a(list.o)
                0x000000000002129d                list_init
                0x00000000000212ab                list_head
                0x00000000000212b5                list_copy
                0x00000000000212c4                list_tail
                0x00000000000212fa                list_add
                0x0000000000021343                list_push
                0x000000000002136f                list_chop
                0x00000000000213d9                list_pop
                0x0000000000021401                list_remove
                0x0000000000021468                list_length
                0x0000000000021496                list_insert
                0x00000000000214ca                list_item_next
 .text          0x00000000000214e1      0x1c1 obj_cooja/mtype786.a(memb.o)
                0x00000000000214e1                memb_init
                0x000000000002153f                memb_alloc
                0x00000000000215a4                memb_free
                0x000000000002161f                memb_inmemb
                0x000000000002165e                memb_numfree
 .text          0x00000000000216a2      0x155 obj_cooja/mtype786.a(ringbuf.o)
                0x00000000000216a2                ringbuf_init
                0x00000000000216d3                ringbuf_put
                0x0000000000021751                ringbuf_get
                0x00000000000217be                ringbuf_size
                0x00000000000217d0                ringbuf_elements
 .text          0x00000000000217f7      0x1eb obj_cooja/mtype786.a(ringbufindex.o)
                0x00000000000217f7                ringbufindex_init
                0x000000000002181f                ringbufindex_put
                0x000000000002187a                ringbufindex_peek_put
                0x00000000000218be                ringbufindex_get
                0x000000000002191e                ringbufindex_peek_get
                0x0000000000021959                ringbufindex_size
                0x000000000002196a                ringbufindex_elements
                0x0000000000021990                ringbufindex_full
                0x00000000000219c7                ringbufindex_empty
 .text          0x00000000000219e2      0x2b6 obj_cooja/mtype786.a(uip-ds6-nbr.o)
                0x00000000000219ff                uip_ds6_neighbors_init
                0x0000000000021a21                uip_ds6_nbr_add
                0x0000000000021aa9                uip_ds6_nbr_rm
                0x0000000000021aeb                uip_ds6_nbr_get_ipaddr
                0x0000000000021b00                uip_ds6_nbr_get_ll
                0x0000000000021b1c                uip_ds6_nbr_num
                0x0000000000021b61                uip_ds6_nbr_lookup
                0x0000000000021bc6                uip_ds6_nbr_ll_lookup
                0x0000000000021be2                uip_ds6_nbr_ipaddr_from_lladdr
                0x0000000000021c08                uip_ds6_nbr_lladdr_from_ipaddr
                0x0000000000021c36                uip_ds6_link_neighbor_callback
 .text          0x0000000000021c98      0xb97 obj_cooja/mtype786.a(uip-ds6.o)
                0x0000000000021c98                uip_ds6_init
                0x0000000000021e6b                uip_ds6_periodic
                0x0000000000021ee4                uip_ds6_list_loop
                0x0000000000021f8b                uip_ds6_prefix_add
                0x0000000000022049                uip_ds6_prefix_rm
                0x000000000002205b                uip_ds6_prefix_lookup
                0x00000000000220ac                uip_ds6_is_addr_onlink
                0x0000000000022120                uip_ds6_addr_add
                0x000000000002224e                uip_ds6_addr_rm
                0x00000000000222ee                uip_ds6_addr_lookup
                0x0000000000022339                uip_ds6_get_link_local
                0x00000000000223b8                uip_ds6_get_global
                0x0000000000022437                uip_ds6_maddr_add
                0x00000000000224a9                uip_ds6_maddr_rm
                0x00000000000224bb                uip_ds6_maddr_lookup
                0x0000000000022506                uip_ds6_aaddr_add
                0x0000000000022578                uip_ds6_aaddr_rm
                0x000000000002258a                uip_ds6_aaddr_lookup
                0x00000000000225d5                uip_ds6_select_src
                0x000000000002271a                uip_ds6_set_addr_iid
                0x0000000000022751                get_match_length
                0x00000000000227e3                uip_ds6_compute_reachable_time
 .text          0x000000000002282f     0x2746 obj_cooja/mtype786.a(uip6.o)
                0x000000000002282f                uip_add32
                0x00000000000229c8                uip_chksum
                0x0000000000022ab6                uip_icmp6chksum
                0x0000000000022aca                uip_tcpchksum
                0x0000000000022ade                uip_udpchksum
                0x0000000000022af2                uip_init
                0x0000000000022b7d                uip_connect
                0x0000000000022cfe                remove_ext_hdr
                0x0000000000022dd3                uip_udp_new
                0x0000000000022efa                uip_unlisten
                0x0000000000022f3c                uip_listen
                0x00000000000231e0                uip_process
                0x0000000000024e69                uip_htons
                0x0000000000024e8b                uip_htonl
                0x0000000000024ecb                uip_send
 .text          0x0000000000024f75      0x9af obj_cooja/mtype786.a(tcpip.o)
                0x0000000000024f75                tcpip_output
                0x0000000000024fa3                tcpip_set_outputfunc
                0x0000000000025037                tcp_connect
                0x000000000002508c                tcp_unlisten
                0x00000000000250e7                tcp_listen
                0x0000000000025140                tcp_attach
                0x0000000000025165                udp_attach
                0x000000000002518a                udp_new
                0x00000000000251dc                udp_broadcast_new
                0x0000000000025450                tcpip_input
                0x0000000000025484                tcpip_ipv6_output
                0x000000000002576a                tcpip_poll_udp
                0x000000000002578d                tcpip_poll_tcp
                0x00000000000257b0                tcpip_uipcall
 .text          0x0000000000025924      0x162 obj_cooja/mtype786.a(uip-debug.o)
                0x0000000000025924                uip_debug_ipaddr_print
 .text          0x0000000000025a86      0x141 obj_cooja/mtype786.a(uip-packetqueue)
                0x0000000000025ab2                uip_packetqueue_new
                0x0000000000025ac0                uip_packetqueue_alloc
                0x0000000000025b20                uip_packetqueue_free
                0x0000000000025b61                uip_packetqueue_buf
                0x0000000000025b7e                uip_packetqueue_buflen
                0x0000000000025b9f                uip_packetqueue_set_buflen
 .text          0x0000000000025bc7      0x12d obj_cooja/mtype786.a(uip-udp-packet.)
                0x0000000000025bc7                uip_udp_packet_send
                0x0000000000025c23                uip_udp_packet_sendto
 .text          0x0000000000025cf4     0x279e obj_cooja/mtype786.a(rpl-dag.o)
                0x0000000000025cf4                rpl_print_neighbor_list
                0x0000000000025eda                rpl_get_nbr
                0x0000000000025f24                rpl_dag_init
                0x0000000000025f41                rpl_get_parent
                0x0000000000025f63                rpl_get_parent_rank
                0x0000000000025f96                rpl_get_parent_link_metric
                0x0000000000025fed                rpl_rank_via_parent
                0x0000000000026044                rpl_get_parent_lladdr
                0x0000000000026060                rpl_get_parent_ipaddr
                0x0000000000026081                rpl_get_parent_link_stats
                0x00000000000260a2                rpl_parent_is_fresh
                0x00000000000260c3                rpl_parent_is_reachable
                0x000000000002641f                rpl_set_root
                0x0000000000026676                rpl_repair_root
                0x00000000000268b2                rpl_set_prefix
                0x00000000000269b1                rpl_set_default_route
                0x0000000000026a1f                rpl_alloc_instance
                0x0000000000026ab2                rpl_alloc_dag
                0x0000000000026b63                rpl_set_default_instance
                0x0000000000026b70                rpl_get_default_instance
                0x0000000000026b7a                rpl_free_instance
                0x0000000000026c29                rpl_free_dag
                0x0000000000026caa                rpl_add_parent
                0x0000000000026d57                rpl_find_parent
                0x0000000000026daf                rpl_find_parent_any_dag
                0x0000000000026deb                rpl_select_dag
                0x00000000000271e2                rpl_select_parent
                0x00000000000272bc                rpl_remove_parent
                0x00000000000272e3                rpl_nullify_parent
                0x00000000000273a4                rpl_move_parent
                0x000000000002745c                rpl_has_downward_route
                0x00000000000274af                rpl_get_dag
                0x000000000002759b                rpl_get_any_dag
                0x00000000000275fd                rpl_get_instance
                0x0000000000027660                rpl_find_of
                0x000000000002769d                rpl_join_instance
                0x000000000002795d                rpl_add_dag
                0x0000000000027d2d                rpl_local_repair
                0x0000000000027e05                rpl_recalculate_ranks
                0x0000000000027e8b                rpl_process_parent_event
                0x0000000000027fb8                rpl_process_dio
 .text          0x0000000000028492      0x9cf obj_cooja/mtype786.a(rpl-ext-header.)
                0x00000000000284af                rpl_verify_hbh_header
                0x0000000000028c32                rpl_remove_header
                0x0000000000028d95                rpl_update_header
 .text          0x0000000000028e61     0x1b37 obj_cooja/mtype786.a(rpl-icmp6.o)
                0x00000000000290c0                rpl_icmp6_update_nbr_table
                0x00000000000291b0                dis_output
                0x00000000000297e9                dio_output
                0x000000000002a547                dao_output
                0x000000000002a602                dao_output_target
                0x000000000002a94c                dao_ack_output
                0x000000000002a960                rpl_icmp6_register_handlers
 .text          0x000000000002a998      0x2e9 obj_cooja/mtype786.a(rpl-mrhof.o)
 .text          0x000000000002ac81      0x884 obj_cooja/mtype786.a(rpl-timers.o)
                0x000000000002af11                rpl_reset_periodic_timer
                0x000000000002af66                rpl_reset_dio_timer
                0x000000000002b18d                rpl_schedule_dao
                0x000000000002b1a8                rpl_schedule_dao_immediately
                0x000000000002b1c3                rpl_cancel_dao
                0x000000000002b225                rpl_schedule_unicast_dio_immediately
                0x000000000002b255                get_probing_delay
                0x000000000002b2d4                get_probing_target
                0x000000000002b4cb                rpl_schedule_probing
 .text          0x000000000002b505      0x56a obj_cooja/mtype786.a(rpl.o)
                0x000000000002b505                rpl_get_mode
                0x000000000002b50f                rpl_set_mode
                0x000000000002b59d                rpl_purge_routes
                0x000000000002b6a2                rpl_remove_routes
                0x000000000002b6e8                rpl_remove_routes_by_nexthop
                0x000000000002b749                rpl_add_route
                0x000000000002b7dc                rpl_link_neighbor_callback
                0x000000000002b8a6                rpl_ipv6_neighbor_callback
                0x000000000002b915                rpl_purge_dags
                0x000000000002b9f7                rpl_init
 .text          0x000000000002ba6f      0x33d obj_cooja/mtype786.a(link-stats.o)
                0x000000000002ba89                link_stats_from_lladdr
                0x000000000002baa5                link_stats_is_fresh
                0x000000000002bade                guess_etx_from_rssi
                0x000000000002bb5a                link_stats_packet_sent
                0x000000000002bc68                link_stats_input_callback
                0x000000000002bd6b                link_stats_init
 .text          0x000000000002bdac       0x67 obj_cooja/mtype786.a(linkaddr.o)
                0x000000000002bdac                linkaddr_copy
                0x000000000002bdce                linkaddr_cmp
                0x000000000002bdf8                linkaddr_set_node_addr
 .text          0x000000000002be13      0x837 obj_cooja/mtype786.a(nbr-table.o)
                0x000000000002c282                nbr_table_register
                0x000000000002c2ca                nbr_table_is_register
                0x000000000002c2f2                nbr_table_head
                0x000000000002c34e                nbr_table_next
                0x000000000002c3b5                nbr_table_add_lladdr
                0x000000000002c491                nbr_table_get_from_lladdr
                0x000000000002c4de                nbr_table_remove
                0x000000000002c530                nbr_table_lock
                0x000000000002c55a                nbr_table_unlock
                0x000000000002c584                nbr_table_get_lladdr
                0x000000000002c5b4                nbr_table_update_lladdr
 .text          0x000000000002c64a       0x5f obj_cooja/mtype786.a(net-debug.o)
                0x000000000002c64a                net_debug_lladdr_print
 .text          0x000000000002c6a9       0x2b obj_cooja/mtype786.a(netstack.o)
                0x000000000002c6a9                netstack_init
 .text          0x000000000002c6d4      0x3e0 obj_cooja/mtype786.a(packetbuf.o)
                0x000000000002c6d4                packetbuf_clear
                0x000000000002c6fe                packetbuf_copyfrom
                0x000000000002c750                packetbuf_compact
                0x000000000002c7cd                packetbuf_copyto
                0x000000000002c864                packetbuf_hdralloc
                0x000000000002c8e1                packetbuf_hdrreduce
                0x000000000002c929                packetbuf_set_datalen
                0x000000000002c942                packetbuf_dataptr
                0x000000000002c95f                packetbuf_hdrptr
                0x000000000002c969                packetbuf_datalen
                0x000000000002c975                packetbuf_hdrlen
                0x000000000002c98c                packetbuf_totlen
                0x000000000002c9a2                packetbuf_remaininglen
                0x000000000002c9b5                packetbuf_attr_clear
                0x000000000002ca07                packetbuf_attr_copyto
                0x000000000002ca50                packetbuf_attr_copyfrom
                0x000000000002ca98                packetbuf_holds_broadcast
 .text          0x000000000002cab4      0x2b7 obj_cooja/mtype786.a(queuebuf.o)
                0x000000000002cabe                queuebuf_init
                0x000000000002cade                queuebuf_numfree
                0x000000000002caf2                queuebuf_new_from_packetbuf
                0x000000000002cb82                queuebuf_update_attr_from_packetbuf
                0x000000000002cbb5                queuebuf_update_from_packetbuf
                0x000000000002cbff                queuebuf_free
                0x000000000002cc46                queuebuf_to_packetbuf
                0x000000000002ccac                queuebuf_dataptr
                0x000000000002cce3                queuebuf_datalen
                0x000000000002cd06                queuebuf_addr
                0x000000000002cd3b                queuebuf_attr
                0x000000000002cd66                queuebuf_debug_print
 .text          0x000000000002cd6b      0xa8d obj_cooja/mtype786.a(frame802154.o)
                0x000000000002cd9c                frame802154_get_pan_id
                0x000000000002cda8                frame802154_set_pan_id
                0x000000000002cdc1                frame802154_has_panid
                0x000000000002cf6e                frame802154_check_dest_panid
                0x000000000002cfdd                frame802154_is_broadcast_addr
                0x000000000002d02a                frame802154_extract_linkaddr
                0x000000000002d26a                frame802154_hdrlen
                0x000000000002d2bb                frame802154_create_fcf
                0x000000000002d372                frame802154_create
                0x000000000002d4bf                frame802154_parse_fcf
                0x000000000002d578                frame802154_parse
 .text          0x000000000002d7f8      0xf40 obj_cooja/mtype786.a(frame802154e-ie)
                0x000000000002d901                frame80215e_create_ie_header_ack_nack_time_correction
                0x000000000002d98b                frame80215e_create_ie_header_list_termination_1
                0x000000000002d9d3                frame80215e_create_ie_header_list_termination_2
                0x000000000002da1b                frame80215e_create_ie_payload_list_termination
                0x000000000002da63                frame80215e_create_ie_ietf
                0x000000000002daac                frame80215e_create_ie_mlme
                0x000000000002dafa                frame80215e_create_ie_tsch_synchronization
                0x000000000002dba8                frame80215e_create_ie_tsch_slotframe_and_link
                0x000000000002dd89                frame80215e_create_ie_tsch_timeslot
                0x000000000002de5c                frame80215e_create_ie_tsch_channel_hopping_sequence
                0x000000000002e3e4                frame802154e_parse_information_elements
 .text          0x000000000002e738      0x408 obj_cooja/mtype786.a(framer-802154.o)
 .text          0x000000000002eb40      0x19f obj_cooja/mtype786.a(mac-sequence.o)
                0x000000000002eb77                mac_sequence_is_duplicate
                0x000000000002ec15                mac_sequence_register_seqno
 .text          0x000000000002ecdf       0x70 obj_cooja/mtype786.a(mac.o)
                0x000000000002ecdf                mac_call_sent_callback
 .text          0x000000000002ed4f       0x32 obj_cooja/mtype786.a(nordc.o)
 .text          0x000000000002ed81       0x6e obj_cooja/mtype786.a(nullsec.o)
 .text          0x000000000002edef      0x30b obj_cooja/mtype786.a(sixp-nbr.o)
                0x000000000002edef                sixp_nbr_find
                0x000000000002ee32                sixp_nbr_alloc
                0x000000000002ef08                sixp_nbr_free
                0x000000000002ef44                sixp_nbr_get_next_seqno
                0x000000000002ef89                sixp_nbr_set_next_seqno
                0x000000000002efdc                sixp_nbr_reset_next_seqno
                0x000000000002f023                sixp_nbr_increment_next_seqno
                0x000000000002f085                sixp_nbr_init
 .text          0x000000000002f0fa     0x18c5 obj_cooja/mtype786.a(sixp-pkt.o)
                0x000000000002f29e                sixp_pkt_set_metadata
                0x000000000002f34a                sixp_pkt_get_metadata
                0x000000000002f412                sixp_pkt_set_cell_options
                0x000000000002f4bc                sixp_pkt_get_cell_options
                0x000000000002f57a                sixp_pkt_set_num_cells
                0x000000000002f607                sixp_pkt_get_num_cells
                0x000000000002f6c9                sixp_pkt_set_reserved
                0x000000000002f77a                sixp_pkt_get_reserved
                0x000000000002f818                sixp_pkt_set_offset
                0x000000000002f8e3                sixp_pkt_get_offset
                0x000000000002f9b1                sixp_pkt_set_max_num_cells
                0x000000000002fa7c                sixp_pkt_get_max_num_cells
                0x000000000002fb4a                sixp_pkt_set_cell_list
                0x000000000002fc43                sixp_pkt_get_cell_list
                0x000000000002fd24                sixp_pkt_set_rel_cell_list
                0x000000000002fe95                sixp_pkt_get_rel_cell_list
                0x000000000002ffcf                sixp_pkt_set_cand_cell_list
                0x000000000003011b                sixp_pkt_get_cand_cell_list
                0x0000000000030254                sixp_pkt_set_total_num_cells
                0x00000000000302f7                sixp_pkt_get_total_num_cells
                0x00000000000303c6                sixp_pkt_set_payload
                0x0000000000030488                sixp_pkt_get_payload
                0x0000000000030566                sixp_pkt_parse
                0x0000000000030837                sixp_pkt_create
 .text          0x00000000000309bf      0x8fc obj_cooja/mtype786.a(sixp-trans.o)
                0x0000000000030cb6                sixp_trans_transit_state
                0x0000000000030eb4                sixp_trans_get_cmd
                0x0000000000030ee9                sixp_trans_get_state
                0x0000000000030f1e                sixp_trans_get_seqno
                0x0000000000030f63                sixp_trans_get_mode
                0x0000000000030fa4                sixp_trans_invoke_callback
                0x000000000003100f                sixp_trans_set_callback
                0x000000000003105d                sixp_trans_alloc
                0x00000000000311dc                sixp_trans_find
                0x0000000000031256                sixp_trans_init
 .text          0x00000000000312bb      0xaa5 obj_cooja/mtype786.a(sixp.o)
                0x0000000000031488                sixp_input
                0x00000000000319b0                sixp_output
                0x0000000000031d4e                sixp_init
 .text          0x0000000000031d60        0x0 obj_cooja/mtype786.a(rimestats.o)
 .text          0x0000000000031d60      0x3a7 obj_cooja/mtype786.a(tsch-adaptive-t)
                0x0000000000031ee8                tsch_timesync_update
                0x000000000003209a                tsch_timesync_adaptive_compensate
 .text          0x0000000000032107      0x3e8 obj_cooja/mtype786.a(tsch-log.o)
                0x0000000000032107                tsch_log_process_pending
                0x000000000003244a                tsch_log_prepare_add
                0x00000000000324b3                tsch_log_commit
                0x00000000000324d3                tsch_log_init
 .text          0x00000000000324ef      0x93c obj_cooja/mtype786.a(tsch-packet.o)
                0x00000000000324ef                tsch_packet_create_eack
                0x0000000000032678                tsch_packet_parse_eack
                0x0000000000032835                tsch_packet_create_eb
                0x0000000000032bca                tsch_packet_update_eb
                0x0000000000032c4c                tsch_packet_parse_eb
 .text          0x0000000000032e2b      0x118 obj_cooja/mtype786.a(tsch-rpl.o)
                0x0000000000032e2b                tsch_rpl_callback_joining_network
                0x0000000000032e30                tsch_rpl_callback_leaving_network
                0x0000000000032e54                tsch_rpl_callback_new_dio_interval
                0x0000000000032f16                tsch_rpl_callback_parent_switch
 .text          0x0000000000032f43       0xa3 obj_cooja/mtype786.a(stimer.o)
                0x0000000000032f43                stimer_set
                0x0000000000032f5e                stimer_reset
                0x0000000000032f75                stimer_restart
                0x0000000000032f87                stimer_expired
                0x0000000000032fae                stimer_remaining
                0x0000000000032fd2                stimer_elapsed
 .text          0x0000000000032fe6      0x92d obj_cooja/mtype786.a(uip-ds6-route.o)
                0x000000000003305d                uip_ds6_notification_add
                0x000000000003308e                uip_ds6_notification_rm
                0x00000000000330aa                uip_ds6_route_init
                0x0000000000033132                uip_ds6_route_nexthop
                0x000000000003315a                uip_ds6_route_head
                0x000000000003316f                uip_ds6_route_next
                0x0000000000033195                uip_ds6_route_is_nexthop
                0x00000000000331d4                uip_ds6_route_num_routes
                0x00000000000331de                uip_ds6_route_lookup
                0x00000000000332a0                uip_ds6_route_add
                0x00000000000334d6                uip_ds6_route_rm
                0x000000000003366a                uip_ds6_route_rm_by_nexthop
                0x00000000000336a2                uip_ds6_defrt_head
                0x00000000000336b7                uip_ds6_defrt_add
                0x0000000000033768                uip_ds6_defrt_rm
                0x00000000000337e7                uip_ds6_defrt_lookup
                0x0000000000033840                uip_ds6_defrt_choose
                0x00000000000338ab                uip_ds6_defrt_periodic
 .text          0x0000000000033913      0x8c8 obj_cooja/mtype786.a(uip-icmp6.o)
                0x0000000000033981                uip_icmp6_input
                0x00000000000339d7                uip_icmp6_register_input_handler
                0x0000000000033bba                uip_icmp6_error_output
                0x0000000000033efa                uip_icmp6_send
                0x000000000003416e                uip_icmp6_echo_reply_callback_add
                0x000000000003419f                uip_icmp6_echo_reply_callback_rm
                0x00000000000341bb                uip_icmp6_init
 .text          0x00000000000341db      0x6ac obj_cooja/mtype786.a(uip-nd6.o)
                0x0000000000034873                uip_nd6_init
 .text          0x0000000000034887      0x31d obj_cooja/mtype786.a(rpl-nbr-policy.)
                0x0000000000034a57                find_removable_dis
                0x0000000000034a7c                find_removable_dio
                0x0000000000034afd                find_removable_dao
                0x0000000000034b4d                rpl_nbr_policy_find_removable
 *fill*         0x0000000000034ba4        0xc 
 .text          0x0000000000034bb0      0x172 /usr/lib/gcc/i686-linux-gnu/4.8/libgcc.a(_divdi3.o)
                0x0000000000034bb0                __divdi3
 *fill*         0x0000000000034d22        0xe 
 .text          0x0000000000034d30      0x124 /usr/lib/gcc/i686-linux-gnu/4.8/libgcc.a(_udivdi3.o)
                0x0000000000034d30                __udivdi3
 .text          0x0000000000034e54        0x0 /usr/lib/gcc/i686-linux-gnu/4.8/crtendS.o
 .text          0x0000000000034e54        0x0 /usr/lib/gcc/i686-linux-gnu/4.8/../../../i386-linux-gnu/crtn.o
 *(.gnu.warning)

.fini           0x0000000000034e54       0x14
 *(SORT(.fini))
 .fini          0x0000000000034e54        0xf /usr/lib/gcc/i686-linux-gnu/4.8/../../../i386-linux-gnu/crti.o
                0x0000000000034e54                _fini
 .fini          0x0000000000034e63        0x5 /usr/lib/gcc/i686-linux-gnu/4.8/../../../i386-linux-gnu/crtn.o
                0x0000000000034e68                PROVIDE (__etext, .)
                0x0000000000034e68                PROVIDE (_etext, .)
                0x0000000000034e68                PROVIDE (etext, .)

.rodata         0x0000000000034e80     0x3f46
 *(.rodata .rodata.* .gnu.linkonce.r.*)
 .rodata        0x0000000000034e80      0x42b benchmark_app.co
                0x0000000000034e80                DEFAULT_SERVER_ADDRESS
                0x0000000000034ea0                autostart_processes
 *fill*         0x00000000000352ab        0x1 
 .rodata        0x00000000000352ac      0x133 obj_cooja/mtype786.o
 *fill*         0x00000000000353df        0x1 
 .rodata        0x00000000000353e0       0x53 obj_cooja/idip.o
 .rodata        0x0000000000035433      0x11b obj_cooja/statistics.o
 *fill*         0x000000000003554e        0x2 
 .rodata        0x0000000000035550       0x31 obj_cooja/neighbor-quality.o
 *fill*         0x0000000000035581       0x1f 
 .rodata        0x00000000000355a0       0x40 obj_cooja/contikimac.o
                0x00000000000355c0                contikimac_driver
 .rodata        0x00000000000355e0        0xc obj_cooja/contikimac-framer.o
                0x00000000000355e0                contikimac_framer
 .rodata        0x00000000000355ec       0x20 obj_cooja/chacha.o
 .rodata        0x000000000003560c       0x6c obj_cooja/simplesec.o
                0x000000000003565c                simplesec_driver
                0x000000000003566c                simplesec_framer
 .rodata        0x0000000000035678      0x23b obj_cooja/mtype786.a(sixtop.o)
 *fill*         0x00000000000358b3        0x1 
 .rodata        0x00000000000358b4      0x4b8 obj_cooja/mtype786.a(sfsb.o)
                0x0000000000035d58                sfsb_driver
 .rodata        0x0000000000035d6c      0x1eb obj_cooja/mtype786.a(blacklist.o)
 .rodata        0x0000000000035f57       0x15 obj_cooja/mtype786.a(neighbors.o)
 .rodata        0x0000000000035f6c        0x8 obj_cooja/mtype786.a(beep.o)
                0x0000000000035f6c                beep_interface
 .rodata        0x0000000000035f74       0x20 obj_cooja/mtype786.a(button-sensor.o)
                0x0000000000035f74                button_interface
                0x0000000000035f84                button_sensor
 .rodata        0x0000000000035f94        0x8 obj_cooja/mtype786.a(leds-arch.o)
                0x0000000000035f94                leds_interface
 .rodata        0x0000000000035f9c        0x8 obj_cooja/mtype786.a(moteid.o)
                0x0000000000035f9c                moteid_interface
 .rodata        0x0000000000035fa4       0x1c obj_cooja/mtype786.a(pir-sensor.o)
                0x0000000000035fa4                pir_interface
                0x0000000000035fb0                pir_sensor
 .rodata        0x0000000000035fc0        0xe obj_cooja/mtype786.a(rs232.o)
                0x0000000000035fc0                rs232_interface
 *fill*         0x0000000000035fce        0x2 
 .rodata        0x0000000000035fd0       0x24 obj_cooja/mtype786.a(vib-sensor.o)
                0x0000000000035fd0                vib_interface
                0x0000000000035fe4                vib_sensor
 .rodata        0x0000000000035ff4        0x8 obj_cooja/mtype786.a(clock.o)
                0x0000000000035ff4                clock_interface
 .rodata        0x0000000000035ffc        0x8 obj_cooja/mtype786.a(log.o)
                0x0000000000035ffc                simlog_interface
 .rodata        0x0000000000036004       0x2f obj_cooja/mtype786.a(cfs-cooja.o)
                0x0000000000036004                cfs_interface
 *fill*         0x0000000000036033        0xd 
 .rodata        0x0000000000036040       0x58 obj_cooja/mtype786.a(cooja-radio.o)
                0x0000000000036040                radio_interface
                0x0000000000036060                cooja_radio_driver
 .rodata        0x0000000000036098        0x8 obj_cooja/mtype786.a(eeprom.o)
                0x0000000000036098                eeprom_interface
 .rodata        0x00000000000360a0        0x8 obj_cooja/mtype786.a(sensors.o)
 .rodata        0x00000000000360a8       0xe5 obj_cooja/mtype786.a(tsch-queue.o)
 *fill*         0x000000000003618d        0x3 
 .rodata        0x0000000000036190      0x1fd obj_cooja/mtype786.a(tsch-schedule.o)
 *fill*         0x000000000003638d        0x3 
 .rodata        0x0000000000036390      0x101 obj_cooja/mtype786.a(tsch-slot-opera)
 *fill*         0x0000000000036491        0x3 
 .rodata        0x0000000000036494      0x760 obj_cooja/mtype786.a(tsch.o)
                0x00000000000364ac                tsch_broadcast_address
                0x00000000000364b4                tsch_eb_address
                0x0000000000036bd8                tschmac_driver
 .rodata        0x0000000000036bf4        0xf obj_cooja/mtype786.a(ctimer.o)
 .rodata        0x0000000000036c03        0xc obj_cooja/mtype786.a(etimer.o)
 .rodata        0x0000000000036c0f        0xe obj_cooja/mtype786.a(serial-line.o)
 *fill*         0x0000000000036c1d        0x3 
 .rodata        0x0000000000036c20       0x25 obj_cooja/mtype786.a(assert.o)
 *fill*         0x0000000000036c45        0x3 
 .rodata        0x0000000000036c48      0x13c obj_cooja/mtype786.a(uip6.o)
 .rodata        0x0000000000036d84       0x29 obj_cooja/mtype786.a(tcpip.o)
 .rodata        0x0000000000036dad       0x2a obj_cooja/mtype786.a(uip-debug.o)
 *fill*         0x0000000000036dd7        0x1 
 .rodata        0x0000000000036dd8       0x89 obj_cooja/mtype786.a(rpl-dag.o)
 .rodata        0x0000000000036e61        0x8 obj_cooja/mtype786.a(linkaddr.o)
                0x0000000000036e61                linkaddr_null
 .rodata        0x0000000000036e69       0x16 obj_cooja/mtype786.a(net-debug.o)
 *fill*         0x0000000000036e7f        0x1 
 .rodata        0x0000000000036e80        0xc obj_cooja/mtype786.a(framer-802154.o)
                0x0000000000036e80                framer_802154
 *fill*         0x0000000000036e8c       0x14 
 .rodata        0x0000000000036ea0       0x40 obj_cooja/mtype786.a(nordc.o)
                0x0000000000036ec0                nordc_driver
 .rodata        0x0000000000036ee0       0x18 obj_cooja/mtype786.a(nullsec.o)
                0x0000000000036ee8                nullsec_driver
 .rodata        0x0000000000036ef8      0x214 obj_cooja/mtype786.a(sixp-nbr.o)
 .rodata        0x000000000003710c     0x1084 obj_cooja/mtype786.a(sixp-pkt.o)
 .rodata        0x0000000000038190      0x30a obj_cooja/mtype786.a(sixp-trans.o)
 *fill*         0x000000000003849a        0x2 
 .rodata        0x000000000003849c      0x75f obj_cooja/mtype786.a(sixp.o)
 *fill*         0x0000000000038bfb        0x1 
 .rodata        0x0000000000038bfc       0x30 obj_cooja/mtype786.a(tsch-adaptive-t)
 .rodata        0x0000000000038c2c       0xb5 obj_cooja/mtype786.a(tsch-log.o)
 *fill*         0x0000000000038ce1        0x3 
 .rodata        0x0000000000038ce4       0xe2 obj_cooja/mtype786.a(tsch-packet.o)

.rodata1
 *(.rodata1)

.eh_frame_hdr   0x0000000000038dc8     0x1be4
 *(.eh_frame_hdr)
 .eh_frame_hdr  0x0000000000038dc8     0x1be4 benchmark_app.co

.eh_frame       0x000000000003a9ac     0x7284
 *(.eh_frame)
 .eh_frame      0x000000000003a9ac       0x3c /usr/lib/gcc/i686-linux-gnu/4.8/../../../i386-linux-gnu/crti.o
                                         0x40 (size before relaxing)
 .eh_frame      0x000000000003a9e8       0xf4 benchmark_app.co
                                        0x10c (size before relaxing)
 .eh_frame      0x000000000003aadc      0x148 obj_cooja/mtype786.o
                                        0x160 (size before relaxing)
 .eh_frame      0x000000000003ac24       0xc4 obj_cooja/idip.o
                                         0xdc (size before relaxing)
 .eh_frame      0x000000000003ace8       0xa0 obj_cooja/statistics.o
                                         0xb8 (size before relaxing)
 .eh_frame      0x000000000003ad88       0xe4 obj_cooja/neighbor-quality.o
                                         0xfc (size before relaxing)
 .eh_frame      0x000000000003ae6c      0x320 obj_cooja/contikimac.o
                                        0x338 (size before relaxing)
 .eh_frame      0x000000000003b18c       0x84 obj_cooja/contikimac-framer.o
                                         0x9c (size before relaxing)
 .eh_frame      0x000000000003b210      0x104 obj_cooja/chacha.o
                                        0x11c (size before relaxing)
 .eh_frame      0x000000000003b314      0x160 obj_cooja/simplesec.o
                                        0x178 (size before relaxing)
 .eh_frame      0x000000000003b474      0x140 obj_cooja/mtype786.a(sixtop.o)
                                        0x158 (size before relaxing)
 .eh_frame      0x000000000003b5b4      0x268 obj_cooja/mtype786.a(sfsb.o)
                                        0x280 (size before relaxing)
 .eh_frame      0x000000000003b81c      0x260 obj_cooja/mtype786.a(blacklist.o)
                                        0x278 (size before relaxing)
 .eh_frame      0x000000000003ba7c       0xe0 obj_cooja/mtype786.a(neighbors.o)
                                         0xf8 (size before relaxing)
 .eh_frame      0x000000000003bb5c       0x40 obj_cooja/mtype786.a(simEnvChange.o)
                                         0x58 (size before relaxing)
 .eh_frame      0x000000000003bb9c       0xc0 obj_cooja/mtype786.a(cooja_mt.o)
                                         0xd8 (size before relaxing)
 .eh_frame      0x000000000003bc5c      0x120 obj_cooja/mtype786.a(cooja_mtarch.o)
                                        0x138 (size before relaxing)
 .eh_frame      0x000000000003bd7c       0xc8 obj_cooja/mtype786.a(rtimer-arch.o)
                                         0xe0 (size before relaxing)
 .eh_frame      0x000000000003be44       0xa0 obj_cooja/mtype786.a(watchdog.o)
                                         0xb8 (size before relaxing)
 .eh_frame      0x000000000003bee4      0x160 obj_cooja/mtype786.a(beep.o)
                                        0x178 (size before relaxing)
 .eh_frame      0x000000000003c044       0xa0 obj_cooja/mtype786.a(button-sensor.o)
                                         0xb8 (size before relaxing)
 .eh_frame      0x000000000003c0e4       0xa0 obj_cooja/mtype786.a(leds-arch.o)
                                         0xb8 (size before relaxing)
 .eh_frame      0x000000000003c184       0x40 obj_cooja/mtype786.a(moteid.o)
                                         0x58 (size before relaxing)
 .eh_frame      0x000000000003c1c4       0xa0 obj_cooja/mtype786.a(pir-sensor.o)
                                         0xb8 (size before relaxing)
 .eh_frame      0x000000000003c264      0x100 obj_cooja/mtype786.a(rs232.o)
                                        0x118 (size before relaxing)
 .eh_frame      0x000000000003c364       0xa0 obj_cooja/mtype786.a(vib-sensor.o)
                                         0xb8 (size before relaxing)
 .eh_frame      0x000000000003c404       0xc0 obj_cooja/mtype786.a(clock.o)
                                         0xd8 (size before relaxing)
 .eh_frame      0x000000000003c4c4      0x120 obj_cooja/mtype786.a(log.o)
                                        0x138 (size before relaxing)
 .eh_frame      0x000000000003c5e4      0x160 obj_cooja/mtype786.a(cfs-cooja.o)
                                        0x178 (size before relaxing)
 .eh_frame      0x000000000003c744      0x360 obj_cooja/mtype786.a(cooja-radio.o)
                                        0x378 (size before relaxing)
 .eh_frame      0x000000000003caa4       0xa0 obj_cooja/mtype786.a(eeprom.o)
                                         0xb8 (size before relaxing)
 .eh_frame      0x000000000003cb44       0x40 obj_cooja/mtype786.a(random.o)
                                         0x58 (size before relaxing)
 .eh_frame      0x000000000003cb84       0xc0 obj_cooja/mtype786.a(sensors.o)
                                         0xd8 (size before relaxing)
 .eh_frame      0x000000000003cc44      0x2d8 obj_cooja/mtype786.a(tsch-queue.o)
                                        0x2f0 (size before relaxing)
 .eh_frame      0x000000000003cf1c      0x1cc obj_cooja/mtype786.a(tsch-schedule.o)
                                        0x1e4 (size before relaxing)
 .eh_frame      0x000000000003d0e8      0x268 obj_cooja/mtype786.a(tsch-slot-opera)
                                        0x280 (size before relaxing)
 .eh_frame      0x000000000003d350      0x408 obj_cooja/mtype786.a(tsch.o)
                                        0x420 (size before relaxing)
 .eh_frame      0x000000000003d758       0x40 obj_cooja/mtype786.a(autostart.o)
                                         0x58 (size before relaxing)
 .eh_frame      0x000000000003d798      0x100 obj_cooja/mtype786.a(ctimer.o)
                                        0x118 (size before relaxing)
 .eh_frame      0x000000000003d898      0x1e0 obj_cooja/mtype786.a(etimer.o)
                                        0x1f8 (size before relaxing)
 .eh_frame      0x000000000003da78      0x1c8 obj_cooja/mtype786.a(process.o)
                                        0x1e0 (size before relaxing)
 .eh_frame      0x000000000003dc40       0x60 obj_cooja/mtype786.a(rtimer.o)
                                         0x78 (size before relaxing)
 .eh_frame      0x000000000003dca0       0xa4 obj_cooja/mtype786.a(timer.o)
                                         0xbc (size before relaxing)
 .eh_frame      0x000000000003dd44       0x60 obj_cooja/mtype786.a(serial-line.o)
                                         0x78 (size before relaxing)
 .eh_frame      0x000000000003dda4       0x20 obj_cooja/mtype786.a(assert.o)
                                         0x38 (size before relaxing)
 .eh_frame      0x000000000003ddc4       0x40 obj_cooja/mtype786.a(crc16.o)
                                         0x58 (size before relaxing)
 .eh_frame      0x000000000003de04      0x180 obj_cooja/mtype786.a(list.o)
                                        0x198 (size before relaxing)
 .eh_frame      0x000000000003df84       0xa0 obj_cooja/mtype786.a(memb.o)
                                         0xb8 (size before relaxing)
 .eh_frame      0x000000000003e024       0xa0 obj_cooja/mtype786.a(ringbuf.o)
                                         0xb8 (size before relaxing)
 .eh_frame      0x000000000003e0c4      0x120 obj_cooja/mtype786.a(ringbufindex.o)
                                        0x138 (size before relaxing)
 .eh_frame      0x000000000003e1e4      0x180 obj_cooja/mtype786.a(uip-ds6-nbr.o)
                                        0x198 (size before relaxing)
 .eh_frame      0x000000000003e364      0x2c8 obj_cooja/mtype786.a(uip-ds6.o)
                                        0x2e0 (size before relaxing)
 .eh_frame      0x000000000003e62c      0x27c obj_cooja/mtype786.a(uip6.o)
                                        0x294 (size before relaxing)
 .eh_frame      0x000000000003e8a8      0x270 obj_cooja/mtype786.a(tcpip.o)
                                        0x288 (size before relaxing)
 .eh_frame      0x000000000003eb18       0x28 obj_cooja/mtype786.a(uip-debug.o)
                                         0x40 (size before relaxing)
 .eh_frame      0x000000000003eb40       0xe0 obj_cooja/mtype786.a(uip-packetqueue)
                                         0xf8 (size before relaxing)
 .eh_frame      0x000000000003ec20       0x40 obj_cooja/mtype786.a(uip-udp-packet.)
                                         0x58 (size before relaxing)
 .eh_frame      0x000000000003ec60      0x720 obj_cooja/mtype786.a(rpl-dag.o)
                                        0x738 (size before relaxing)
 .eh_frame      0x000000000003f380       0xc0 obj_cooja/mtype786.a(rpl-ext-header.)
                                         0xd8 (size before relaxing)
 .eh_frame      0x000000000003f440      0x2b8 obj_cooja/mtype786.a(rpl-icmp6.o)
                                        0x2d0 (size before relaxing)
 .eh_frame      0x000000000003f6f8      0x124 obj_cooja/mtype786.a(rpl-mrhof.o)
                                        0x13c (size before relaxing)
 .eh_frame      0x000000000003f81c      0x22c obj_cooja/mtype786.a(rpl-timers.o)
                                        0x244 (size before relaxing)
 .eh_frame      0x000000000003fa48      0x140 obj_cooja/mtype786.a(rpl.o)
                                        0x158 (size before relaxing)
 .eh_frame      0x000000000003fb88      0x100 obj_cooja/mtype786.a(link-stats.o)
                                        0x118 (size before relaxing)
 .eh_frame      0x000000000003fc88       0x60 obj_cooja/mtype786.a(linkaddr.o)
                                         0x78 (size before relaxing)
 .eh_frame      0x000000000003fce8      0x2cc obj_cooja/mtype786.a(nbr-table.o)
                                        0x2e4 (size before relaxing)
 .eh_frame      0x000000000003ffb4       0x20 obj_cooja/mtype786.a(net-debug.o)
                                         0x38 (size before relaxing)
 .eh_frame      0x000000000003ffd4       0x20 obj_cooja/mtype786.a(netstack.o)
                                         0x38 (size before relaxing)
 .eh_frame      0x000000000003fff4      0x234 obj_cooja/mtype786.a(packetbuf.o)
                                        0x24c (size before relaxing)
 .eh_frame      0x0000000000040228      0x1a0 obj_cooja/mtype786.a(queuebuf.o)
                                        0x1b8 (size before relaxing)
 .eh_frame      0x00000000000403c8      0x1a4 obj_cooja/mtype786.a(frame802154.o)
                                        0x1bc (size before relaxing)
 .eh_frame      0x000000000004056c      0x250 obj_cooja/mtype786.a(frame802154e-ie)
                                        0x268 (size before relaxing)
 .eh_frame      0x00000000000407bc      0x108 obj_cooja/mtype786.a(framer-802154.o)
                                        0x120 (size before relaxing)
 .eh_frame      0x00000000000408c4       0x88 obj_cooja/mtype786.a(mac-sequence.o)
                                         0xa0 (size before relaxing)
 .eh_frame      0x000000000004094c       0x20 obj_cooja/mtype786.a(mac.o)
                                         0x38 (size before relaxing)
 .eh_frame      0x000000000004096c       0xe0 obj_cooja/mtype786.a(nordc.o)
                                         0xf8 (size before relaxing)
 .eh_frame      0x0000000000040a4c       0x80 obj_cooja/mtype786.a(nullsec.o)
                                         0x98 (size before relaxing)
 .eh_frame      0x0000000000040acc      0x100 obj_cooja/mtype786.a(sixp-nbr.o)
                                        0x118 (size before relaxing)
 .eh_frame      0x0000000000040bcc      0x448 obj_cooja/mtype786.a(sixp-pkt.o)
                                        0x460 (size before relaxing)
 .eh_frame      0x0000000000041014      0x20c obj_cooja/mtype786.a(sixp-trans.o)
                                        0x224 (size before relaxing)
 .eh_frame      0x0000000000041220       0xb4 obj_cooja/mtype786.a(sixp.o)
                                         0xcc (size before relaxing)
 .eh_frame      0x00000000000412d4       0xb4 obj_cooja/mtype786.a(tsch-adaptive-t)
                                         0xcc (size before relaxing)
 .eh_frame      0x0000000000041388       0x90 obj_cooja/mtype786.a(tsch-log.o)
                                         0xa8 (size before relaxing)
 .eh_frame      0x0000000000041418       0xc4 obj_cooja/mtype786.a(tsch-packet.o)
                                         0xdc (size before relaxing)
 .eh_frame      0x00000000000414dc       0x84 obj_cooja/mtype786.a(tsch-rpl.o)
                                         0x9c (size before relaxing)
 .eh_frame      0x0000000000041560       0xc4 obj_cooja/mtype786.a(stimer.o)
                                         0xdc (size before relaxing)
 .eh_frame      0x0000000000041624      0x2c0 obj_cooja/mtype786.a(uip-ds6-route.o)
                                        0x2d8 (size before relaxing)
 .eh_frame      0x00000000000418e4      0x15c obj_cooja/mtype786.a(uip-icmp6.o)
                                        0x174 (size before relaxing)
 .eh_frame      0x0000000000041a40       0x88 obj_cooja/mtype786.a(uip-nd6.o)
                                         0xa0 (size before relaxing)
 .eh_frame      0x0000000000041ac8       0xc0 obj_cooja/mtype786.a(rpl-nbr-policy.)
                                         0xd8 (size before relaxing)
 .eh_frame      0x0000000000041b88       0x38 /usr/lib/gcc/i686-linux-gnu/4.8/libgcc.a(_divdi3.o)
                                         0x50 (size before relaxing)
 .eh_frame      0x0000000000041bc0       0x6c /usr/lib/gcc/i686-linux-gnu/4.8/libgcc.a(_udivdi3.o)
                                         0x84 (size before relaxing)
 .eh_frame      0x0000000000041c2c        0x4 /usr/lib/gcc/i686-linux-gnu/4.8/crtendS.o

.gcc_except_table
 *(.gcc_except_table .gcc_except_table.*)

.exception_ranges
 *(.exception_ranges .exception_ranges*)
                0x0000000000041c30                . = (ALIGN (0x1000) - ((0x1000 - .) & 0xfff))
                0x0000000000042ef8                . = DATA_SEGMENT_ALIGN (0x1000, 0x1000)

.eh_frame
 *(.eh_frame)

.gcc_except_table
 *(.gcc_except_table .gcc_except_table.*)

.exception_ranges
 *(.exception_ranges .exception_ranges*)

.tdata
 *(.tdata .tdata.* .gnu.linkonce.td.*)

.tbss
 *(.tbss .tbss.* .gnu.linkonce.tb.*)
 *(.tcommon)

.preinit_array
 *(.preinit_array)

.init_array     0x0000000000042ef8        0x4
 *(SORT(.init_array.*) SORT(.ctors.*))
 *(.init_array EXCLUDE_FILE(*crtend?.o *crtend.o *crtbegin?.o *crtbegin.o) .ctors)
 .init_array    0x0000000000042ef8        0x4 /usr/lib/gcc/i686-linux-gnu/4.8/crtbeginS.o

.fini_array     0x0000000000042efc        0x4
 *(SORT(.fini_array.*) SORT(.dtors.*))
 *(.fini_array EXCLUDE_FILE(*crtend?.o *crtend.o *crtbegin?.o *crtbegin.o) .dtors)
 .fini_array    0x0000000000042efc        0x4 /usr/lib/gcc/i686-linux-gnu/4.8/crtbeginS.o

.ctors
 *crtbegin.o(.ctors)
 *crtbegin?.o(.ctors)
 *(EXCLUDE_FILE(*crtend?.o *crtend.o) .ctors)
 *(SORT(.ctors.*))
 *(.ctors)

.dtors
 *crtbegin.o(.dtors)
 *crtbegin?.o(.dtors)
 *(EXCLUDE_FILE(*crtend?.o *crtend.o) .dtors)
 *(SORT(.dtors.*))
 *(.dtors)

.jcr            0x0000000000042f00        0x4
 *(.jcr)
 .jcr           0x0000000000042f00        0x0 /usr/lib/gcc/i686-linux-gnu/4.8/crtbeginS.o
 .jcr           0x0000000000042f00        0x4 /usr/lib/gcc/i686-linux-gnu/4.8/crtendS.o

.data.rel.ro
 *(.data.rel.ro.local* .gnu.linkonce.d.rel.ro.local.*)
 *(.data.rel.ro .data.rel.ro.* .gnu.linkonce.d.rel.ro.*)

.dynamic        0x0000000000042f04       0xe8
 *(.dynamic)
 .dynamic       0x0000000000042f04       0xe8 /usr/lib/gcc/i686-linux-gnu/4.8/../../../i386-linux-gnu/crti.o
                0x0000000000042f04                _DYNAMIC

.got            0x0000000000042fec       0x14
 *(.got)
 .got           0x0000000000042fec       0x14 /usr/lib/gcc/i686-linux-gnu/4.8/../../../i386-linux-gnu/crti.o
 *(.igot)
                0x0000000000043ff4                . = DATA_SEGMENT_RELRO_END (., (SIZEOF (.got.plt) >= 0xc)?0xc:0x0)

.got.plt        0x0000000000043000       0x14
 *(.got.plt)
 .got.plt       0x0000000000043000       0x14 /usr/lib/gcc/i686-linux-gnu/4.8/../../../i386-linux-gnu/crti.o
                0x0000000000043000                _GLOBAL_OFFSET_TABLE_
 *(.igot.plt)

.data           0x0000000000043020      0x39c
 *(.data .data.* .gnu.linkonce.d.*)
 .data          0x0000000000043020        0x0 /usr/lib/gcc/i686-linux-gnu/4.8/../../../i386-linux-gnu/crti.o
 .data          0x0000000000043020        0x0 /usr/lib/gcc/i686-linux-gnu/4.8/crtbeginS.o
 .data.rel      0x0000000000043020        0x4 /usr/lib/gcc/i686-linux-gnu/4.8/crtbeginS.o
                0x0000000000043020                __dso_handle
 .data          0x0000000000043024       0x24 benchmark_app.co
                0x0000000000043024                dag_id
                0x0000000000043038                benchmark_app
 *fill*         0x0000000000043048       0x18 
 .data          0x0000000000043060       0x44 obj_cooja/mtype786.o
                0x0000000000043060                simInterfaces
                0x0000000000043094                sensors
 .data          0x00000000000430a4        0x0 obj_cooja/idip.o
 *fill*         0x00000000000430a4       0x1c 
 .data          0x00000000000430c0       0x3c obj_cooja/statistics.o
                0x00000000000430c0                eventStrings
 .data          0x00000000000430fc        0x0 obj_cooja/neighbor-quality.o
 .data          0x00000000000430fc        0x0 obj_cooja/contikimac.o
 .data          0x00000000000430fc        0x0 obj_cooja/contikimac-framer.o
 .data          0x00000000000430fc        0x0 obj_cooja/chacha.o
 *fill*         0x00000000000430fc        0x4 
 .data          0x0000000000043100       0x22 obj_cooja/simplesec.o
 .data          0x0000000000043122        0x0 obj_cooja/mtype786.a(sixtop.o)
 .data          0x0000000000043122        0x0 obj_cooja/mtype786.a(sfsb.o)
 *fill*         0x0000000000043122        0x2 
 .data          0x0000000000043124       0x30 obj_cooja/mtype786.a(blacklist.o)
                0x0000000000043144                p_sfsb_bl_distribution
 .data          0x0000000000043154       0x10 obj_cooja/mtype786.a(neighbors.o)
 .data          0x0000000000043164        0x0 obj_cooja/mtype786.a(simEnvChange.o)
 .data          0x0000000000043164        0x0 obj_cooja/mtype786.a(cooja_mt.o)
 .data          0x0000000000043164        0x0 obj_cooja/mtype786.a(cooja_mtarch.o)
 .data          0x0000000000043164        0x0 obj_cooja/mtype786.a(rtimer-arch.o)
 .data          0x0000000000043164        0x0 obj_cooja/mtype786.a(watchdog.o)
 .data          0x0000000000043164        0x0 obj_cooja/mtype786.a(beep.o)
 .data          0x0000000000043164        0x0 obj_cooja/mtype786.a(button-sensor.o)
 .data          0x0000000000043164        0x0 obj_cooja/mtype786.a(leds-arch.o)
 .data          0x0000000000043164        0x0 obj_cooja/mtype786.a(moteid.o)
 .data          0x0000000000043164        0x0 obj_cooja/mtype786.a(pir-sensor.o)
 .data          0x0000000000043164        0x0 obj_cooja/mtype786.a(rs232.o)
 .data          0x0000000000043164        0x0 obj_cooja/mtype786.a(vib-sensor.o)
 .data          0x0000000000043164        0x0 obj_cooja/mtype786.a(clock.o)
 .data          0x0000000000043164        0x0 obj_cooja/mtype786.a(log.o)
 .data          0x0000000000043164        0x0 obj_cooja/mtype786.a(cfs-cooja.o)
 .data          0x0000000000043164       0x2c obj_cooja/mtype786.a(cooja-radio.o)
                0x0000000000043164                simRadioHWOn
                0x0000000000043168                simSignalStrength
                0x000000000004316c                simLastSignalStrength
                0x0000000000043170                simPower
                0x0000000000043174                simRadioChannel
                0x0000000000043178                simLQI
                0x0000000000043180                cooja_radio_process
 .data          0x0000000000043190        0x0 obj_cooja/mtype786.a(eeprom.o)
 .data          0x0000000000043190        0x0 obj_cooja/mtype786.a(random.o)
 .data          0x0000000000043190       0x10 obj_cooja/mtype786.a(sensors.o)
                0x0000000000043190                sensors_process
 .data          0x00000000000431a0       0x1c obj_cooja/mtype786.a(tsch-queue.o)
 .data          0x00000000000431bc       0x1c obj_cooja/mtype786.a(tsch-schedule.o)
 .data          0x00000000000431d8        0x4 obj_cooja/mtype786.a(tsch-slot-opera)
 .data          0x00000000000431dc       0x34 obj_cooja/mtype786.a(tsch.o)
                0x00000000000431dc                tsch_process
                0x00000000000431ec                tsch_send_eb_process
                0x00000000000431fc                tsch_pending_events_process
                0x000000000004320c                tsch_minimal_schedule_length
 .data          0x0000000000043210        0x0 obj_cooja/mtype786.a(autostart.o)
 .data          0x0000000000043210       0x14 obj_cooja/mtype786.a(ctimer.o)
                0x0000000000043214                ctimer_process
 .data          0x0000000000043224       0x10 obj_cooja/mtype786.a(etimer.o)
                0x0000000000043224                etimer_process
 .data          0x0000000000043234        0x0 obj_cooja/mtype786.a(process.o)
 .data          0x0000000000043234        0x0 obj_cooja/mtype786.a(rtimer.o)
 .data          0x0000000000043234        0x0 obj_cooja/mtype786.a(timer.o)
 .data          0x0000000000043234       0x10 obj_cooja/mtype786.a(serial-line.o)
                0x0000000000043234                serial_line_process
 .data          0x0000000000043244        0x0 obj_cooja/mtype786.a(assert.o)
 .data          0x0000000000043244        0x0 obj_cooja/mtype786.a(crc16.o)
 .data          0x0000000000043244        0x0 obj_cooja/mtype786.a(list.o)
 .data          0x0000000000043244        0x0 obj_cooja/mtype786.a(memb.o)
 .data          0x0000000000043244        0x0 obj_cooja/mtype786.a(ringbuf.o)
 .data          0x0000000000043244        0x0 obj_cooja/mtype786.a(ringbufindex.o)
 .data          0x0000000000043244       0x14 obj_cooja/mtype786.a(uip-ds6-nbr.o)
                0x0000000000043254                ds6_neighbors
 .data          0x0000000000043258        0x0 obj_cooja/mtype786.a(uip-ds6.o)
 .data          0x0000000000043258        0x0 obj_cooja/mtype786.a(uip6.o)
 .data          0x0000000000043258       0x10 obj_cooja/mtype786.a(tcpip.o)
                0x0000000000043258                tcpip_process
 .data          0x0000000000043268        0x0 obj_cooja/mtype786.a(uip-debug.o)
 .data          0x0000000000043268        0xc obj_cooja/mtype786.a(uip-packetqueue)
 .data          0x0000000000043274        0x0 obj_cooja/mtype786.a(uip-udp-packet.)
 .data          0x0000000000043274       0x14 obj_cooja/mtype786.a(rpl-dag.o)
                0x0000000000043284                rpl_parents
 .data          0x0000000000043288        0x0 obj_cooja/mtype786.a(rpl-ext-header.)
 .data          0x0000000000043288       0x34 obj_cooja/mtype786.a(rpl-icmp6.o)
 *fill*         0x00000000000432bc        0x4 
 .data          0x00000000000432c0       0x24 obj_cooja/mtype786.a(rpl-mrhof.o)
                0x00000000000432c0                rpl_mrhof
 .data          0x00000000000432e4        0x0 obj_cooja/mtype786.a(rpl-timers.o)
 .data          0x00000000000432e4        0x0 obj_cooja/mtype786.a(rpl.o)
 .data          0x00000000000432e4       0x14 obj_cooja/mtype786.a(link-stats.o)
 .data          0x00000000000432f8        0x0 obj_cooja/mtype786.a(linkaddr.o)
 .data          0x00000000000432f8       0x10 obj_cooja/mtype786.a(nbr-table.o)
 .data          0x0000000000043308        0x0 obj_cooja/mtype786.a(net-debug.o)
 .data          0x0000000000043308        0x0 obj_cooja/mtype786.a(netstack.o)
 .data          0x0000000000043308        0x4 obj_cooja/mtype786.a(packetbuf.o)
 .data          0x000000000004330c       0x18 obj_cooja/mtype786.a(queuebuf.o)
 .data          0x0000000000043324        0x2 obj_cooja/mtype786.a(frame802154.o)
 .data          0x0000000000043326        0x0 obj_cooja/mtype786.a(frame802154e-ie)
 .data          0x0000000000043326        0x0 obj_cooja/mtype786.a(framer-802154.o)
 .data          0x0000000000043326        0x0 obj_cooja/mtype786.a(mac-sequence.o)
 .data          0x0000000000043326        0x0 obj_cooja/mtype786.a(mac.o)
 .data          0x0000000000043326        0x0 obj_cooja/mtype786.a(nordc.o)
 .data          0x0000000000043326        0x0 obj_cooja/mtype786.a(nullsec.o)
 *fill*         0x0000000000043326        0x2 
 .data          0x0000000000043328       0x14 obj_cooja/mtype786.a(sixp-nbr.o)
 .data          0x000000000004333c        0x0 obj_cooja/mtype786.a(sixp-pkt.o)
 .data          0x000000000004333c       0x10 obj_cooja/mtype786.a(sixp-trans.o)
 .data          0x000000000004334c        0x0 obj_cooja/mtype786.a(sixp.o)
 .data          0x000000000004334c        0x0 obj_cooja/mtype786.a(rimestats.o)
 .data          0x000000000004334c        0x0 obj_cooja/mtype786.a(tsch-adaptive-t)
 .data          0x000000000004334c        0x0 obj_cooja/mtype786.a(tsch-log.o)
 .data          0x000000000004334c        0x0 obj_cooja/mtype786.a(tsch-packet.o)
 .data          0x000000000004334c        0x0 obj_cooja/mtype786.a(tsch-rpl.o)
 .data          0x000000000004334c        0x0 obj_cooja/mtype786.a(stimer.o)
 .data          0x000000000004334c       0x44 obj_cooja/mtype786.a(uip-ds6-route.o)
                0x000000000004335c                nbr_routes
 .data          0x0000000000043390       0x20 obj_cooja/mtype786.a(uip-icmp6.o)
 .data          0x00000000000433b0        0xc obj_cooja/mtype786.a(uip-nd6.o)
 .data          0x00000000000433bc        0x0 obj_cooja/mtype786.a(rpl-nbr-policy.)
 .data          0x00000000000433bc        0x0 /usr/lib/gcc/i686-linux-gnu/4.8/libgcc.a(_divdi3.o)
 .data          0x00000000000433bc        0x0 /usr/lib/gcc/i686-linux-gnu/4.8/libgcc.a(_udivdi3.o)
 .data          0x00000000000433bc        0x0 /usr/lib/gcc/i686-linux-gnu/4.8/crtendS.o
 .data          0x00000000000433bc        0x0 /usr/lib/gcc/i686-linux-gnu/4.8/../../../i386-linux-gnu/crtn.o

.tm_clone_table
                0x00000000000433bc        0x0
 .tm_clone_table
                0x00000000000433bc        0x0 /usr/lib/gcc/i686-linux-gnu/4.8/crtbeginS.o
 .tm_clone_table
                0x00000000000433bc        0x0 /usr/lib/gcc/i686-linux-gnu/4.8/crtendS.o

.data1
 *(.data1)
                0x00000000000433bc                _edata = .
                0x00000000000433bc                PROVIDE (edata, .)
                0x00000000000433bc                . = .
                0x00000000000433bc                __bss_start = .

.bss            0x00000000000433c0    0x1b2c8
 *(.dynbss)
 .dynbss        0x0000000000000000        0x0 /usr/lib/gcc/i686-linux-gnu/4.8/../../../i386-linux-gnu/crti.o
 *(.bss .bss.* .gnu.linkonce.b.*)
 .bss           0x00000000000433c0        0x0 /usr/lib/gcc/i686-linux-gnu/4.8/../../../i386-linux-gnu/crti.o
 .bss           0x00000000000433c0        0x1 /usr/lib/gcc/i686-linux-gnu/4.8/crtbeginS.o
 *fill*         0x00000000000433c1       0x1f 
 .bss           0x00000000000433e0      0x178 benchmark_app.co
                0x00000000000433e0                sfsb_channels
 *fill*         0x0000000000043558        0x8 
 .bss           0x0000000000043560     0x2030 obj_cooja/mtype786.o
 *fill*         0x0000000000045590       0x10 
 .bss           0x00000000000455a0      0x190 obj_cooja/idip.o
 *fill*         0x0000000000045730       0x10 
 .bss           0x0000000000045740       0x38 obj_cooja/statistics.o
 .bss           0x0000000000045778       0x10 obj_cooja/neighbor-quality.o
 *fill*         0x0000000000045788       0x18 
 .bss           0x00000000000457a0       0x80 obj_cooja/contikimac.o
 .bss           0x0000000000045820        0x0 obj_cooja/contikimac-framer.o
 .bss           0x0000000000045820        0x0 obj_cooja/chacha.o
 .bss           0x0000000000045820      0x1c0 obj_cooja/simplesec.o
 .bss           0x00000000000459e0        0x0 obj_cooja/mtype786.a(sixtop.o)
 .bss           0x00000000000459e0       0x31 obj_cooja/mtype786.a(sfsb.o)
                0x00000000000459e0                already_init
 *fill*         0x0000000000045a11        0xf 
 .bss           0x0000000000045a20      0xac4 obj_cooja/mtype786.a(blacklist.o)
 *fill*         0x00000000000464e4       0x1c 
 .bss           0x0000000000046500      0x254 obj_cooja/mtype786.a(neighbors.o)
 .bss           0x0000000000046754        0x1 obj_cooja/mtype786.a(simEnvChange.o)
                0x0000000000046754                simDontFallAsleep
 *fill*         0x0000000000046755        0x3 
 .bss           0x0000000000046758        0x4 obj_cooja/mtype786.a(cooja_mt.o)
 .bss           0x000000000004675c        0x4 obj_cooja/mtype786.a(cooja_mtarch.o)
 .bss           0x0000000000046760        0x0 obj_cooja/mtype786.a(rtimer-arch.o)
 .bss           0x0000000000046760        0x0 obj_cooja/mtype786.a(watchdog.o)
 .bss           0x0000000000046760        0x0 obj_cooja/mtype786.a(beep.o)
 .bss           0x0000000000046760        0x8 obj_cooja/mtype786.a(button-sensor.o)
 .bss           0x0000000000046768        0x0 obj_cooja/mtype786.a(leds-arch.o)
 .bss           0x0000000000046768        0x0 obj_cooja/mtype786.a(moteid.o)
 .bss           0x0000000000046768        0x1 obj_cooja/mtype786.a(pir-sensor.o)
                0x0000000000046768                simPirValue
 *fill*         0x0000000000046769        0x3 
 .bss           0x000000000004676c        0x4 obj_cooja/mtype786.a(rs232.o)
 .bss           0x0000000000046770        0x1 obj_cooja/mtype786.a(vib-sensor.o)
                0x0000000000046770                simVibValue
 .bss           0x0000000000046771        0x0 obj_cooja/mtype786.a(clock.o)
 *fill*         0x0000000000046771        0xf 
 .bss           0x0000000000046780      0x420 obj_cooja/mtype786.a(log.o)
 .bss           0x0000000000046ba0      0xfc0 obj_cooja/mtype786.a(cfs-cooja.o)
                0x0000000000046ba0                simCFSData
                0x0000000000047b40                simCFSSize
                0x0000000000047b44                simCFSChanged
                0x0000000000047b48                simCFSRead
                0x0000000000047b4c                simCFSWritten
 .bss           0x0000000000047b60       0x24 obj_cooja/mtype786.a(cooja-radio.o)
                0x0000000000047b60                simReceiving
                0x0000000000047b64                simInSize
                0x0000000000047b68                simLastPacketTimestamp
                0x0000000000047b70                simOutSize
 .bss           0x0000000000047b84        0xc obj_cooja/mtype786.a(eeprom.o)
                0x0000000000047b84                simEEPROMChanged
                0x0000000000047b88                simEEPROMRead
                0x0000000000047b8c                simEEPROMWritten
 .bss           0x0000000000047b90        0x0 obj_cooja/mtype786.a(random.o)
 .bss           0x0000000000047b90        0xc obj_cooja/mtype786.a(sensors.o)
 *fill*         0x0000000000047b9c        0x4 
 .bss           0x0000000000047ba0     0x6a34 obj_cooja/mtype786.a(tsch-queue.o)
 *fill*         0x000000000004e5d4        0xc 
 .bss           0x000000000004e5e0      0x498 obj_cooja/mtype786.a(tsch-schedule.o)
 *fill*         0x000000000004ea78        0x8 
 .bss           0x000000000004ea80      0x198 obj_cooja/mtype786.a(tsch-slot-opera)
                0x000000000004ea80                last_timesource_neighbor
                0x000000000004ea84                current_link
 *fill*         0x000000000004ec18        0x8 
 .bss           0x000000000004ec20      0x108 obj_cooja/mtype786.a(tsch.o)
                0x000000000004ec20                tsch_is_started
                0x000000000004ec24                tsch_is_initialized
                0x000000000004ec28                tsch_is_coordinator
                0x000000000004ec2c                tsch_is_associated
                0x000000000004ec30                tsch_is_pan_secured
 .bss           0x000000000004ed28        0x0 obj_cooja/mtype786.a(autostart.o)
 .bss           0x000000000004ed28        0x5 obj_cooja/mtype786.a(ctimer.o)
 *fill*         0x000000000004ed2d        0x3 
 .bss           0x000000000004ed30        0x8 obj_cooja/mtype786.a(etimer.o)
 *fill*         0x000000000004ed38        0x8 
 .bss           0x000000000004ed40      0x1a1 obj_cooja/mtype786.a(process.o)
                0x000000000004ed40                process_list
                0x000000000004ed44                process_current
 *fill*         0x000000000004eee1        0x3 
 .bss           0x000000000004eee4        0x4 obj_cooja/mtype786.a(rtimer.o)
 .bss           0x000000000004eee8        0x0 obj_cooja/mtype786.a(timer.o)
 *fill*         0x000000000004eee8       0x18 
 .bss           0x000000000004ef00      0x140 obj_cooja/mtype786.a(serial-line.o)
 .bss           0x000000000004f040        0x0 obj_cooja/mtype786.a(assert.o)
 .bss           0x000000000004f040        0x0 obj_cooja/mtype786.a(crc16.o)
 .bss           0x000000000004f040        0x0 obj_cooja/mtype786.a(list.o)
 .bss           0x000000000004f040        0x0 obj_cooja/mtype786.a(memb.o)
 .bss           0x000000000004f040        0x0 obj_cooja/mtype786.a(ringbuf.o)
 .bss           0x000000000004f040        0x0 obj_cooja/mtype786.a(ringbufindex.o)
 .bss           0x000000000004f040     0x1c20 obj_cooja/mtype786.a(uip-ds6-nbr.o)
 .bss           0x0000000000050c60       0x20 obj_cooja/mtype786.a(uip-ds6.o)
 .bss           0x0000000000050c80        0xa obj_cooja/mtype786.a(uip6.o)
                0x0000000000050c80                uip_ext_bitmap
                0x0000000000050c81                uip_ext_len
                0x0000000000050c82                uip_ext_opt_offset
 *fill*         0x0000000000050c8a       0x16 
 .bss           0x0000000000050ca0       0x6a obj_cooja/mtype786.a(tcpip.o)
 .bss           0x0000000000050d0a        0x0 obj_cooja/mtype786.a(uip-debug.o)
 *fill*         0x0000000000050d0a       0x16 