Archive member included to satisfy reference by file (symbol)

obj_cooja/mtype663.a(sixtop.o)
                              benchmark_app.co (sixtop_add_sf)
obj_cooja/mtype663.a(sfsb.o)  benchmark_app.co (sfsb_bl_send)
obj_cooja/mtype663.a(blacklist.o)
                              obj_cooja/mtype663.a(sfsb.o) (sfsb_bl_init)
obj_cooja/mtype663.a(neighbors.o)
                              obj_cooja/mtype663.a(sfsb.o) (sfsb_nbr_init)
obj_cooja/mtype663.a(simEnvChange.o)
                              obj_cooja/mtype663.o (simDontFallAsleep)
obj_cooja/mtype663.a(cooja_mt.o)
                              obj_cooja/mtype663.o (cooja_mt_start)
obj_cooja/mtype663.a(cooja_mtarch.o)
                              obj_cooja/mtype663.a(cooja_mt.o) (cooja_mtarch_init)
obj_cooja/mtype663.a(rtimer-arch.o)
                              obj_cooja/mtype663.o (rtimer_arch_check)
obj_cooja/mtype663.a(watchdog.o)
                              obj_cooja/contikimac.o (watchdog_periodic)
obj_cooja/mtype663.a(beep.o)  obj_cooja/mtype663.o (beep_interface)
obj_cooja/mtype663.a(button-sensor.o)
                              obj_cooja/mtype663.o (button_interface)
obj_cooja/mtype663.a(leds-arch.o)
                              obj_cooja/mtype663.o (leds_interface)
obj_cooja/mtype663.a(moteid.o)
                              obj_cooja/mtype663.o (moteid_interface)
obj_cooja/mtype663.a(pir-sensor.o)
                              obj_cooja/mtype663.o (pir_interface)
obj_cooja/mtype663.a(rs232.o)
                              obj_cooja/mtype663.o (rs232_interface)
obj_cooja/mtype663.a(vib-sensor.o)
                              obj_cooja/mtype663.o (vib_interface)
obj_cooja/mtype663.a(clock.o)
                              obj_cooja/mtype663.o (clock_interface)
obj_cooja/mtype663.a(log.o)   obj_cooja/mtype663.o (simlog_interface)
obj_cooja/mtype663.a(cfs-cooja.o)
                              obj_cooja/mtype663.o (cfs_interface)
obj_cooja/mtype663.a(cooja-radio.o)
                              obj_cooja/mtype663.o (radio_interface)
obj_cooja/mtype663.a(eeprom.o)
                              obj_cooja/mtype663.o (eeprom_interface)
obj_cooja/mtype663.a(random.o)
                              benchmark_app.co (random_init)
obj_cooja/mtype663.a(sensors.o)
                              obj_cooja/mtype663.o (sensors_process)
obj_cooja/mtype663.a(tsch-queue.o)
                              obj_cooja/mtype663.a(neighbors.o) (tsch_queue_get_nbr)
obj_cooja/mtype663.a(tsch-schedule.o)
                              obj_cooja/mtype663.a(sfsb.o) (tsch_schedule_get_slotframe_by_handle)
obj_cooja/mtype663.a(tsch-slot-opera)
                              obj_cooja/mtype663.a(tsch-schedule.o) (current_link)
obj_cooja/mtype663.a(tsch.o)  benchmark_app.co (tsch_hopping_sequence)
obj_cooja/mtype663.a(autostart.o)
                              obj_cooja/mtype663.o (autostart_start)
obj_cooja/mtype663.a(ctimer.o)
                              obj_cooja/mtype663.o (ctimer_init)
obj_cooja/mtype663.a(etimer.o)
                              obj_cooja/mtype663.o (etimer_process)
obj_cooja/mtype663.a(process.o)
                              obj_cooja/mtype663.a(ctimer.o) (process_current)
obj_cooja/mtype663.a(rtimer.o)
                              obj_cooja/contikimac.o (rtimer_set)
obj_cooja/mtype663.a(timer.o)
                              obj_cooja/mtype663.a(button-sensor.o) (timer_set)
obj_cooja/mtype663.a(serial-line.o)
                              obj_cooja/mtype663.a(rs232.o) (serial_line_input_byte)
obj_cooja/mtype663.a(assert.o)
                              obj_cooja/mtype663.a(sixtop.o) (_xassert)
obj_cooja/mtype663.a(crc16.o)
                              benchmark_app.co (crc16_data)
obj_cooja/mtype663.a(list.o)  obj_cooja/mtype663.a(blacklist.o) (list_init)
obj_cooja/mtype663.a(memb.o)  obj_cooja/mtype663.a(tsch-queue.o) (memb_init)
obj_cooja/mtype663.a(ringbuf.o)
                              obj_cooja/mtype663.a(serial-line.o) (ringbuf_init)
obj_cooja/mtype663.a(ringbufindex.o)
                              obj_cooja/mtype663.a(tsch-queue.o) (ringbufindex_init)
obj_cooja/mtype663.a(sicslowpan.o)
                              obj_cooja/mtype663.o (sicslowpan_driver)
obj_cooja/mtype663.a(uip-ds6-nbr.o)
                              benchmark_app.co (ds6_neighbors)
obj_cooja/mtype663.a(uip-ds6.o)
                              benchmark_app.co (uip_ds6_if)
obj_cooja/mtype663.a(uip6.o)  benchmark_app.co (uip_lladdr)
obj_cooja/mtype663.a(tcpip.o)
                              benchmark_app.co (tcpip_event)
obj_cooja/mtype663.a(uip-debug.o)
                              benchmark_app.co (uip_debug_ipaddr_print)
obj_cooja/mtype663.a(uip-packetqueue)
                              obj_cooja/mtype663.a(uip-ds6-nbr.o) (uip_packetqueue_new)
obj_cooja/mtype663.a(uip-udp-packet.)
                              benchmark_app.co (uip_udp_packet_sendto)
obj_cooja/mtype663.a(rpl-dag.o)
                              benchmark_app.co (rpl_set_root)
[...]
Memory Configuration

Name             Origin             Length             Attributes
*default*        0x0000000000000000 0xffffffffffffffff

Linker script and memory map

LOAD /usr/lib/gcc/i686-linux-gnu/4.8/../../../i386-linux-gnu/crti.o
LOAD /usr/lib/gcc/i686-linux-gnu/4.8/crtbeginS.o
LOAD benchmark_app.co
LOAD obj_cooja/mtype663.o
LOAD obj_cooja/idip.o
LOAD obj_cooja/statistics.o
LOAD obj_cooja/neighbor-quality.o
LOAD obj_cooja/contikimac.o
LOAD obj_cooja/contikimac-framer.o
LOAD obj_cooja/chacha.o
LOAD obj_cooja/simplesec.o
LOAD obj_cooja/mtype663.a
LOAD /usr/lib/gcc/i686-linux-gnu/4.8/libgcc.a
LOAD /usr/lib/gcc/i686-linux-gnu/4.8/libgcc_s.so
LOAD /usr/lib/gcc/i686-linux-gnu/4.8/../../../i386-linux-gnu/libc.so
START GROUP
LOAD /lib/i386-linux-gnu/libc.so.6
LOAD /usr/lib/i386-linux-gnu/libc_nonshared.a
LOAD /lib/i386-linux-gnu/ld-linux.so.2
END GROUP
LOAD /usr/lib/gcc/i686-linux-gnu/4.8/libgcc.a
LOAD /usr/lib/gcc/i686-linux-gnu/4.8/libgcc_s.so
LOAD /usr/lib/gcc/i686-linux-gnu/4.8/crtendS.o
LOAD /usr/lib/gcc/i686-linux-gnu/4.8/../../../i386-linux-gnu/crtn.o
                0x0000000000000114                . = (0x0 + SIZEOF_HEADERS)

.note.gnu.build-id
                0x0000000000000114       0x24
 *(.note.gnu.build-id)
 .note.gnu.build-id
                0x0000000000000114       0x24 /usr/lib/gcc/i686-linux-gnu/4.8/../../../i386-linux-gnu/crti.o

.hash
 *(.hash)

.gnu.hash       0x0000000000000138     0x1604
 *(.gnu.hash)
 .gnu.hash      0x0000000000000138     0x1604 /usr/lib/gcc/i686-linux-gnu/4.8/../../../i386-linux-gnu/crti.o

.dynsym         0x000000000000173c     0x3050
 *(.dynsym)
 .dynsym        0x000000000000173c     0x3050 /usr/lib/gcc/i686-linux-gnu/4.8/../../../i386-linux-gnu/crti.o

.dynstr         0x000000000000478c     0x3692
 *(.dynstr)
 .dynstr        0x000000000000478c     0x3692 /usr/lib/gcc/i686-linux-gnu/4.8/../../../i386-linux-gnu/crti.o

.gnu.version    0x0000000000007e1e      0x60a
 *(.gnu.version)
 .gnu.version   0x0000000000007e1e      0x60a /usr/lib/gcc/i686-linux-gnu/4.8/../../../i386-linux-gnu/crti.o

.gnu.version_d  0x0000000000008428        0x0
 *(.gnu.version_d)
 .gnu.version_d
                0x0000000000000000        0x0 /usr/lib/gcc/i686-linux-gnu/4.8/../../../i386-linux-gnu/crti.o

.gnu.version_r  0x0000000000008428       0x40
 *(.gnu.version_r)
 .gnu.version_r
                0x0000000000008428       0x40 /usr/lib/gcc/i686-linux-gnu/4.8/../../../i386-linux-gnu/crti.o

.rel.dyn        0x0000000000008468     0xd4e8
 *(.rel.init)
 .rel.init      0x0000000000000000        0x0 /usr/lib/gcc/i686-linux-gnu/4.8/../../../i386-linux-gnu/crti.o
 *(.rel.text .rel.text.* .rel.gnu.linkonce.t.*)
 .rel.text      0x0000000000008468     0xcb28 /usr/lib/gcc/i686-linux-gnu/4.8/../../../i386-linux-gnu/crti.o
 *(.rel.fini)
 .rel.fini      0x0000000000000000        0x0 /usr/lib/gcc/i686-linux-gnu/4.8/../../../i386-linux-gnu/crti.o
 *(.rel.rodata .rel.rodata.* .rel.gnu.linkonce.r.*)
 .rel.rodata    0x0000000000014f90      0x5c0 /usr/lib/gcc/i686-linux-gnu/4.8/../../../i386-linux-gnu/crti.o
 *(.rel.data.rel.ro .rel.data.rel.ro.* .rel.gnu.linkonce.d.rel.ro.*)
 *(.rel.data .rel.data.* .rel.gnu.linkonce.d.*)
 .rel.data.rel  0x0000000000015550        0x8 /usr/lib/gcc/i686-linux-gnu/4.8/../../../i386-linux-gnu/crti.o
 .rel.data      0x0000000000015558      0x3c0 /usr/lib/gcc/i686-linux-gnu/4.8/../../../i386-linux-gnu/crti.o
 *(.rel.tdata .rel.tdata.* .rel.gnu.linkonce.td.*)
 *(.rel.tbss .rel.tbss.* .rel.gnu.linkonce.tb.*)
 *(.rel.ctors)
 *(.rel.dtors)
 *(.rel.got)
 .rel.got       0x0000000000015918       0x28 /usr/lib/gcc/i686-linux-gnu/4.8/../../../i386-linux-gnu/crti.o
 *(.rel.bss .rel.bss.* .rel.gnu.linkonce.b.*)
 *(.rel.ifunc)
 .rel.ifunc     0x0000000000000000        0x0 /usr/lib/gcc/i686-linux-gnu/4.8/../../../i386-linux-gnu/crti.o
 .rel.fini_array
                0x0000000000015940        0x8 /usr/lib/gcc/i686-linux-gnu/4.8/../../../i386-linux-gnu/crti.o
 .rel.init_array
                0x0000000000015948        0x8 /usr/lib/gcc/i686-linux-gnu/4.8/../../../i386-linux-gnu/crti.o

.rel.plt        0x0000000000015950       0x10
 *(.rel.plt)
 .rel.plt       0x0000000000015950       0x10 /usr/lib/gcc/i686-linux-gnu/4.8/../../../i386-linux-gnu/crti.o
 *(.rel.iplt)

.init           0x0000000000015960       0x23
 *(SORT(.init))
 .init          0x0000000000015960       0x1e /usr/lib/gcc/i686-linux-gnu/4.8/../../../i386-linux-gnu/crti.o
                0x0000000000015960                _init
 .init          0x000000000001597e        0x5 /usr/lib/gcc/i686-linux-gnu/4.8/../../../i386-linux-gnu/crtn.o

.plt            0x0000000000015990       0x30
 *(.plt)
 .plt           0x0000000000015990       0x30 /usr/lib/gcc/i686-linux-gnu/4.8/../../../i386-linux-gnu/crti.o
 *(.iplt)

.text           0x00000000000159c0    0x23814
 *(.text.unlikely .text.*_unlikely .text.unlikely.*)
 *(.text.exit .text.exit.*)
 *(.text.startup .text.startup.*)
 *(.text.hot .text.hot.*)
 *(.text .stub .text.* .gnu.linkonce.t.*)
 .text          0x00000000000159c0        0x0 /usr/lib/gcc/i686-linux-gnu/4.8/../../../i386-linux-gnu/crti.o
 .gnu.linkonce.t.__x86.get_pc_thunk.bx
                0x00000000000159c0        0x4 /usr/lib/gcc/i686-linux-gnu/4.8/../../../i386-linux-gnu/crti.o
                0x00000000000159c0                __x86.get_pc_thunk.bx
 *fill*         0x00000000000159c4        0xc 
 .text          0x00000000000159d0      0x11b /usr/lib/gcc/i686-linux-gnu/4.8/crtbeginS.o
 .text          0x0000000000015aeb      0xe69 benchmark_app.co
                0x0000000000015b05                print_neighbor_table
 .text          0x0000000000016954      0x68d obj_cooja/mtype663.o
                0x0000000000016a8a                contiki_init
                0x0000000000016e79                Java_org_contikios_cooja_corecomm_Lib2_init
                0x0000000000016eb9                Java_org_contikios_cooja_corecomm_Lib2_getMemory
                0x0000000000016ef9                Java_org_contikios_cooja_corecomm_Lib2_setMemory
                0x0000000000016f70                Java_org_contikios_cooja_corecomm_Lib2_tick
                0x0000000000016fcf                Java_org_contikios_cooja_corecomm_Lib2_setReferenceAddress
 .text          0x0000000000016fe1      0x3c8 obj_cooja/idip.o
                0x0000000000016fe1                initIdIp
                0x0000000000017036                addIpAddress
                0x000000000001712e                getIpAddress
                0x0000000000017218                getId
                0x000000000001729f                removeByAddress
                0x000000000001732c                removeById
 .text          0x00000000000173a9       0xcb obj_cooja/statistics.o
                0x00000000000173a9                statistics_reset
                0x00000000000173d2                statistics_add
                0x00000000000173ee                statistics_set
                0x0000000000017400                statistics_get
                0x0000000000017418                statistics_print
 .text          0x0000000000017474      0x1dd obj_cooja/neighbor-quality.o
                0x0000000000017537                neighbor_quality_save
                0x0000000000017583                custom_ipv6_neighbor_callback
                0x000000000001761a                neighbor_quality_get
 .text          0x0000000000017651      0xe6e obj_cooja/contikimac.o
                0x00000000000184b5                contikimac_debug_print
 .text          0x00000000000184bf      0x151 obj_cooja/contikimac-framer.o
 .text          0x0000000000018610      0x6ac obj_cooja/chacha.o
                0x00000000000189da                ECRYPT_init
                0x00000000000189e0                ECRYPT_keysetup
                0x0000000000018a91                ECRYPT_ivsetup
                0x0000000000018ac1                ECRYPT_encrypt_bytes
                0x0000000000018bc6                ECRYPT_encrypt_byte
                0x0000000000018c4c                ECRYPT_decrypt_bytes
                0x0000000000018c74                ECRYPT_keystream_bytes
 .text          0x0000000000018cbc      0x394 obj_cooja/simplesec.o
                0x0000000000018d03                set_mic
                0x0000000000018d14                set_key
 .text          0x0000000000019050      0x63d obj_cooja/mtype663.a(sixtop.o)
                0x00000000000190c9                strip_payload_termination_ie
                0x00000000000190fc                sixtop_add_sf
                0x00000000000191ef                sixtop_find_sf
                0x0000000000019241                sixtop_output
                0x0000000000019478                sixtop_input
                0x0000000000019611                sixtop_init
                0x0000000000019644                sixtop_init_sf
 .text          0x000000000001968d     0x14de obj_cooja/mtype663.a(sfsb.o)
                0x000000000001968d                sfsb_new_nbr
                0x000000000001a197                sfsb_bl_send
                0x000000000001a623                sfsb_add_links
                0x000000000001a932                sfsb_remove_links
 .text          0x000000000001ab6b      0x8f5 obj_cooja/mtype663.a(blacklist.o)
                0x000000000001ab6b                sfsb_bl_init
                0x000000000001aba0                sfsb_bl_check
                0x000000000001ac89                sfsb_bl_add_update
                0x000000000001acbd                sfsb_bl_generic_add_update
                0x000000000001adb6                sfsb_bl_get
                0x000000000001adda                sfsb_bl_generic_get
                0x000000000001ae22                sfsb_bl_update
                0x000000000001aea3                sfsb_bl_remove
                0x000000000001aec7                sfsb_bl_generic_remove
                0x000000000001af1b                sfsb_bl_callback_delete
                0x000000000001af48                sfsb_bl_pack
                0x000000000001b015                sfsb_bl_unpack
                0x000000000001b16e                sfsb_bl_updated
                0x000000000001b22a                sfsb_bl_notify_process
                0x000000000001b33c                sfsb_bl_set_lifetime
                0x000000000001b36e                sfsb_bl_print
 .text          0x000000000001b460      0x1c2 obj_cooja/mtype663.a(neighbors.o)
                0x000000000001b460                sfsb_nbr_init
                0x000000000001b481                sfsb_nbr_add
                0x000000000001b4f9                sfsb_nbr_remove
                0x000000000001b53b                sfsb_nbr_get
                0x000000000001b58c                sfsb_nbr_num_dedi_links
                0x000000000001b5b9                sfsb_nbr_num_links
                0x000000000001b5e6                sfsb_nbr_do_per_nbr
 .text          0x000000000001b622       0x63 obj_cooja/mtype663.a(simEnvChange.o)
                0x000000000001b622                doActionsBeforeTick
                0x000000000001b653                doActionsAfterTick
 .text          0x000000000001b685       0xbc obj_cooja/mtype663.a(cooja_mt.o)
                0x000000000001b685                cooja_mt_init
                0x000000000001b692                cooja_mt_remove
                0x000000000001b69f                cooja_mt_start
                0x000000000001b6cc                cooja_mt_exec
                0x000000000001b6fd                cooja_mt_exit
                0x000000000001b71f                cooja_mt_yield
 .text          0x000000000001b741      0x115 obj_cooja/mtype663.a(cooja_mtarch.o)
                0x000000000001b741                cooja_mtarch_init
                0x000000000001b746                cooja_mtarch_start
                0x000000000001b7c1                cooja_sw
                0x000000000001b7e3                cooja_mtarch_exec
                0x000000000001b7ff                cooja_mtarch_remove
                0x000000000001b804                cooja_mtarch_yield
                0x000000000001b80e                cooja_mtarch_pstop
                0x000000000001b813                cooja_mtarch_pstart
                0x000000000001b818                cooja_mtarch_stack_usage
 .text          0x000000000001b856       0xc3 obj_cooja/mtype663.a(rtimer-arch.o)
                0x000000000001b856                rtimer_arch_init
                0x000000000001b879                rtimer_arch_schedule
                0x000000000001b8a8                rtimer_arch_next
                0x000000000001b8b8                rtimer_arch_pending
                0x000000000001b8c2                rtimer_arch_check
                0x000000000001b909                rtimer_arch_now
 .text          0x000000000001b919       0x19 obj_cooja/mtype663.a(watchdog.o)
                0x000000000001b919                watchdog_init
                0x000000000001b91e                watchdog_start
                0x000000000001b923                watchdog_periodic
                0x000000000001b928                watchdog_stop
                0x000000000001b92d                watchdog_reboot
 .text          0x000000000001b932       0x76 obj_cooja/mtype663.a(beep.o)
                0x000000000001b932                beep_alarm
                0x000000000001b93e                beep_beep
                0x000000000001b94a                beep
                0x000000000001b956                beep_down
                0x000000000001b962                beep_on
                0x000000000001b96e                beep_off
                0x000000000001b97a                beep_spinup
                0x000000000001b986                beep_quick
                0x000000000001b992                beep_long
 .text          0x000000000001b9a8      0x103 obj_cooja/mtype663.a(button-sensor.o)
 .text          0x000000000001baab       0x45 obj_cooja/mtype663.a(leds-arch.o)
                0x000000000001baab                leds_arch_init
                0x000000000001bab7                leds_arch_get
                0x000000000001bac3                leds_arch_set
 .text          0x000000000001baf0       0x2f obj_cooja/mtype663.a(moteid.o)
 .text          0x000000000001bb1f       0xb1 obj_cooja/mtype663.a(pir-sensor.o)
 .text          0x000000000001bbd0      0x131 obj_cooja/mtype663.a(rs232.o)
                0x000000000001bbd0                rs232_init
                0x000000000001bbd5                rs232_set_speed
                0x000000000001bbe3                rs232_set_input
                0x000000000001bbf0                rs232_send
                0x000000000001bc12                rs232_print
                0x000000000001bc2d                slip_arch_writeb
 .text          0x000000000001bd01       0xb1 obj_cooja/mtype663.a(vib-sensor.o)
 .text          0x000000000001bdb2       0x34 obj_cooja/mtype663.a(clock.o)
                0x000000000001bdb2                clock_init
                0x000000000001bdb7                clock_time
                0x000000000001bdc1                clock_seconds
                0x000000000001bdd7                clock_delay
 .text          0x000000000001bde6      0x1ed obj_cooja/mtype663.a(log.o)
                0x000000000001bde6                simlog_char
                0x000000000001be28                simlog
                0x000000000001be95                log_message
                0x000000000001bebd                log_set_putchar_with_slip
                0x000000000001beca                log_putchar
                0x000000000001bf4e                log_puts
                0x000000000001bf72                log_printf
 .text          0x000000000001bfd3      0x2c4 obj_cooja/mtype663.a(cfs-cooja.o)
                0x000000000001bfd3                cfs_open
                0x000000000001c03c                cfs_close
                0x000000000001c048                cfs_read
                0x000000000001c0e6                cfs_write
                0x000000000001c1c3                cfs_seek
                0x000000000001c24b                cfs_remove
                0x000000000001c274                cfs_opendir
                0x000000000001c27e                cfs_readdir
                0x000000000001c288                cfs_closedir
 .text          0x000000000001c297      0x614 obj_cooja/mtype663.a(cooja-radio.o)
                0x000000000001c2ff                radio_set_channel
                0x000000000001c30c                radio_set_txpower
                0x000000000001c323                radio_signal_strength_last
                0x000000000001c32d                radio_signal_strength_current
                0x000000000001c337                radio_LQI
 .text          0x000000000001c8ab       0xef obj_cooja/mtype663.a(eeprom.o)
                0x000000000001c8ab                eeprom_init
                0x000000000001c8b0                eeprom_read
                0x000000000001c920                eeprom_write
 .text          0x000000000001c99a       0x28 obj_cooja/mtype663.a(random.o)
                0x000000000001c99a                random_init
                0x000000000001c9b5                random_rand
 .text          0x000000000001c9c2      0x2a1 obj_cooja/mtype663.a(sensors.o)
                0x000000000001c9fd                sensors_first
                0x000000000001ca07                sensors_next
                0x000000000001ca24                sensors_changed
                0x000000000001ca53                sensors_find
 .text          0x000000000001cc63      0xaf8 obj_cooja/mtype663.a(tsch-queue.o)
                0x000000000001cc63                tsch_queue_add_nbr
                0x000000000001cd85                tsch_queue_get_nbr
                0x000000000001cddf                tsch_queue_get_time_source
                0x000000000001ce2b                tsch_queue_update_time_source
                0x000000000001cf79                tsch_queue_get_nbr_head
                0x000000000001d0f8                tsch_queue_add_packet
                0x000000000001d2a4                tsch_queue_packet_count
                0x000000000001d2e5                tsch_queue_remove_packet_from_queue
                0x000000000001d373                tsch_queue_free_packet
                0x000000000001d3a1                tsch_queue_reset
                0x000000000001d3f4                tsch_queue_free_unused_neighbors
                0x000000000001d46c                tsch_queue_is_empty
                0x000000000001d4a1                tsch_queue_get_packet_for_nbr
                0x000000000001d521                tsch_queue_get_packet_for_dest_addr
                0x000000000001d553                tsch_queue_get_unicast_packet_for_any
                0x000000000001d5da                tsch_queue_backoff_expired
                0x000000000001d5ee                tsch_queue_backoff_reset
                0x000000000001d601                tsch_queue_backoff_inc
                0x000000000001d66b                tsch_queue_update_all_backoff_windows
                0x000000000001d70c                tsch_queue_init
 .text          0x000000000001d75b      0xaf5 obj_cooja/mtype663.a(tsch-schedule.o)
                0x000000000001d75b                tsch_schedule_add_slotframe
                0x000000000001d862                tsch_schedule_remove_all_slotframes
                0x000000000001d89d                tsch_schedule_remove_slotframe
                0x000000000001d943                tsch_schedule_get_slotframe_by_handle
                0x000000000001d998                tsch_schedule_get_link_by_handle
                0x000000000001da14                tsch_schedule_add_link
                0x000000000001dbe4                tsch_schedule_remove_link
                0x000000000001dd7a                tsch_schedule_remove_link_by_timeslot
                0x000000000001ddc1                tsch_schedule_get_link_by_timeslot
                0x000000000001de22                tsch_schedule_get_next_active_link
                0x000000000001e038                tsch_schedule_init
                0x000000000001e07f                tsch_schedule_create_minimal
                0x000000000001e13c                tsch_schedule_print
 .text          0x000000000001e250     0x1cfb obj_cooja/mtype663.a(tsch-slot-opera)
                0x000000000001e250                printRxSlotTimings
                0x000000000001e255                printTxSlotTimings
                0x000000000001e25a                tsch_is_locked
                0x000000000001e264                tsch_get_lock
                0x000000000001e37d                tsch_release_lock
                0x000000000001e38c                tsch_calculate_channel
                0x000000000001fdde                tsch_slot_operation_start
                0x000000000001fef3                tsch_slot_operation_sync
 .text          0x000000000001ff4b     0x193a obj_cooja/mtype663.a(tsch.o)
                0x000000000001ffde                tsch_set_coordinator
                0x000000000001fffa                tsch_set_pan_secured
                0x0000000000020009                tsch_set_join_priority
                0x0000000000020020                tsch_set_ka_timeout
                0x000000000002002d                tsch_set_eb_period
                0x0000000000020047                tsch_set_minimal_schedule_length
                0x00000000000201d4                tsch_schedule_keepalive
                0x0000000000020670                tsch_disassociate
                0x0000000000020c30                tsch_scan
 .text          0x0000000000021885       0x8e obj_cooja/mtype663.a(autostart.o)
                0x0000000000021885                autostart_start
                0x00000000000218d0                autostart_exit
 .text          0x0000000000021913      0x334 obj_cooja/mtype663.a(ctimer.o)
                0x0000000000021a2a                ctimer_init
                0x0000000000021a5a                ctimer_set
                0x0000000000021a8b                ctimer_set_with_process
                0x0000000000021b07                ctimer_reset
                0x0000000000021b56                ctimer_restart
                0x0000000000021ba5                ctimer_stop
                0x0000000000021bf0                ctimer_expired
 .text          0x0000000000021c47      0x40b obj_cooja/mtype663.a(etimer.o)
                0x0000000000021e5a                etimer_request_poll
                0x0000000000021ede                etimer_set
                0x0000000000021f03                etimer_reset_with_new_interval
                0x0000000000021f2a                etimer_reset
                0x0000000000021f48                etimer_restart
                0x0000000000021f66                etimer_adjust
                0x0000000000021f82                etimer_expired
                0x0000000000021f95                etimer_expiration_time
                0x0000000000021fa7                etimer_start_time
                0x0000000000021fb1                etimer_pending
                0x0000000000021fc3                etimer_next_expiration_time
                0x0000000000021fdd                etimer_stop
 .text          0x0000000000022052      0x51a obj_cooja/mtype663.a(process.o)
                0x0000000000022052                process_alloc_event
                0x0000000000022067                process_start
                0x0000000000022250                process_exit
                0x000000000002226c                process_init
                0x000000000002240e                process_run
                0x0000000000022441                process_nevents
                0x000000000002245c                process_post
                0x00000000000224f1                process_post_synch
                0x0000000000022529                process_poll
                0x0000000000022558                process_is_running
 .text          0x000000000002256c       0xe6 obj_cooja/mtype663.a(rtimer.o)
                0x000000000002256c                rtimer_init
                0x0000000000022579                rtimer_set
                0x00000000000225f5                rtimer_run_next
 .text          0x0000000000022652       0x91 obj_cooja/mtype663.a(timer.o)
                0x0000000000022652                timer_set
                0x000000000002266d                timer_reset
                0x0000000000022684                timer_restart
                0x0000000000022696                timer_expired
                0x00000000000226bf                timer_remaining
 .text          0x00000000000226e3      0x1fb obj_cooja/mtype663.a(serial-line.o)
                0x00000000000226e3                serial_line_input_byte
                0x00000000000228a6                serial_line_init
 .text          0x00000000000228de       0x22 obj_cooja/mtype663.a(assert.o)
                0x00000000000228de                _xassert
 .text          0x0000000000022900       0xbd obj_cooja/mtype663.a(crc16.o)
                0x0000000000022900                crc16_add
                0x0000000000022974                crc16_data
 .text          0x00000000000229bd      0x244 obj_cooja/mtype663.a(list.o)
                0x00000000000229bd                list_init
                0x00000000000229cb                list_head
                0x00000000000229d5                list_copy
                0x00000000000229e4                list_tail
                0x0000000000022a1a                list_add
                0x0000000000022a63                list_push
                0x0000000000022a8f                list_chop
                0x0000000000022af9                list_pop
                0x0000000000022b21                list_remove
                0x0000000000022b88                list_length
                0x0000000000022bb6                list_insert
                0x0000000000022bea                list_item_next
 .text          0x0000000000022c01      0x1c1 obj_cooja/mtype663.a(memb.o)
                0x0000000000022c01                memb_init
                0x0000000000022c5f                memb_alloc
                0x0000000000022cc4                memb_free
                0x0000000000022d3f                memb_inmemb
                0x0000000000022d7e                memb_numfree
 .text          0x0000000000022dc2      0x155 obj_cooja/mtype663.a(ringbuf.o)
                0x0000000000022dc2                ringbuf_init
                0x0000000000022df3                ringbuf_put
                0x0000000000022e71                ringbuf_get
                0x0000000000022ede                ringbuf_size
                0x0000000000022ef0                ringbuf_elements
 .text          0x0000000000022f17      0x1eb obj_cooja/mtype663.a(ringbufindex.o)
                0x0000000000022f17                ringbufindex_init
                0x0000000000022f3f                ringbufindex_put
                0x0000000000022f9a                ringbufindex_peek_put
                0x0000000000022fde                ringbufindex_get
                0x000000000002303e                ringbufindex_peek_get
                0x0000000000023079                ringbufindex_size
                0x000000000002308a                ringbufindex_elements
                0x00000000000230b0                ringbufindex_full
                0x00000000000230e7                ringbufindex_empty
 .text          0x0000000000023102     0x2c65 obj_cooja/mtype663.a(sicslowpan.o)
                0x0000000000023702                rime_sniffer_add
                0x000000000002370f                rime_sniffer_remove
                0x0000000000025d06                sicslowpan_init
                0x0000000000025d5d                sicslowpan_get_last_rssi
 .text          0x0000000000025d67      0x2b6 obj_cooja/mtype663.a(uip-ds6-nbr.o)
                0x0000000000025d84                uip_ds6_neighbors_init
                0x0000000000025da6                uip_ds6_nbr_add
                0x0000000000025e2e                uip_ds6_nbr_rm
                0x0000000000025e70                uip_ds6_nbr_get_ipaddr
                0x0000000000025e85                uip_ds6_nbr_get_ll
                0x0000000000025ea1                uip_ds6_nbr_num
                0x0000000000025ee6                uip_ds6_nbr_lookup
                0x0000000000025f4b                uip_ds6_nbr_ll_lookup
                0x0000000000025f67                uip_ds6_nbr_ipaddr_from_lladdr
                0x0000000000025f8d                uip_ds6_nbr_lladdr_from_ipaddr
                0x0000000000025fbb                uip_ds6_link_neighbor_callback
 .text          0x000000000002601d      0xb97 obj_cooja/mtype663.a(uip-ds6.o)
                0x000000000002601d                uip_ds6_init
                0x00000000000261f0                uip_ds6_periodic
                0x0000000000026269                uip_ds6_list_loop
                0x0000000000026310                uip_ds6_prefix_add
                0x00000000000263ce                uip_ds6_prefix_rm
                0x00000000000263e0                uip_ds6_prefix_lookup
                0x0000000000026431                uip_ds6_is_addr_onlink
                0x00000000000264a5                uip_ds6_addr_add
                0x00000000000265d3                uip_ds6_addr_rm
                0x0000000000026673                uip_ds6_addr_lookup
                0x00000000000266be                uip_ds6_get_link_local
                0x000000000002673d                uip_ds6_get_global
                0x00000000000267bc                uip_ds6_maddr_add
                0x000000000002682e                uip_ds6_maddr_rm
                0x0000000000026840                uip_ds6_maddr_lookup
                0x000000000002688b                uip_ds6_aaddr_add
                0x00000000000268fd                uip_ds6_aaddr_rm
                0x000000000002690f                uip_ds6_aaddr_lookup
                0x000000000002695a                uip_ds6_select_src
                0x0000000000026a9f                uip_ds6_set_addr_iid
                0x0000000000026ad6                get_match_length
                0x0000000000026b68                uip_ds6_compute_reachable_time
 .text          0x0000000000026bb4     0x2746 obj_cooja/mtype663.a(uip6.o)
                0x0000000000026bb4                uip_add32
                0x0000000000026d4d                uip_chksum
                0x0000000000026e3b                uip_icmp6chksum
                0x0000000000026e4f                uip_tcpchksum
                0x0000000000026e63                uip_udpchksum
                0x0000000000026e77                uip_init
                0x0000000000026f02                uip_connect
                0x0000000000027083                remove_ext_hdr
                0x0000000000027158                uip_udp_new
                0x000000000002727f                uip_unlisten
                0x00000000000272c1                uip_listen
                0x0000000000027565                uip_process
                0x00000000000291ee                uip_htons
                0x0000000000029210                uip_htonl
                0x0000000000029250                uip_send
 .text          0x00000000000292fa      0x9af obj_cooja/mtype663.a(tcpip.o)
                0x00000000000292fa                tcpip_output
                0x0000000000029328                tcpip_set_outputfunc
                0x00000000000293bc                tcp_connect
                0x0000000000029411                tcp_unlisten
                0x000000000002946c                tcp_listen
                0x00000000000294c5                tcp_attach
                0x00000000000294ea                udp_attach
                0x000000000002950f                udp_new
                0x0000000000029561                udp_broadcast_new
                0x00000000000297d5                tcpip_input
                0x0000000000029809                tcpip_ipv6_output
                0x0000000000029aef                tcpip_poll_udp
                0x0000000000029b12                tcpip_poll_tcp
                0x0000000000029b35                tcpip_uipcall
 .text          0x0000000000029ca9      0x162 obj_cooja/mtype663.a(uip-debug.o)
                0x0000000000029ca9                uip_debug_ipaddr_print
 .text          0x0000000000029e0b      0x141 obj_cooja/mtype663.a(uip-packetqueue)
                0x0000000000029e37                uip_packetqueue_new
                0x0000000000029e45                uip_packetqueue_alloc
                0x0000000000029ea5                uip_packetqueue_free
                0x0000000000029ee6                uip_packetqueue_buf
                0x0000000000029f03                uip_packetqueue_buflen
                0x0000000000029f24                uip_packetqueue_set_buflen
 .text          0x0000000000029f4c      0x12d obj_cooja/mtype663.a(uip-udp-packet.)
                0x0000000000029f4c                uip_udp_packet_send
                0x0000000000029fa8                uip_udp_packet_sendto
 .text          0x000000000002a079     0x279e obj_cooja/mtype663.a(rpl-dag.o)
                0x000000000002a079                rpl_print_neighbor_list
                0x000000000002a25f                rpl_get_nbr
                0x000000000002a2a9                rpl_dag_init
                0x000000000002a2c6                rpl_get_parent
                0x000000000002a2e8                rpl_get_parent_rank
                0x000000000002a31b                rpl_get_parent_link_metric
                0x000000000002a372                rpl_rank_via_parent
                0x000000000002a3c9                rpl_get_parent_lladdr
                0x000000000002a3e5                rpl_get_parent_ipaddr
                0x000000000002a406                rpl_get_parent_link_stats
                0x000000000002a427                rpl_parent_is_fresh
                0x000000000002a448                rpl_parent_is_reachable
                0x000000000002a7a4                rpl_set_root
                0x000000000002a9fb                rpl_repair_root
                0x000000000002ac37                rpl_set_prefix
                0x000000000002ad36                rpl_set_default_route
                0x000000000002ada4                rpl_alloc_instance
                0x000000000002ae37                rpl_alloc_dag
                0x000000000002aee8                rpl_set_default_instance
                0x000000000002aef5                rpl_get_default_instance
                0x000000000002aeff                rpl_free_instance
                0x000000000002afae                rpl_free_dag
                0x000000000002b02f                rpl_add_parent
                0x000000000002b0dc                rpl_find_parent
                0x000000000002b134                rpl_find_parent_any_dag
                0x000000000002b170                rpl_select_dag
                0x000000000002b567                rpl_select_parent
                0x000000000002b641                rpl_remove_parent
                0x000000000002b668                rpl_nullify_parent
                0x000000000002b729                rpl_move_parent
                0x000000000002b7e1                rpl_has_downward_route
                0x000000000002b834                rpl_get_dag
                0x000000000002b920                rpl_get_any_dag
                0x000000000002b982                rpl_get_instance
                0x000000000002b9e5                rpl_find_of
                0x000000000002ba22                rpl_join_instance
                0x000000000002bce2                rpl_add_dag
                0x000000000002c0b2                rpl_local_repair
                0x000000000002c18a                rpl_recalculate_ranks
                0x000000000002c210                rpl_process_parent_event
                0x000000000002c33d                rpl_process_dio
 .text          0x000000000002c817      0x9cf obj_cooja/mtype663.a(rpl-ext-header.)
                0x000000000002c834                rpl_verify_hbh_header
                0x000000000002cfb7                rpl_remove_header
                0x000000000002d11a                rpl_update_header
 .text          0x000000000002d1e6     0x1b37 obj_cooja/mtype663.a(rpl-icmp6.o)
                0x000000000002d445                rpl_icmp6_update_nbr_table
                0x000000000002d535                dis_output
                0x000000000002db6e                dio_output
                0x000000000002e8cc                dao_output
                0x000000000002e987                dao_output_target
                0x000000000002ecd1                dao_ack_output
                0x000000000002ece5                rpl_icmp6_register_handlers
 .text          0x000000000002ed1d      0x2e9 obj_cooja/mtype663.a(rpl-mrhof.o)
 .text          0x000000000002f006      0x884 obj_cooja/mtype663.a(rpl-timers.o)
                0x000000000002f296                rpl_reset_periodic_timer
                0x000000000002f2eb                rpl_reset_dio_timer
                0x000000000002f512                rpl_schedule_dao
                0x000000000002f52d                rpl_schedule_dao_immediately
                0x000000000002f548                rpl_cancel_dao
                0x000000000002f5aa                rpl_schedule_unicast_dio_immediately
                0x000000000002f5da                get_probing_delay
                0x000000000002f659                get_probing_target
                0x000000000002f850                rpl_schedule_probing
 .text          0x000000000002f88a      0x56a obj_cooja/mtype663.a(rpl.o)
                0x000000000002f88a                rpl_get_mode
                0x000000000002f894                rpl_set_mode
                0x000000000002f922                rpl_purge_routes
                0x000000000002fa27                rpl_remove_routes
                0x000000000002fa6d                rpl_remove_routes_by_nexthop
                0x000000000002face                rpl_add_route
                0x000000000002fb61                rpl_link_neighbor_callback
                0x000000000002fc2b                rpl_ipv6_neighbor_callback
                0x000000000002fc9a                rpl_purge_dags
                0x000000000002fd7c                rpl_init
 .text          0x000000000002fdf4      0x33d obj_cooja/mtype663.a(link-stats.o)
                0x000000000002fe0e                link_stats_from_lladdr
                0x000000000002fe2a                link_stats_is_fresh
                0x000000000002fe63                guess_etx_from_rssi
                0x000000000002fedf                link_stats_packet_sent
                0x000000000002ffed                link_stats_input_callback
                0x00000000000300f0                link_stats_init
 .text          0x0000000000030131       0x67 obj_cooja/mtype663.a(linkaddr.o)
                0x0000000000030131                linkaddr_copy
                0x0000000000030153                linkaddr_cmp
                0x000000000003017d                linkaddr_set_node_addr
 .text          0x0000000000030198      0x837 obj_cooja/mtype663.a(nbr-table.o)
                0x0000000000030607                nbr_table_register
                0x000000000003064f                nbr_table_is_register
                0x0000000000030677                nbr_table_head
                0x00000000000306d3                nbr_table_next
                0x000000000003073a                nbr_table_add_lladdr
                0x0000000000030816                nbr_table_get_from_lladdr
                0x0000000000030863                nbr_table_remove
                0x00000000000308b5                nbr_table_lock
                0x00000000000308df                nbr_table_unlock
                0x0000000000030909                nbr_table_get_lladdr
                0x0000000000030939                nbr_table_update_lladdr
 .text          0x00000000000309cf       0x5f obj_cooja/mtype663.a(net-debug.o)
                0x00000000000309cf                net_debug_lladdr_print
 .text          0x0000000000030a2e       0x2b obj_cooja/mtype663.a(netstack.o)
                0x0000000000030a2e                netstack_init
 .text          0x0000000000030a59      0x3e0 obj_cooja/mtype663.a(packetbuf.o)
                0x0000000000030a59                packetbuf_clear
                0x0000000000030a83                packetbuf_copyfrom
                0x0000000000030ad5                packetbuf_compact
                0x0000000000030b52                packetbuf_copyto
                0x0000000000030be9                packetbuf_hdralloc
                0x0000000000030c66                packetbuf_hdrreduce
                0x0000000000030cae                packetbuf_set_datalen
                0x0000000000030cc7                packetbuf_dataptr
                0x0000000000030ce4                packetbuf_hdrptr
                0x0000000000030cee                packetbuf_datalen
                0x0000000000030cfa                packetbuf_hdrlen
                0x0000000000030d11                packetbuf_totlen
                0x0000000000030d27                packetbuf_remaininglen
                0x0000000000030d3a                packetbuf_attr_clear
                0x0000000000030d8c                packetbuf_attr_copyto
                0x0000000000030dd5                packetbuf_attr_copyfrom
                0x0000000000030e1d                packetbuf_holds_broadcast
 .text          0x0000000000030e39      0x2b7 obj_cooja/mtype663.a(queuebuf.o)
                0x0000000000030e43                queuebuf_init
                0x0000000000030e63                queuebuf_numfree
                0x0000000000030e77                queuebuf_new_from_packetbuf
                0x0000000000030f07                queuebuf_update_attr_from_packetbuf
                0x0000000000030f3a                queuebuf_update_from_packetbuf
                0x0000000000030f84                queuebuf_free
                0x0000000000030fcb                queuebuf_to_packetbuf
                0x0000000000031031                queuebuf_dataptr
                0x0000000000031068                queuebuf_datalen
                0x000000000003108b                queuebuf_addr
                0x00000000000310c0                queuebuf_attr
                0x00000000000310eb                queuebuf_debug_print
 .text          0x00000000000310f0      0xa8d obj_cooja/mtype663.a(frame802154.o)
                0x0000000000031121                frame802154_get_pan_id
                0x000000000003112d                frame802154_set_pan_id
                0x0000000000031146                frame802154_has_panid
                0x00000000000312f3                frame802154_check_dest_panid
                0x0000000000031362                frame802154_is_broadcast_addr
                0x00000000000313af                frame802154_extract_linkaddr
                0x00000000000315ef                frame802154_hdrlen
                0x0000000000031640                frame802154_create_fcf
                0x00000000000316f7                frame802154_create
                0x0000000000031844                frame802154_parse_fcf
                0x00000000000318fd                frame802154_parse
 .text          0x0000000000031b7d      0xf40 obj_cooja/mtype663.a(frame802154e-ie)
                0x0000000000031c86                frame80215e_create_ie_header_ack_nack_time_correction
                0x0000000000031d10                frame80215e_create_ie_header_list_termination_1
                0x0000000000031d58                frame80215e_create_ie_header_list_termination_2
                0x0000000000031da0                frame80215e_create_ie_payload_list_termination
                0x0000000000031de8                frame80215e_create_ie_ietf
                0x0000000000031e31                frame80215e_create_ie_mlme
                0x0000000000031e7f                frame80215e_create_ie_tsch_synchronization
                0x0000000000031f2d                frame80215e_create_ie_tsch_slotframe_and_link
                0x000000000003210e                frame80215e_create_ie_tsch_timeslot
                0x00000000000321e1                frame80215e_create_ie_tsch_channel_hopping_sequence
                0x0000000000032769                frame802154e_parse_information_elements
 .text          0x0000000000032abd      0x408 obj_cooja/mtype663.a(framer-802154.o)
 .text          0x0000000000032ec5      0x19f obj_cooja/mtype663.a(mac-sequence.o)
                0x0000000000032efc                mac_sequence_is_duplicate
                0x0000000000032f9a                mac_sequence_register_seqno
 .text          0x0000000000033064       0x70 obj_cooja/mtype663.a(mac.o)
                0x0000000000033064                mac_call_sent_callback
 .text          0x00000000000330d4       0x32 obj_cooja/mtype663.a(nordc.o)
 .text          0x0000000000033106       0x6e obj_cooja/mtype663.a(nullsec.o)
 .text          0x0000000000033174      0x30b obj_cooja/mtype663.a(sixp-nbr.o)
                0x0000000000033174                sixp_nbr_find
                0x00000000000331b7                sixp_nbr_alloc
                0x000000000003328d                sixp_nbr_free
                0x00000000000332c9                sixp_nbr_get_next_seqno
                0x000000000003330e                sixp_nbr_set_next_seqno
                0x0000000000033361                sixp_nbr_reset_next_seqno
                0x00000000000333a8                sixp_nbr_increment_next_seqno
                0x000000000003340a                sixp_nbr_init
 .text          0x000000000003347f     0x18c5 obj_cooja/mtype663.a(sixp-pkt.o)
                0x0000000000033623                sixp_pkt_set_metadata
                0x00000000000336cf                sixp_pkt_get_metadata
                0x0000000000033797                sixp_pkt_set_cell_options
                0x0000000000033841                sixp_pkt_get_cell_options
                0x00000000000338ff                sixp_pkt_set_num_cells
                0x000000000003398c                sixp_pkt_get_num_cells
                0x0000000000033a4e                sixp_pkt_set_reserved
                0x0000000000033aff                sixp_pkt_get_reserved
                0x0000000000033b9d                sixp_pkt_set_offset
                0x0000000000033c68                sixp_pkt_get_offset
                0x0000000000033d36                sixp_pkt_set_max_num_cells
                0x0000000000033e01                sixp_pkt_get_max_num_cells
                0x0000000000033ecf                sixp_pkt_set_cell_list
                0x0000000000033fc8                sixp_pkt_get_cell_list
                0x00000000000340a9                sixp_pkt_set_rel_cell_list
                0x000000000003421a                sixp_pkt_get_rel_cell_list
                0x0000000000034354                sixp_pkt_set_cand_cell_list
                0x00000000000344a0                sixp_pkt_get_cand_cell_list
                0x00000000000345d9                sixp_pkt_set_total_num_cells
                0x000000000003467c                sixp_pkt_get_total_num_cells
                0x000000000003474b                sixp_pkt_set_payload
                0x000000000003480d                sixp_pkt_get_payload
                0x00000000000348eb                sixp_pkt_parse
                0x0000000000034bbc                sixp_pkt_create
 .text          0x0000000000034d44      0x8fc obj_cooja/mtype663.a(sixp-trans.o)
                0x000000000003503b                sixp_trans_transit_state
                0x0000000000035239                sixp_trans_get_cmd
                0x000000000003526e                sixp_trans_get_state
                0x00000000000352a3                sixp_trans_get_seqno
                0x00000000000352e8                sixp_trans_get_mode
                0x0000000000035329                sixp_trans_invoke_callback
                0x0000000000035394                sixp_trans_set_callback
                0x00000000000353e2                sixp_trans_alloc
                0x0000000000035561                sixp_trans_find
                0x00000000000355db                sixp_trans_init
 .text          0x0000000000035640      0xaa5 obj_cooja/mtype663.a(sixp.o)
                0x000000000003580d                sixp_input
                0x0000000000035d35                sixp_output
                0x00000000000360d3                sixp_init
 .text          0x00000000000360e5        0x0 obj_cooja/mtype663.a(rimestats.o)
 .text          0x00000000000360e5      0x3a7 obj_cooja/mtype663.a(tsch-adaptive-t)
                0x000000000003626d                tsch_timesync_update
                0x000000000003641f                tsch_timesync_adaptive_compensate
 .text          0x000000000003648c      0x3e8 obj_cooja/mtype663.a(tsch-log.o)
                0x000000000003648c                tsch_log_process_pending
                0x00000000000367cf                tsch_log_prepare_add
                0x0000000000036838                tsch_log_commit
                0x0000000000036858                tsch_log_init
 .text          0x0000000000036874      0x93c obj_cooja/mtype663.a(tsch-packet.o)
                0x0000000000036874                tsch_packet_create_eack
                0x00000000000369fd                tsch_packet_parse_eack
                0x0000000000036bba                tsch_packet_create_eb
                0x0000000000036f4f                tsch_packet_update_eb
                0x0000000000036fd1                tsch_packet_parse_eb
 .text          0x00000000000371b0      0x118 obj_cooja/mtype663.a(tsch-rpl.o)
                0x00000000000371b0                tsch_rpl_callback_joining_network
                0x00000000000371b5                tsch_rpl_callback_leaving_network
                0x00000000000371d9                tsch_rpl_callback_new_dio_interval
                0x000000000003729b                tsch_rpl_callback_parent_switch
 .text          0x00000000000372c8       0xa3 obj_cooja/mtype663.a(stimer.o)
                0x00000000000372c8                stimer_set
                0x00000000000372e3                stimer_reset
                0x00000000000372fa                stimer_restart
                0x000000000003730c                stimer_expired
                0x0000000000037333                stimer_remaining
                0x0000000000037357                stimer_elapsed
 .text          0x000000000003736b      0x92d obj_cooja/mtype663.a(uip-ds6-route.o)
                0x00000000000373e2                uip_ds6_notification_add
                0x0000000000037413                uip_ds6_notification_rm
                0x000000000003742f                uip_ds6_route_init
                0x00000000000374b7                uip_ds6_route_nexthop
                0x00000000000374df                uip_ds6_route_head
                0x00000000000374f4                uip_ds6_route_next
                0x000000000003751a                uip_ds6_route_is_nexthop
                0x0000000000037559                uip_ds6_route_num_routes
                0x0000000000037563                uip_ds6_route_lookup
                0x0000000000037625                uip_ds6_route_add
                0x000000000003785b                uip_ds6_route_rm
                0x00000000000379ef                uip_ds6_route_rm_by_nexthop
                0x0000000000037a27                uip_ds6_defrt_head
                0x0000000000037a3c                uip_ds6_defrt_add
                0x0000000000037aed                uip_ds6_defrt_rm
                0x0000000000037b6c                uip_ds6_defrt_lookup
                0x0000000000037bc5                uip_ds6_defrt_choose
                0x0000000000037c30                uip_ds6_defrt_periodic
 .text          0x0000000000037c98      0x8c8 obj_cooja/mtype663.a(uip-icmp6.o)
                0x0000000000037d06                uip_icmp6_input
                0x0000000000037d5c                uip_icmp6_register_input_handler
                0x0000000000037f3f                uip_icmp6_error_output
                0x000000000003827f                uip_icmp6_send
                0x00000000000384f3                uip_icmp6_echo_reply_callback_add
                0x0000000000038524                uip_icmp6_echo_reply_callback_rm
                0x0000000000038540                uip_icmp6_init
 .text          0x0000000000038560      0x6ac obj_cooja/mtype663.a(uip-nd6.o)
                0x0000000000038bf8                uip_nd6_init
 .text          0x0000000000038c0c      0x31d obj_cooja/mtype663.a(rpl-nbr-policy.)
                0x0000000000038ddc                find_removable_dis
                0x0000000000038e01                find_removable_dio
                0x0000000000038e82                find_removable_dao
                0x0000000000038ed2                rpl_nbr_policy_find_removable
 *fill*         0x0000000000038f29        0x7 
 .text          0x0000000000038f30      0x172 /usr/lib/gcc/i686-linux-gnu/4.8/libgcc.a(_divdi3.o)
                0x0000000000038f30                __divdi3
 *fill*         0x00000000000390a2        0xe 
 .text          0x00000000000390b0      0x124 /usr/lib/gcc/i686-linux-gnu/4.8/libgcc.a(_udivdi3.o)
                0x00000000000390b0                __udivdi3
 .text          0x00000000000391d4        0x0 /usr/lib/gcc/i686-linux-gnu/4.8/crtendS.o
 .text          0x00000000000391d4        0x0 /usr/lib/gcc/i686-linux-gnu/4.8/../../../i386-linux-gnu/crtn.o
 *(.gnu.warning)

.fini           0x00000000000391d4       0x14
 *(SORT(.fini))
 .fini          0x00000000000391d4        0xf /usr/lib/gcc/i686-linux-gnu/4.8/../../../i386-linux-gnu/crti.o
                0x00000000000391d4                _fini
 .fini          0x00000000000391e3        0x5 /usr/lib/gcc/i686-linux-gnu/4.8/../../../i386-linux-gnu/crtn.o
                0x00000000000391e8                PROVIDE (__etext, .)
                0x00000000000391e8                PROVIDE (_etext, .)
                0x00000000000391e8                PROVIDE (etext, .)

.rodata         0x0000000000039200     0x4806
 *(.rodata .rodata.* .gnu.linkonce.r.*)
 .rodata        0x0000000000039200      0x42b benchmark_app.co
                0x0000000000039200                DEFAULT_SERVER_ADDRESS
                0x0000000000039220                autostart_processes
 *fill*         0x000000000003962b        0x1 
 .rodata        0x000000000003962c      0x133 obj_cooja/mtype663.o
 *fill*         0x000000000003975f        0x1 
 .rodata        0x0000000000039760       0x53 obj_cooja/idip.o
 .rodata        0x00000000000397b3      0x11b obj_cooja/statistics.o
 *fill*         0x00000000000398ce        0x2 
 .rodata        0x00000000000398d0       0x31 obj_cooja/neighbor-quality.o
 *fill*         0x0000000000039901       0x1f 
 .rodata        0x0000000000039920       0x40 obj_cooja/contikimac.o
                0x0000000000039940                contikimac_driver
 .rodata        0x0000000000039960        0xc obj_cooja/contikimac-framer.o
                0x0000000000039960                contikimac_framer
 .rodata        0x000000000003996c       0x20 obj_cooja/chacha.o
 .rodata        0x000000000003998c       0x6c obj_cooja/simplesec.o
                0x00000000000399dc                simplesec_driver
                0x00000000000399ec                simplesec_framer
 .rodata        0x00000000000399f8      0x23b obj_cooja/mtype663.a(sixtop.o)
 *fill*         0x0000000000039c33        0x1 
 .rodata        0x0000000000039c34      0x4b8 obj_cooja/mtype663.a(sfsb.o)
                0x000000000003a0d8                sfsb_driver
 .rodata        0x000000000003a0ec      0x1eb obj_cooja/mtype663.a(blacklist.o)
 .rodata        0x000000000003a2d7       0x15 obj_cooja/mtype663.a(neighbors.o)
 .rodata        0x000000000003a2ec        0x8 obj_cooja/mtype663.a(beep.o)
                0x000000000003a2ec                beep_interface
 .rodata        0x000000000003a2f4       0x20 obj_cooja/mtype663.a(button-sensor.o)
                0x000000000003a2f4                button_interface
                0x000000000003a304                button_sensor
 .rodata        0x000000000003a314        0x8 obj_cooja/mtype663.a(leds-arch.o)
                0x000000000003a314                leds_interface
 .rodata        0x000000000003a31c        0x8 obj_cooja/mtype663.a(moteid.o)
                0x000000000003a31c                moteid_interface
 .rodata        0x000000000003a324       0x1c obj_cooja/mtype663.a(pir-sensor.o)
                0x000000000003a324                pir_interface
                0x000000000003a330                pir_sensor
 .rodata        0x000000000003a340        0xe obj_cooja/mtype663.a(rs232.o)
                0x000000000003a340                rs232_interface
 *fill*         0x000000000003a34e        0x2 
 .rodata        0x000000000003a350       0x24 obj_cooja/mtype663.a(vib-sensor.o)
                0x000000000003a350                vib_interface
                0x000000000003a364                vib_sensor
 .rodata        0x000000000003a374        0x8 obj_cooja/mtype663.a(clock.o)
                0x000000000003a374                clock_interface
 .rodata        0x000000000003a37c        0x8 obj_cooja/mtype663.a(log.o)
                0x000000000003a37c                simlog_interface
 .rodata        0x000000000003a384       0x2f obj_cooja/mtype663.a(cfs-cooja.o)
                0x000000000003a384                cfs_interface
 *fill*         0x000000000003a3b3        0xd 
 .rodata        0x000000000003a3c0       0x58 obj_cooja/mtype663.a(cooja-radio.o)
                0x000000000003a3c0                radio_interface
                0x000000000003a3e0                cooja_radio_driver
 .rodata        0x000000000003a418        0x8 obj_cooja/mtype663.a(eeprom.o)
                0x000000000003a418                eeprom_interface
 .rodata        0x000000000003a420        0x8 obj_cooja/mtype663.a(sensors.o)
 .rodata        0x000000000003a428       0xe5 obj_cooja/mtype663.a(tsch-queue.o)
 *fill*         0x000000000003a50d        0x3 
 .rodata        0x000000000003a510      0x1fd obj_cooja/mtype663.a(tsch-schedule.o)
 *fill*         0x000000000003a70d        0x3 
 .rodata        0x000000000003a710      0x101 obj_cooja/mtype663.a(tsch-slot-opera)
 *fill*         0x000000000003a811        0x3 
 .rodata        0x000000000003a814      0x760 obj_cooja/mtype663.a(tsch.o)
                0x000000000003a82c                tsch_broadcast_address
                0x000000000003a834                tsch_eb_address
                0x000000000003af58                tschmac_driver
 .rodata        0x000000000003af74        0xf obj_cooja/mtype663.a(ctimer.o)
 .rodata        0x000000000003af83        0xc obj_cooja/mtype663.a(etimer.o)
 .rodata        0x000000000003af8f        0xe obj_cooja/mtype663.a(serial-line.o)
 *fill*         0x000000000003af9d        0x3 
 .rodata        0x000000000003afa0       0x25 obj_cooja/mtype663.a(assert.o)
 *fill*         0x000000000003afc5        0x3 
 .rodata        0x000000000003afc8      0x8cc obj_cooja/mtype663.a(sicslowpan.o)
                0x000000000003b0a1                unc_llconf
                0x000000000003b0a5                unc_ctxconf
                0x000000000003b0a9                unc_mxconf
                0x000000000003b0ad                llprefix
                0x000000000003b888                sicslowpan_driver
 .rodata        0x000000000003b894      0x13c obj_cooja/mtype663.a(uip6.o)
 .rodata        0x000000000003b9d0       0x29 obj_cooja/mtype663.a(tcpip.o)
 .rodata        0x000000000003b9f9       0x2a obj_cooja/mtype663.a(uip-debug.o)
 *fill*         0x000000000003ba23        0x1 
 .rodata        0x000000000003ba24       0x89 obj_cooja/mtype663.a(rpl-dag.o)
 .rodata        0x000000000003baad        0x8 obj_cooja/mtype663.a(linkaddr.o)
                0x000000000003baad                linkaddr_null
 .rodata        0x000000000003bab5       0x16 obj_cooja/mtype663.a(net-debug.o)
 *fill*         0x000000000003bacb        0x1 
 .rodata        0x000000000003bacc        0xc obj_cooja/mtype663.a(framer-802154.o)
                0x000000000003bacc                framer_802154
 *fill*         0x000000000003bad8        0x8 
 .rodata        0x000000000003bae0       0x40 obj_cooja/mtype663.a(nordc.o)
                0x000000000003bb00                nordc_driver
 .rodata        0x000000000003bb20       0x18 obj_cooja/mtype663.a(nullsec.o)
                0x000000000003bb28                nullsec_driver
 .rodata        0x000000000003bb38      0x214 obj_cooja/mtype663.a(sixp-nbr.o)
 .rodata        0x000000000003bd4c     0x1084 obj_cooja/mtype663.a(sixp-pkt.o)
 .rodata        0x000000000003cdd0      0x30a obj_cooja/mtype663.a(sixp-trans.o)
 *fill*         0x000000000003d0da        0x2 
 .rodata        0x000000000003d0dc      0x75f obj_cooja/mtype663.a(sixp.o)
 *fill*         0x000000000003d83b        0x1 
 .rodata        0x000000000003d83c       0x30 obj_cooja/mtype663.a(tsch-adaptive-t)
 .rodata        0x000000000003d86c       0xb5 obj_cooja/mtype663.a(tsch-log.o)
 *fill*         0x000000000003d921        0x3 
 .rodata        0x000000000003d924       0xe2 obj_cooja/mtype663.a(tsch-packet.o)

.rodata1
 *(.rodata1)

.eh_frame_hdr   0x000000000003da08     0x1cac
 *(.eh_frame_hdr)
 .eh_frame_hdr  0x000000000003da08     0x1cac benchmark_app.co

.eh_frame       0x000000000003f6b4     0x75d4
 *(.eh_frame)
 .eh_frame      0x000000000003f6b4       0x3c /usr/lib/gcc/i686-linux-gnu/4.8/../../../i386-linux-gnu/crti.o
                                         0x40 (size before relaxing)
 .eh_frame      0x000000000003f6f0       0xf4 benchmark_app.co
                                        0x10c (size before relaxing)
 .eh_frame      0x000000000003f7e4      0x148 obj_cooja/mtype663.o
                                        0x160 (size before relaxing)
 .eh_frame      0x000000000003f92c       0xc4 obj_cooja/idip.o
                                         0xdc (size before relaxing)
 .eh_frame      0x000000000003f9f0       0xa0 obj_cooja/statistics.o
                                         0xb8 (size before relaxing)
 .eh_frame      0x000000000003fa90       0xe4 obj_cooja/neighbor-quality.o
                                         0xfc (size before relaxing)
 .eh_frame      0x000000000003fb74      0x320 obj_cooja/contikimac.o
                                        0x338 (size before relaxing)
 .eh_frame      0x000000000003fe94       0x84 obj_cooja/contikimac-framer.o
                                         0x9c (size before relaxing)
 .eh_frame      0x000000000003ff18      0x104 obj_cooja/chacha.o
                                        0x11c (size before relaxing)
 .eh_frame      0x000000000004001c      0x160 obj_cooja/simplesec.o
                                        0x178 (size before relaxing)
 .eh_frame      0x000000000004017c      0x140 obj_cooja/mtype663.a(sixtop.o)
                                        0x158 (size before relaxing)
 .eh_frame      0x00000000000402bc      0x268 obj_cooja/mtype663.a(sfsb.o)
                                        0x280 (size before relaxing)
 .eh_frame      0x0000000000040524      0x260 obj_cooja/mtype663.a(blacklist.o)
                                        0x278 (size before relaxing)
 .eh_frame      0x0000000000040784       0xe0 obj_cooja/mtype663.a(neighbors.o)
                                         0xf8 (size before relaxing)
 .eh_frame      0x0000000000040864       0x40 obj_cooja/mtype663.a(simEnvChange.o)
                                         0x58 (size before relaxing)
 .eh_frame      0x00000000000408a4       0xc0 obj_cooja/mtype663.a(cooja_mt.o)
                                         0xd8 (size before relaxing)
 .eh_frame      0x0000000000040964      0x120 obj_cooja/mtype663.a(cooja_mtarch.o)
                                        0x138 (size before relaxing)
 .eh_frame      0x0000000000040a84       0xc8 obj_cooja/mtype663.a(rtimer-arch.o)
                                         0xe0 (size before relaxing)
 .eh_frame      0x0000000000040b4c       0xa0 obj_cooja/mtype663.a(watchdog.o)
                                         0xb8 (size before relaxing)
 .eh_frame      0x0000000000040bec      0x160 obj_cooja/mtype663.a(beep.o)
                                        0x178 (size before relaxing)
 .eh_frame      0x0000000000040d4c       0xa0 obj_cooja/mtype663.a(button-sensor.o)
                                         0xb8 (size before relaxing)
 .eh_frame      0x0000000000040dec       0xa0 obj_cooja/mtype663.a(leds-arch.o)
                                         0xb8 (size before relaxing)
 .eh_frame      0x0000000000040e8c       0x40 obj_cooja/mtype663.a(moteid.o)
                                         0x58 (size before relaxing)
 .eh_frame      0x0000000000040ecc       0xa0 obj_cooja/mtype663.a(pir-sensor.o)
                                         0xb8 (size before relaxing)
 .eh_frame      0x0000000000040f6c      0x100 obj_cooja/mtype663.a(rs232.o)
                                        0x118 (size before relaxing)
 .eh_frame      0x000000000004106c       0xa0 obj_cooja/mtype663.a(vib-sensor.o)
                                         0xb8 (size before relaxing)
 .eh_frame      0x000000000004110c       0xc0 obj_cooja/mtype663.a(clock.o)
                                         0xd8 (size before relaxing)
 .eh_frame      0x00000000000411cc      0x120 obj_cooja/mtype663.a(log.o)
                                        0x138 (size before relaxing)
 .eh_frame      0x00000000000412ec      0x160 obj_cooja/mtype663.a(cfs-cooja.o)
                                        0x178 (size before relaxing)
 .eh_frame      0x000000000004144c      0x360 obj_cooja/mtype663.a(cooja-radio.o)
                                        0x378 (size before relaxing)
 .eh_frame      0x00000000000417ac       0xa0 obj_cooja/mtype663.a(eeprom.o)
                                         0xb8 (size before relaxing)
 .eh_frame      0x000000000004184c       0x40 obj_cooja/mtype663.a(random.o)
                                         0x58 (size before relaxing)
 .eh_frame      0x000000000004188c       0xc0 obj_cooja/mtype663.a(sensors.o)
                                         0xd8 (size before relaxing)
 .eh_frame      0x000000000004194c      0x2d8 obj_cooja/mtype663.a(tsch-queue.o)
                                        0x2f0 (size before relaxing)
 .eh_frame      0x0000000000041c24      0x1cc obj_cooja/mtype663.a(tsch-schedule.o)
                                        0x1e4 (size before relaxing)
 .eh_frame      0x0000000000041df0      0x268 obj_cooja/mtype663.a(tsch-slot-opera)
                                        0x280 (size before relaxing)
 .eh_frame      0x0000000000042058      0x408 obj_cooja/mtype663.a(tsch.o)
                                        0x420 (size before relaxing)
 .eh_frame      0x0000000000042460       0x40 obj_cooja/mtype663.a(autostart.o)
                                         0x58 (size before relaxing)
 .eh_frame      0x00000000000424a0      0x100 obj_cooja/mtype663.a(ctimer.o)
                                        0x118 (size before relaxing)
 .eh_frame      0x00000000000425a0      0x1e0 obj_cooja/mtype663.a(etimer.o)
                                        0x1f8 (size before relaxing)
 .eh_frame      0x0000000000042780      0x1c8 obj_cooja/mtype663.a(process.o)
                                        0x1e0 (size before relaxing)
 .eh_frame      0x0000000000042948       0x60 obj_cooja/mtype663.a(rtimer.o)
                                         0x78 (size before relaxing)
 .eh_frame      0x00000000000429a8       0xa4 obj_cooja/mtype663.a(timer.o)
                                         0xbc (size before relaxing)
 .eh_frame      0x0000000000042a4c       0x60 obj_cooja/mtype663.a(serial-line.o)
                                         0x78 (size before relaxing)
 .eh_frame      0x0000000000042aac       0x20 obj_cooja/mtype663.a(assert.o)
                                         0x38 (size before relaxing)
 .eh_frame      0x0000000000042acc       0x40 obj_cooja/mtype663.a(crc16.o)
                                         0x58 (size before relaxing)
 .eh_frame      0x0000000000042b0c      0x180 obj_cooja/mtype663.a(list.o)
                                        0x198 (size before relaxing)
 .eh_frame      0x0000000000042c8c       0xa0 obj_cooja/mtype663.a(memb.o)
                                         0xb8 (size before relaxing)
 .eh_frame      0x0000000000042d2c       0xa0 obj_cooja/mtype663.a(ringbuf.o)
                                         0xb8 (size before relaxing)
 .eh_frame      0x0000000000042dcc      0x120 obj_cooja/mtype663.a(ringbufindex.o)
                                        0x138 (size before relaxing)
 .eh_frame      0x0000000000042eec      0x350 obj_cooja/mtype663.a(sicslowpan.o)
                                        0x368 (size before relaxing)
 .eh_frame      0x000000000004323c      0x180 obj_cooja/mtype663.a(uip-ds6-nbr.o)
                                        0x198 (size before relaxing)
 .eh_frame      0x00000000000433bc      0x2c8 obj_cooja/mtype663.a(uip-ds6.o)
                                        0x2e0 (size before relaxing)
 .eh_frame      0x0000000000043684      0x27c obj_cooja/mtype663.a(uip6.o)
                                        0x294 (size before relaxing)
 .eh_frame      0x0000000000043900      0x270 obj_cooja/mtype663.a(tcpip.o)
                                        0x288 (size before relaxing)
 .eh_frame      0x0000000000043b70       0x28 obj_cooja/mtype663.a(uip-debug.o)
                                         0x40 (size before relaxing)
 .eh_frame      0x0000000000043b98       0xe0 obj_cooja/mtype663.a(uip-packetqueue)
                                         0xf8 (size before relaxing)
 .eh_frame      0x0000000000043c78       0x40 obj_cooja/mtype663.a(uip-udp-packet.)
                                         0x58 (size before relaxing)
 .eh_frame      0x0000000000043cb8      0x720 obj_cooja/mtype663.a(rpl-dag.o)
                                        0x738 (size before relaxing)
 .eh_frame      0x00000000000443d8       0xc0 obj_cooja/mtype663.a(rpl-ext-header.)
                                         0xd8 (size before relaxing)
 .eh_frame      0x0000000000044498      0x2b8 obj_cooja/mtype663.a(rpl-icmp6.o)
                                        0x2d0 (size before relaxing)
 .eh_frame      0x0000000000044750      0x124 obj_cooja/mtype663.a(rpl-mrhof.o)
                                        0x13c (size before relaxing)
 .eh_frame      0x0000000000044874      0x22c obj_cooja/mtype663.a(rpl-timers.o)
                                        0x244 (size before relaxing)
 .eh_frame      0x0000000000044aa0      0x140 obj_cooja/mtype663.a(rpl.o)
                                        0x158 (size before relaxing)
 .eh_frame      0x0000000000044be0      0x100 obj_cooja/mtype663.a(link-stats.o)
                                        0x118 (size before relaxing)
 .eh_frame      0x0000000000044ce0       0x60 obj_cooja/mtype663.a(linkaddr.o)
                                         0x78 (size before relaxing)
 .eh_frame      0x0000000000044d40      0x2cc obj_cooja/mtype663.a(nbr-table.o)
                                        0x2e4 (size before relaxing)
 .eh_frame      0x000000000004500c       0x20 obj_cooja/mtype663.a(net-debug.o)
                                         0x38 (size before relaxing)
 .eh_frame      0x000000000004502c       0x20 obj_cooja/mtype663.a(netstack.o)
                                         0x38 (size before relaxing)
 .eh_frame      0x000000000004504c      0x234 obj_cooja/mtype663.a(packetbuf.o)
                                        0x24c (size before relaxing)
 .eh_frame      0x0000000000045280      0x1a0 obj_cooja/mtype663.a(queuebuf.o)
                                        0x1b8 (size before relaxing)
 .eh_frame      0x0000000000045420      0x1a4 obj_cooja/mtype663.a(frame802154.o)
                                        0x1bc (size before relaxing)
 .eh_frame      0x00000000000455c4      0x250 obj_cooja/mtype663.a(frame802154e-ie)
                                        0x268 (size before relaxing)
 .eh_frame      0x0000000000045814      0x108 obj_cooja/mtype663.a(framer-802154.o)
                                        0x120 (size before relaxing)
 .eh_frame      0x000000000004591c       0x88 obj_cooja/mtype663.a(mac-sequence.o)
                                         0xa0 (size before relaxing)
 .eh_frame      0x00000000000459a4       0x20 obj_cooja/mtype663.a(mac.o)
                                         0x38 (size before relaxing)
 .eh_frame      0x00000000000459c4       0xe0 obj_cooja/mtype663.a(nordc.o)
                                         0xf8 (size before relaxing)
 .eh_frame      0x0000000000045aa4       0x80 obj_cooja/mtype663.a(nullsec.o)
                                         0x98 (size before relaxing)
 .eh_frame      0x0000000000045b24      0x100 obj_cooja/mtype663.a(sixp-nbr.o)
                                        0x118 (size before relaxing)
 .eh_frame      0x0000000000045c24      0x448 obj_cooja/mtype663.a(sixp-pkt.o)
                                        0x460 (size before relaxing)
 .eh_frame      0x000000000004606c      0x20c obj_cooja/mtype663.a(sixp-trans.o)
                                        0x224 (size before relaxing)
 .eh_frame      0x0000000000046278       0xb4 obj_cooja/mtype663.a(sixp.o)
                                         0xcc (size before relaxing)
 .eh_frame      0x000000000004632c       0xb4 obj_cooja/mtype663.a(tsch-adaptive-t)
                                         0xcc (size before relaxing)
 .eh_frame      0x00000000000463e0       0x90 obj_cooja/mtype663.a(tsch-log.o)
                                         0xa8 (size before relaxing)
 .eh_frame      0x0000000000046470       0xc4 obj_cooja/mtype663.a(tsch-packet.o)
                                         0xdc (size before relaxing)
 .eh_frame      0x0000000000046534       0x84 obj_cooja/mtype663.a(tsch-rpl.o)
                                         0x9c (size before relaxing)
 .eh_frame      0x00000000000465b8       0xc4 obj_cooja/mtype663.a(stimer.o)
                                         0xdc (size before relaxing)
 .eh_frame      0x000000000004667c      0x2c0 obj_cooja/mtype663.a(uip-ds6-route.o)
                                        0x2d8 (size before relaxing)
 .eh_frame      0x000000000004693c      0x15c obj_cooja/mtype663.a(uip-icmp6.o)
                                        0x174 (size before relaxing)
 .eh_frame      0x0000000000046a98       0x88 obj_cooja/mtype663.a(uip-nd6.o)
                                         0xa0 (size before relaxing)
 .eh_frame      0x0000000000046b20       0xc0 obj_cooja/mtype663.a(rpl-nbr-policy.)
                                         0xd8 (size before relaxing)
 .eh_frame      0x0000000000046be0       0x38 /usr/lib/gcc/i686-linux-gnu/4.8/libgcc.a(_divdi3.o)
                                         0x50 (size before relaxing)
 .eh_frame      0x0000000000046c18       0x6c /usr/lib/gcc/i686-linux-gnu/4.8/libgcc.a(_udivdi3.o)
                                         0x84 (size before relaxing)
 .eh_frame      0x0000000000046c84        0x4 /usr/lib/gcc/i686-linux-gnu/4.8/crtendS.o

.gcc_except_table
 *(.gcc_except_table .gcc_except_table.*)

.exception_ranges
 *(.exception_ranges .exception_ranges*)
                0x0000000000046c88                . = (ALIGN (0x1000) - ((0x1000 - .) & 0xfff))
                0x0000000000047ef8                . = DATA_SEGMENT_ALIGN (0x1000, 0x1000)

.eh_frame
 *(.eh_frame)

.gcc_except_table
 *(.gcc_except_table .gcc_except_table.*)

.exception_ranges
 *(.exception_ranges .exception_ranges*)

.tdata
 *(.tdata .tdata.* .gnu.linkonce.td.*)

.tbss
 *(.tbss .tbss.* .gnu.linkonce.tb.*)
 *(.tcommon)

.preinit_array
 *(.preinit_array)

.init_array     0x0000000000047ef8        0x4
 *(SORT(.init_array.*) SORT(.ctors.*))
 *(.init_array EXCLUDE_FILE(*crtend?.o *crtend.o *crtbegin?.o *crtbegin.o) .ctors)
 .init_array    0x0000000000047ef8        0x4 /usr/lib/gcc/i686-linux-gnu/4.8/crtbeginS.o

.fini_array     0x0000000000047efc        0x4
 *(SORT(.fini_array.*) SORT(.dtors.*))
 *(.fini_array EXCLUDE_FILE(*crtend?.o *crtend.o *crtbegin?.o *crtbegin.o) .dtors)
 .fini_array    0x0000000000047efc        0x4 /usr/lib/gcc/i686-linux-gnu/4.8/crtbeginS.o

.ctors
 *crtbegin.o(.ctors)
 *crtbegin?.o(.ctors)
 *(EXCLUDE_FILE(*crtend?.o *crtend.o) .ctors)
 *(SORT(.ctors.*))
 *(.ctors)

.dtors
 *crtbegin.o(.dtors)
 *crtbegin?.o(.dtors)
 *(EXCLUDE_FILE(*crtend?.o *crtend.o) .dtors)
 *(SORT(.dtors.*))
 *(.dtors)

.jcr            0x0000000000047f00        0x4
 *(.jcr)
 .jcr           0x0000000000047f00        0x0 /usr/lib/gcc/i686-linux-gnu/4.8/crtbeginS.o
 .jcr           0x0000000000047f00        0x4 /usr/lib/gcc/i686-linux-gnu/4.8/crtendS.o

.data.rel.ro
 *(.data.rel.ro.local* .gnu.linkonce.d.rel.ro.local.*)
 *(.data.rel.ro .data.rel.ro.* .gnu.linkonce.d.rel.ro.*)

.dynamic        0x0000000000047f04       0xe8
 *(.dynamic)
 .dynamic       0x0000000000047f04       0xe8 /usr/lib/gcc/i686-linux-gnu/4.8/../../../i386-linux-gnu/crti.o
                0x0000000000047f04                _DYNAMIC

.got            0x0000000000047fec       0x14
 *(.got)
 .got           0x0000000000047fec       0x14 /usr/lib/gcc/i686-linux-gnu/4.8/../../../i386-linux-gnu/crti.o
 *(.igot)
                0x0000000000048ff4                . = DATA_SEGMENT_RELRO_END (., (SIZEOF (.got.plt) >= 0xc)?0xc:0x0)

.got.plt        0x0000000000048000       0x14
 *(.got.plt)
 .got.plt       0x0000000000048000       0x14 /usr/lib/gcc/i686-linux-gnu/4.8/../../../i386-linux-gnu/crti.o
                0x0000000000048000                _GLOBAL_OFFSET_TABLE_
 *(.igot.plt)

.data           0x0000000000048020      0x39c
 *(.data .data.* .gnu.linkonce.d.*)
 .data          0x0000000000048020        0x0 /usr/lib/gcc/i686-linux-gnu/4.8/../../../i386-linux-gnu/crti.o
 .data          0x0000000000048020        0x0 /usr/lib/gcc/i686-linux-gnu/4.8/crtbeginS.o
 .data.rel      0x0000000000048020        0x4 /usr/lib/gcc/i686-linux-gnu/4.8/crtbeginS.o
                0x0000000000048020                __dso_handle
 .data          0x0000000000048024       0x24 benchmark_app.co
                0x0000000000048024                dag_id
                0x0000000000048038                benchmark_app
 *fill*         0x0000000000048048       0x18 
 .data          0x0000000000048060       0x44 obj_cooja/mtype663.o
                0x0000000000048060                simInterfaces
                0x0000000000048094                sensors
 .data          0x00000000000480a4        0x0 obj_cooja/idip.o
 *fill*         0x00000000000480a4       0x1c 
 .data          0x00000000000480c0       0x3c obj_cooja/statistics.o
                0x00000000000480c0                eventStrings
 .data          0x00000000000480fc        0x0 obj_cooja/neighbor-quality.o
 .data          0x00000000000480fc        0x0 obj_cooja/contikimac.o
 .data          0x00000000000480fc        0x0 obj_cooja/contikimac-framer.o
 .data          0x00000000000480fc        0x0 obj_cooja/chacha.o
 *fill*         0x00000000000480fc        0x4 
 .data          0x0000000000048100       0x22 obj_cooja/simplesec.o
 .data          0x0000000000048122        0x0 obj_cooja/mtype663.a(sixtop.o)
 .data          0x0000000000048122        0x0 obj_cooja/mtype663.a(sfsb.o)
 *fill*         0x0000000000048122        0x2 
 .data          0x0000000000048124       0x30 obj_cooja/mtype663.a(blacklist.o)
                0x0000000000048144                p_sfsb_bl_distribution
 .data          0x0000000000048154       0x10 obj_cooja/mtype663.a(neighbors.o)
 .data          0x0000000000048164        0x0 obj_cooja/mtype663.a(simEnvChange.o)
 .data          0x0000000000048164        0x0 obj_cooja/mtype663.a(cooja_mt.o)
 .data          0x0000000000048164        0x0 obj_cooja/mtype663.a(cooja_mtarch.o)
 .data          0x0000000000048164        0x0 obj_cooja/mtype663.a(rtimer-arch.o)
 .data          0x0000000000048164        0x0 obj_cooja/mtype663.a(watchdog.o)
 .data          0x0000000000048164        0x0 obj_cooja/mtype663.a(beep.o)
 .data          0x0000000000048164        0x0 obj_cooja/mtype663.a(button-sensor.o)
 .data          0x0000000000048164        0x0 obj_cooja/mtype663.a(leds-arch.o)
 .data          0x0000000000048164        0x0 obj_cooja/mtype663.a(moteid.o)
 .data          0x0000000000048164        0x0 obj_cooja/mtype663.a(pir-sensor.o)
 .data          0x0000000000048164        0x0 obj_cooja/mtype663.a(rs232.o)
 .data          0x0000000000048164        0x0 obj_cooja/mtype663.a(vib-sensor.o)
 .data          0x0000000000048164        0x0 obj_cooja/mtype663.a(clock.o)
 .data          0x0000000000048164        0x0 obj_cooja/mtype663.a(log.o)
 .data          0x0000000000048164        0x0 obj_cooja/mtype663.a(cfs-cooja.o)
 .data          0x0000000000048164       0x2c obj_cooja/mtype663.a(cooja-radio.o)
                0x0000000000048164                simRadioHWOn
                0x0000000000048168                simSignalStrength
                0x000000000004816c                simLastSignalStrength
                0x0000000000048170                simPower
                0x0000000000048174                simRadioChannel
                0x0000000000048178                simLQI
                0x0000000000048180                cooja_radio_process
 .data          0x0000000000048190        0x0 obj_cooja/mtype663.a(eeprom.o)
 .data          0x0000000000048190        0x0 obj_cooja/mtype663.a(random.o)
 .data          0x0000000000048190       0x10 obj_cooja/mtype663.a(sensors.o)
                0x0000000000048190                sensors_process
 .data          0x00000000000481a0       0x1c obj_cooja/mtype663.a(tsch-queue.o)
 .data          0x00000000000481bc       0x1c obj_cooja/mtype663.a(tsch-schedule.o)
 .data          0x00000000000481d8        0x4 obj_cooja/mtype663.a(tsch-slot-opera)
 .data          0x00000000000481dc       0x34 obj_cooja/mtype663.a(tsch.o)
                0x00000000000481dc                tsch_process
                0x00000000000481ec                tsch_send_eb_process
                0x00000000000481fc                tsch_pending_events_process
                0x000000000004820c                tsch_minimal_schedule_length
 .data          0x0000000000048210        0x0 obj_cooja/mtype663.a(autostart.o)
 .data          0x0000000000048210       0x14 obj_cooja/mtype663.a(ctimer.o)
                0x0000000000048214                ctimer_process
 .data          0x0000000000048224       0x10 obj_cooja/mtype663.a(etimer.o)
                0x0000000000048224                etimer_process
 .data          0x0000000000048234        0x0 obj_cooja/mtype663.a(process.o)
 .data          0x0000000000048234        0x0 obj_cooja/mtype663.a(rtimer.o)
 .data          0x0000000000048234        0x0 obj_cooja/mtype663.a(timer.o)
 .data          0x0000000000048234       0x10 obj_cooja/mtype663.a(serial-line.o)
                0x0000000000048234                serial_line_process
 .data          0x0000000000048244        0x0 obj_cooja/mtype663.a(assert.o)
 .data          0x0000000000048244        0x0 obj_cooja/mtype663.a(crc16.o)
 .data          0x0000000000048244        0x0 obj_cooja/mtype663.a(list.o)
 .data          0x0000000000048244        0x0 obj_cooja/mtype663.a(memb.o)
 .data          0x0000000000048244        0x0 obj_cooja/mtype663.a(ringbuf.o)
 .data          0x0000000000048244        0x0 obj_cooja/mtype663.a(ringbufindex.o)
 .data          0x0000000000048244        0x0 obj_cooja/mtype663.a(sicslowpan.o)
 .data          0x0000000000048244       0x14 obj_cooja/mtype663.a(uip-ds6-nbr.o)
                0x0000000000048254                ds6_neighbors
 .data          0x0000000000048258        0x0 obj_cooja/mtype663.a(uip-ds6.o)
 .data          0x0000000000048258        0x0 obj_cooja/mtype663.a(uip6.o)
 .data          0x0000000000048258       0x10 obj_cooja/mtype663.a(tcpip.o)
                0x0000000000048258                tcpip_process
 .data          0x0000000000048268        0x0 obj_cooja/mtype663.a(uip-debug.o)
 .data          0x0000000000048268        0xc obj_cooja/mtype663.a(uip-packetqueue)
 .data          0x0000000000048274        0x0 obj_cooja/mtype663.a(uip-udp-packet.)
 .data          0x0000000000048274       0x14 obj_cooja/mtype663.a(rpl-dag.o)
                0x0000000000048284                rpl_parents
 .data          0x0000000000048288        0x0 obj_cooja/mtype663.a(rpl-ext-header.)
 .data          0x0000000000048288       0x34 obj_cooja/mtype663.a(rpl-icmp6.o)
 *fill*         0x00000000000482bc        0x4 
 .data          0x00000000000482c0       0x24 obj_cooja/mtype663.a(rpl-mrhof.o)
                0x00000000000482c0                rpl_mrhof
 .data          0x00000000000482e4        0x0 obj_cooja/mtype663.a(rpl-timers.o)
 .data          0x00000000000482e4        0x0 obj_cooja/mtype663.a(rpl.o)
 .data          0x00000000000482e4       0x14 obj_cooja/mtype663.a(link-stats.o)
 .data          0x00000000000482f8        0x0 obj_cooja/mtype663.a(linkaddr.o)
 .data          0x00000000000482f8       0x10 obj_cooja/mtype663.a(nbr-table.o)
 .data          0x0000000000048308        0x0 obj_cooja/mtype663.a(net-debug.o)
 .data          0x0000000000048308        0x0 obj_cooja/mtype663.a(netstack.o)
 .data          0x0000000000048308        0x4 obj_cooja/mtype663.a(packetbuf.o)
 .data          0x000000000004830c       0x18 obj_cooja/mtype663.a(queuebuf.o)
 .data          0x0000000000048324        0x2 obj_cooja/mtype663.a(frame802154.o)
 .data          0x0000000000048326        0x0 obj_cooja/mtype663.a(frame802154e-ie)
 .data          0x0000000000048326        0x0 obj_cooja/mtype663.a(framer-802154.o)
 .data          0x0000000000048326        0x0 obj_cooja/mtype663.a(mac-sequence.o)
 .data          0x0000000000048326        0x0 obj_cooja/mtype663.a(mac.o)
 .data          0x0000000000048326        0x0 obj_cooja/mtype663.a(nordc.o)
 .data          0x0000000000048326        0x0 obj_cooja/mtype663.a(nullsec.o)
 *fill*         0x0000000000048326        0x2 
 .data          0x0000000000048328       0x14 obj_cooja/mtype663.a(sixp-nbr.o)
 .data          0x000000000004833c        0x0 obj_cooja/mtype663.a(sixp-pkt.o)
 .data          0x000000000004833c       0x10 obj_cooja/mtype663.a(sixp-trans.o)
 .data          0x000000000004834c        0x0 obj_cooja/mtype663.a(sixp.o)
 .data          0x000000000004834c        0x0 obj_cooja/mtype663.a(rimestats.o)
 .data          0x000000000004834c        0x0 obj_cooja/mtype663.a(tsch-adaptive-t)
 .data          0x000000000004834c        0x0 obj_cooja/mtype663.a(tsch-log.o)
 .data          0x000000000004834c        0x0 obj_cooja/mtype663.a(tsch-packet.o)
 .data          0x000000000004834c        0x0 obj_cooja/mtype663.a(tsch-rpl.o)
 .data          0x000000000004834c        0x0 obj_cooja/mtype663.a(stimer.o)
 .data          0x000000000004834c       0x44 obj_cooja/mtype663.a(uip-ds6-route.o)
                0x000000000004835c                nbr_routes
 .data          0x0000000000048390       0x20 obj_cooja/mtype663.a(uip-icmp6.o)
 .data          0x00000000000483b0        0xc obj_cooja/mtype663.a(uip-nd6.o)
 .data          0x00000000000483bc        0x0 obj_cooja/mtype663.a(rpl-nbr-policy.)
 .data          0x00000000000483bc        0x0 /usr/lib/gcc/i686-linux-gnu/4.8/libgcc.a(_divdi3.o)
 .data          0x00000000000483bc        0x0 /usr/lib/gcc/i686-linux-gnu/4.8/libgcc.a(_udivdi3.o)
 .data          0x00000000000483bc        0x0 /usr/lib/gcc/i686-linux-gnu/4.8/crtendS.o
 .data          0x00000000000483bc        0x0 /usr/lib/gcc/i686-linux-gnu/4.8/../../../i386-linux-gnu/crtn.o

.tm_clone_table
                0x00000000000483bc        0x0
 .tm_clone_table
                0x00000000000483bc        0x0 /usr/lib/gcc/i686-linux-gnu/4.8/crtbeginS.o
 .tm_clone_table
                0x00000000000483bc        0x0 /usr/lib/gcc/i686-linux-gnu/4.8/crtendS.o

.data1
 *(.data1)
                0x00000000000483bc                _edata = .
                0x00000000000483bc                PROVIDE (edata, .)
                0x00000000000483bc                . = .
                0x00000000000483bc                __bss_start = .

.bss            0x00000000000483c0    0x1b9e8
 *(.dynbss)
 .dynbss        0x0000000000000000        0x0 /usr/lib/gcc/i686-linux-gnu/4.8/../../../i386-linux-gnu/crti.o
 *(.bss .bss.* .gnu.linkonce.b.*)
 .bss           0x00000000000483c0        0x0 /usr/lib/gcc/i686-linux-gnu/4.8/../../../i386-linux-gnu/crti.o
 .bss           0x00000000000483c0        0x1 /usr/lib/gcc/i686-linux-gnu/4.8/crtbeginS.o
 *fill*         0x00000000000483c1       0x1f 
 .bss           0x00000000000483e0      0x178 benchmark_app.co
                0x00000000000483e0                sfsb_channels
 *fill*         0x0000000000048558        0x8 
 .bss           0x0000000000048560     0x2030 obj_cooja/mtype663.o
 *fill*         0x000000000004a590       0x10 
 .bss           0x000000000004a5a0      0x190 obj_cooja/idip.o
 *fill*         0x000000000004a730       0x10 
 .bss           0x000000000004a740       0x38 obj_cooja/statistics.o
 .bss           0x000000000004a778       0x10 obj_cooja/neighbor-quality.o
 *fill*         0x000000000004a788       0x18 
 .bss           0x000000000004a7a0       0x80 obj_cooja/contikimac.o
 .bss           0x000000000004a820        0x0 obj_cooja/contikimac-framer.o
 .bss           0x000000000004a820        0x0 obj_cooja/chacha.o
 .bss           0x000000000004a820      0x1c0 obj_cooja/simplesec.o
 .bss           0x000000000004a9e0        0x0 obj_cooja/mtype663.a(sixtop.o)
 .bss           0x000000000004a9e0       0x31 obj_cooja/mtype663.a(sfsb.o)
                0x000000000004a9e0                already_init
 *fill*         0x000000000004aa11        0xf 
 .bss           0x000000000004aa20      0xac4 obj_cooja/mtype663.a(blacklist.o)
 *fill*         0x000000000004b4e4       0x1c 
 .bss           0x000000000004b500      0x254 obj_cooja/mtype663.a(neighbors.o)
 .bss           0x000000000004b754        0x1 obj_cooja/mtype663.a(simEnvChange.o)
                0x000000000004b754                simDontFallAsleep
 *fill*         0x000000000004b755        0x3 
 .bss           0x000000000004b758        0x4 obj_cooja/mtype663.a(cooja_mt.o)
 .bss           0x000000000004b75c        0x4 obj_cooja/mtype663.a(cooja_mtarch.o)
 .bss           0x000000000004b760        0x0 obj_cooja/mtype663.a(rtimer-arch.o)
 .bss           0x000000000004b760        0x0 obj_cooja/mtype663.a(watchdog.o)
 .bss           0x000000000004b760        0x0 obj_cooja/mtype663.a(beep.o)
 .bss           0x000000000004b760        0x8 obj_cooja/mtype663.a(button-sensor.o)
 .bss           0x000000000004b768        0x0 obj_cooja/mtype663.a(leds-arch.o)
 .bss           0x000000000004b768        0x0 obj_cooja/mtype663.a(moteid.o)
 .bss           0x000000000004b768        0x1 obj_cooja/mtype663.a(pir-sensor.o)
                0x000000000004b768                simPirValue
 *fill*         0x000000000004b769        0x3 
 .bss           0x000000000004b76c        0x4 obj_cooja/mtype663.a(rs232.o)
 .bss           0x000000000004b770        0x1 obj_cooja/mtype663.a(vib-sensor.o)
                0x000000000004b770                simVibValue
 .bss           0x000000000004b771        0x0 obj_cooja/mtype663.a(clock.o)
 *fill*         0x000000000004b771        0xf 
 .bss           0x000000000004b780      0x420 obj_cooja/mtype663.a(log.o)
 .bss           0x000000000004bba0      0xfc0 obj_cooja/mtype663.a(cfs-cooja.o)
                0x000000000004bba0                simCFSData
                0x000000000004cb40                simCFSSize
                0x000000000004cb44                simCFSChanged
                0x000000000004cb48                simCFSRead
                0x000000000004cb4c                simCFSWritten
 .bss           0x000000000004cb60       0x24 obj_cooja/mtype663.a(cooja-radio.o)
                0x000000000004cb60                simReceiving
                0x000000000004cb64                simInSize
                0x000000000004cb68                simLastPacketTimestamp
                0x000000000004cb70                simOutSize
 .bss           0x000000000004cb84        0xc obj_cooja/mtype663.a(eeprom.o)
                0x000000000004cb84                simEEPROMChanged
                0x000000000004cb88                simEEPROMRead
                0x000000000004cb8c                simEEPROMWritten
 .bss           0x000000000004cb90        0x0 obj_cooja/mtype663.a(random.o)
 .bss           0x000000000004cb90        0xc obj_cooja/mtype663.a(sensors.o)
 *fill*         0x000000000004cb9c        0x4 
 .bss           0x000000000004cba0     0x6a34 obj_cooja/mtype663.a(tsch-queue.o)
 *fill*         0x00000000000535d4        0xc 
 .bss           0x00000000000535e0      0x498 obj_cooja/mtype663.a(tsch-schedule.o)
 *fill*         0x0000000000053a78        0x8 
 .bss           0x0000000000053a80      0x198 obj_cooja/mtype663.a(tsch-slot-opera)
                0x0000000000053a80                last_timesource_neighbor
                0x0000000000053a84                current_link
 *fill*         0x0000000000053c18        0x8 
 .bss           0x0000000000053c20      0x108 obj_cooja/mtype663.a(tsch.o)
                0x0000000000053c20                tsch_is_started
                0x0000000000053c24                tsch_is_initialized
                0x0000000000053c28                tsch_is_coordinator
                0x0000000000053c2c                tsch_is_associated
                0x0000000000053c30                tsch_is_pan_secured
 .bss           0x0000000000053d28        0x0 obj_cooja/mtype663.a(autostart.o)
 .bss           0x0000000000053d28        0x5 obj_cooja/mtype663.a(ctimer.o)
 *fill*         0x0000000000053d2d        0x3 
 .bss           0x0000000000053d30        0x8 obj_cooja/mtype663.a(etimer.o)
 *fill*         0x0000000000053d38        0x8 
 .bss           0x0000000000053d40      0x1a1 obj_cooja/mtype663.a(process.o)
                0x0000000000053d40                process_list
                0x0000000000053d44                process_current
 *fill*         0x0000000000053ee1        0x3 
 .bss           0x0000000000053ee4        0x4 obj_cooja/mtype663.a(rtimer.o)
 .bss           0x0000000000053ee8        0x0 obj_cooja/mtype663.a(timer.o)
 *fill*         0x0000000000053ee8       0x18 
 .bss           0x0000000000053f00      0x140 obj_cooja/mtype663.a(serial-line.o)
 .bss           0x0000000000054040        0x0 obj_cooja/mtype663.a(assert.o)
 .bss           0x0000000000054040        0x0 obj_cooja/mtype663.a(crc16.o)